[      92ms] [WARNING] <meta name="apple-mobile-web-app-capable" content="yes"> is deprecated. Please include <meta name="mobile-web-app-capable" content="yes"> @ http://127.0.0.1:8765/src/content/docs/goodthinking-isp/00-clinet_document/google-slides-cs-system-presentation-detailed.html:0
[     104ms] [VERBOSE] Rendering was performed in a subtree hidden by content-visibility. @ :3102
[     104ms] [VERBOSE] Rendering was performed in a subtree hidden by content-visibility. @ :3102
[     106ms] [VERBOSE] Rendering was performed in a subtree hidden by content-visibility. @ :3102
[     106ms] [VERBOSE] Rendering was performed in a subtree hidden by content-visibility. @ :3102
[     107ms] [VERBOSE] Rendering was performed in a subtree hidden by content-visibility. @ :3102
[     107ms] [VERBOSE] Rendering was performed in a subtree hidden by content-visibility. @ :3102
[     107ms] [VERBOSE] Rendering was performed in a subtree hidden by content-visibility. @ :3102
[     107ms] [VERBOSE] Rendering was performed in a subtree hidden by content-visibility. @ :3102
[     108ms] [VERBOSE] Rendering was performed in a subtree hidden by content-visibility. @ :3102
[     108ms] [VERBOSE] Rendering was performed in a subtree hidden by content-visibility. @ :3102
[     109ms] [VERBOSE] Rendering was performed in a subtree hidden by content-visibility. @ :3102
[     109ms] [VERBOSE] Rendering was performed in a subtree hidden by content-visibility. @ :3102
[     109ms] [VERBOSE] Rendering was performed in a subtree hidden by content-visibility. @ :3102
[     109ms] [VERBOSE] Rendering was performed in a subtree hidden by content-visibility. @ :3102
[     109ms] [VERBOSE] Rendering was performed in a subtree hidden by content-visibility. @ :3102
[     110ms] [VERBOSE] Rendering was performed in a subtree hidden by content-visibility. @ :3102
[     110ms] [VERBOSE] Rendering was performed in a subtree hidden by content-visibility. @ :3102
[     110ms] [VERBOSE] Rendering was performed in a subtree hidden by content-visibility. @ :3102
[     110ms] [VERBOSE] Rendering was performed in a subtree hidden by content-visibility. @ :3102
[     111ms] [VERBOSE] Rendering was performed in a subtree hidden by content-visibility. @ :3102
[     111ms] [VERBOSE] Rendering was performed in a subtree hidden by content-visibility. @ :3102
[     111ms] [VERBOSE] Rendering was performed in a subtree hidden by content-visibility. @ :3102
[     112ms] [VERBOSE] Rendering was performed in a subtree hidden by content-visibility. @ :3102
[     112ms] [VERBOSE] Rendering was performed in a subtree hidden by content-visibility. @ :3102
[     112ms] [VERBOSE] Rendering was performed in a subtree hidden by content-visibility. @ :3102
[     113ms] [VERBOSE] Rendering was performed in a subtree hidden by content-visibility. @ :3102
[     113ms] [VERBOSE] Rendering was performed in a subtree hidden by content-visibility. @ :3102
[     113ms] [VERBOSE] Rendering was performed in a subtree hidden by content-visibility. @ :3102
[     114ms] [VERBOSE] Rendering was performed in a subtree hidden by content-visibility. @ :3102
[     114ms] [VERBOSE] Rendering was performed in a subtree hidden by content-visibility. @ :3102
[     114ms] [VERBOSE] Rendering was performed in a subtree hidden by content-visibility. @ :3102
[     114ms] [VERBOSE] Rendering was performed in a subtree hidden by content-visibility. @ :3102
[     114ms] [VERBOSE] Rendering was performed in a subtree hidden by content-visibility. @ :3102
[     114ms] [VERBOSE] Rendering was performed in a subtree hidden by content-visibility. @ :3102
[     182ms] [VERBOSE] Rendering was performed in a subtree hidden by content-visibility. @ :3102
[     183ms] [VERBOSE] Rendering was performed in a subtree hidden by content-visibility. @ :3102
[     183ms] [VERBOSE] Rendering was performed in a subtree hidden by content-visibility. @ :3102
[     183ms] [VERBOSE] Rendering was performed in a subtree hidden by content-visibility. @ :3102
[     184ms] [VERBOSE] Rendering was performed in a subtree hidden by content-visibility. @ :3102
[     184ms] [VERBOSE] Rendering was performed in a subtree hidden by content-visibility. @ :3102
[     184ms] [VERBOSE] Rendering was performed in a subtree hidden by content-visibility. @ :3102
[     185ms] [VERBOSE] Rendering was performed in a subtree hidden by content-visibility. @ :3102
[     185ms] [VERBOSE] Rendering was performed in a subtree hidden by content-visibility. @ :3102
[     185ms] [VERBOSE] Rendering was performed in a subtree hidden by content-visibility. @ :3102
[     186ms] [VERBOSE] Rendering was performed in a subtree hidden by content-visibility. @ :3102
[     186ms] [VERBOSE] Rendering was performed in a subtree hidden by content-visibility. @ :3102
[     186ms] [VERBOSE] Rendering was performed in a subtree hidden by content-visibility. @ :3102
[     187ms] [VERBOSE] Rendering was performed in a subtree hidden by content-visibility. @ :3102
[     187ms] [VERBOSE] Rendering was performed in a subtree hidden by content-visibility. @ :3102
[     187ms] [VERBOSE] Rendering was performed in a subtree hidden by content-visibility. @ :3102
[     188ms] [VERBOSE] Rendering was performed in a subtree hidden by content-visibility. @ :3102
[   23780ms] [WARNING] <meta name="apple-mobile-web-app-capable" content="yes"> is deprecated. Please include <meta name="mobile-web-app-capable" content="yes"> @ http://127.0.0.1:8765/src/content/docs/goodthinking-isp/00-clinet_document/google-slides-cs-system-presentation-detailed.html:0
[   25360ms] [VERBOSE] Rendering was performed in a subtree hidden by content-visibility. @ :3102
[   25362ms] [VERBOSE] Rendering was performed in a subtree hidden by content-visibility. @ :3102
[   25363ms] [VERBOSE] Rendering was performed in a subtree hidden by content-visibility. @ :3102
[   25364ms] [VERBOSE] Rendering was performed in a subtree hidden by content-visibility. @ :3102
[   25364ms] [VERBOSE] Rendering was performed in a subtree hidden by content-visibility. @ :3102
[   25365ms] [VERBOSE] Rendering was performed in a subtree hidden by content-visibility. @ :3102
[   25365ms] [VERBOSE] Rendering was performed in a subtree hidden by content-visibility. @ :3102
[   25366ms] [VERBOSE] Rendering was performed in a subtree hidden by content-visibility. @ :3102
[   25366ms] [VERBOSE] Rendering was performed in a subtree hidden by content-visibility. @ :3102
[   25367ms] [VERBOSE] Rendering was performed in a subtree hidden by content-visibility. @ :3102
[   25367ms] [VERBOSE] Rendering was performed in a subtree hidden by content-visibility. @ :3102
[   25368ms] [VERBOSE] Rendering was performed in a subtree hidden by content-visibility. @ :3102
[   25368ms] [VERBOSE] Rendering was performed in a subtree hidden by content-visibility. @ :3102
[   25369ms] [VERBOSE] Rendering was performed in a subtree hidden by content-visibility. @ :3102
[   25369ms] [VERBOSE] Rendering was performed in a subtree hidden by content-visibility. @ :3102
[   25370ms] [VERBOSE] Rendering was performed in a subtree hidden by content-visibility. @ :3102
[   25370ms] [VERBOSE] Rendering was performed in a subtree hidden by content-visibility. @ :3102
[   25371ms] [VERBOSE] Rendering was performed in a subtree hidden by content-visibility. @ :3102
[   25371ms] [VERBOSE] Rendering was performed in a subtree hidden by content-visibility. @ :3102
[   25371ms] [VERBOSE] Rendering was performed in a subtree hidden by content-visibility. @ :3102
[   25371ms] [VERBOSE] Rendering was performed in a subtree hidden by content-visibility. @ :3102
[   25372ms] [VERBOSE] Rendering was performed in a subtree hidden by content-visibility. @ :3102
[   25372ms] [VERBOSE] Rendering was performed in a subtree hidden by content-visibility. @ :3102
[   25373ms] [VERBOSE] Rendering was performed in a subtree hidden by content-visibility. @ :3102
[   25373ms] [VERBOSE] Rendering was performed in a subtree hidden by content-visibility. @ :3102
[   25374ms] [VERBOSE] Rendering was performed in a subtree hidden by content-visibility. @ :3102
[   25374ms] [VERBOSE] Rendering was performed in a subtree hidden by content-visibility. @ :3102
[   25375ms] [VERBOSE] Rendering was performed in a subtree hidden by content-visibility. @ :3102
[   25375ms] [VERBOSE] Rendering was performed in a subtree hidden by content-visibility. @ :3102
[   25375ms] [VERBOSE] Rendering was performed in a subtree hidden by content-visibility. @ :3102
[   25376ms] [VERBOSE] Rendering was performed in a subtree hidden by content-visibility. @ :3102
[   25376ms] [VERBOSE] Rendering was performed in a subtree hidden by content-visibility. @ :3102
[   25376ms] [VERBOSE] Rendering was performed in a subtree hidden by content-visibility. @ :3102
[   39243ms] [VERBOSE] Rendering was performed in a subtree hidden by content-visibility. @ :3102
[   39244ms] [VERBOSE] Rendering was performed in a subtree hidden by content-visibility. @ :3102
[   39244ms] [VERBOSE] Rendering was performed in a subtree hidden by content-visibility. @ :3102
[   39244ms] [VERBOSE] Rendering was performed in a subtree hidden by content-visibility. @ :3102
[   39245ms] [VERBOSE] Rendering was performed in a subtree hidden by content-visibility. @ :3102
[   39245ms] [VERBOSE] Rendering was performed in a subtree hidden by content-visibility. @ :3102
[   39245ms] [VERBOSE] Rendering was performed in a subtree hidden by content-visibility. @ :3102
[   39246ms] [VERBOSE] Rendering was performed in a subtree hidden by content-visibility. @ :3102
[   39246ms] [VERBOSE] Rendering was performed in a subtree hidden by content-visibility. @ :3102
[   39246ms] [VERBOSE] Rendering was performed in a subtree hidden by content-visibility. @ :3102
[   39247ms] [VERBOSE] Rendering was performed in a subtree hidden by content-visibility. @ :3102
[   39247ms] [VERBOSE] Rendering was performed in a subtree hidden by content-visibility. @ :3102
[   39247ms] [VERBOSE] Rendering was performed in a subtree hidden by content-visibility. @ :3102
[   39248ms] [VERBOSE] Rendering was performed in a subtree hidden by content-visibility. @ :3102
[   39248ms] [VERBOSE] Rendering was performed in a subtree hidden by content-visibility. @ :3102
[   39248ms] [VERBOSE] Rendering was performed in a subtree hidden by content-visibility. @ :3102
[   39248ms] [VERBOSE] Rendering was performed in a subtree hidden by content-visibility. @ :3102
[  203645ms] [WARNING] <meta name="apple-mobile-web-app-capable" content="yes"> is deprecated. Please include <meta name="mobile-web-app-capable" content="yes"> @ http://127.0.0.1:8765/src/content/docs/goodthinking-isp/00-clinet_document/google-slides-cs-system-presentation-detailed.html:0
[  205235ms] [VERBOSE] Rendering was performed in a subtree hidden by content-visibility. @ :3102
[  205238ms] [VERBOSE] Rendering was performed in a subtree hidden by content-visibility. @ :3102
[  205239ms] [VERBOSE] Rendering was performed in a subtree hidden by content-visibility. @ :3102
[  205241ms] [VERBOSE] Rendering was performed in a subtree hidden by content-visibility. @ :3102
[  205241ms] [VERBOSE] Rendering was performed in a subtree hidden by content-visibility. @ :3102
[  205243ms] [VERBOSE] Rendering was performed in a subtree hidden by content-visibility. @ :3102
[  205243ms] [VERBOSE] Rendering was performed in a subtree hidden by content-visibility. @ :3102
[  205244ms] [VERBOSE] Rendering was performed in a subtree hidden by content-visibility. @ :3102
[  205244ms] [VERBOSE] Rendering was performed in a subtree hidden by content-visibility. @ :3102
[  205245ms] [VERBOSE] Rendering was performed in a subtree hidden by content-visibility. @ :3102
[  205245ms] [VERBOSE] Rendering was performed in a subtree hidden by content-visibility. @ :3102
[  205246ms] [VERBOSE] Rendering was performed in a subtree hidden by content-visibility. @ :3102
[  205246ms] [VERBOSE] Rendering was performed in a subtree hidden by content-visibility. @ :3102
[  205247ms] [VERBOSE] Rendering was performed in a subtree hidden by content-visibility. @ :3102
[  205247ms] [VERBOSE] Rendering was performed in a subtree hidden by content-visibility. @ :3102
[  205247ms] [VERBOSE] Rendering was performed in a subtree hidden by content-visibility. @ :3102
[  205247ms] [VERBOSE] Rendering was performed in a subtree hidden by content-visibility. @ :3102
[  205248ms] [VERBOSE] Rendering was performed in a subtree hidden by content-visibility. @ :3102
[  205248ms] [VERBOSE] Rendering was performed in a subtree hidden by content-visibility. @ :3102
[  205249ms] [VERBOSE] Rendering was performed in a subtree hidden by content-visibility. @ :3102
[  205249ms] [VERBOSE] Rendering was performed in a subtree hidden by content-visibility. @ :3102
[  205250ms] [VERBOSE] Rendering was performed in a subtree hidden by content-visibility. @ :3102
[  205250ms] [VERBOSE] Rendering was performed in a subtree hidden by content-visibility. @ :3102
[  205251ms] [VERBOSE] Rendering was performed in a subtree hidden by content-visibility. @ :3102
[  205251ms] [VERBOSE] Rendering was performed in a subtree hidden by content-visibility. @ :3102
[  205252ms] [VERBOSE] Rendering was performed in a subtree hidden by content-visibility. @ :3102
[  205252ms] [VERBOSE] Rendering was performed in a subtree hidden by content-visibility. @ :3102
[  205253ms] [VERBOSE] Rendering was performed in a subtree hidden by content-visibility. @ :3102
[  205253ms] [VERBOSE] Rendering was performed in a subtree hidden by content-visibility. @ :3102
[  205254ms] [VERBOSE] Rendering was performed in a subtree hidden by content-visibility. @ :3102
[  205254ms] [VERBOSE] Rendering was performed in a subtree hidden by content-visibility. @ :3102
[  205254ms] [VERBOSE] Rendering was performed in a subtree hidden by content-visibility. @ :3102
[  205254ms] [VERBOSE] Rendering was performed in a subtree hidden by content-visibility. @ :3102
[  205255ms] [VERBOSE] Rendering was performed in a subtree hidden by content-visibility. @ :3102
[  205255ms] [VERBOSE] Rendering was performed in a subtree hidden by content-visibility. @ :3102
[  478104ms] [WARNING] <meta name="apple-mobile-web-app-capable" content="yes"> is deprecated. Please include <meta name="mobile-web-app-capable" content="yes"> @ http://127.0.0.1:8765/src/content/docs/goodthinking-isp/00-clinet_document/google-slides-cs-system-presentation-detailed.html:0
[  479687ms] [VERBOSE] Rendering was performed in a subtree hidden by content-visibility. @ :3102
[  479689ms] [VERBOSE] Rendering was performed in a subtree hidden by content-visibility. @ :3102
[  479689ms] [VERBOSE] Rendering was performed in a subtree hidden by content-visibility. @ :3102
[  479690ms] [VERBOSE] Rendering was performed in a subtree hidden by content-visibility. @ :3102
[  479691ms] [VERBOSE] Rendering was performed in a subtree hidden by content-visibility. @ :3102
[  479692ms] [VERBOSE] Rendering was performed in a subtree hidden by content-visibility. @ :3102
[  479692ms] [VERBOSE] Rendering was performed in a subtree hidden by content-visibility. @ :3102
[  479693ms] [VERBOSE] Rendering was performed in a subtree hidden by content-visibility. @ :3102
[  479693ms] [VERBOSE] Rendering was performed in a subtree hidden by content-visibility. @ :3102
[  479694ms] [VERBOSE] Rendering was performed in a subtree hidden by content-visibility. @ :3102
[  479695ms] [VERBOSE] Rendering was performed in a subtree hidden by content-visibility. @ :3102
[  479695ms] [VERBOSE] Rendering was performed in a subtree hidden by content-visibility. @ :3102
[  479696ms] [VERBOSE] Rendering was performed in a subtree hidden by content-visibility. @ :3102
[  479696ms] [VERBOSE] Rendering was performed in a subtree hidden by content-visibility. @ :3102
[  479696ms] [VERBOSE] Rendering was performed in a subtree hidden by content-visibility. @ :3102
[  479697ms] [VERBOSE] Rendering was performed in a subtree hidden by content-visibility. @ :3102
[  479697ms] [VERBOSE] Rendering was performed in a subtree hidden by content-visibility. @ :3102
[  479698ms] [VERBOSE] Rendering was performed in a subtree hidden by content-visibility. @ :3102
[  479698ms] [VERBOSE] Rendering was performed in a subtree hidden by content-visibility. @ :3102
[  479699ms] [VERBOSE] Rendering was performed in a subtree hidden by content-visibility. @ :3102
[  479699ms] [VERBOSE] Rendering was performed in a subtree hidden by content-visibility. @ :3102
[  479699ms] [VERBOSE] Rendering was performed in a subtree hidden by content-visibility. @ :3102
[  479699ms] [VERBOSE] Rendering was performed in a subtree hidden by content-visibility. @ :3102
[  479700ms] [VERBOSE] Rendering was performed in a subtree hidden by content-visibility. @ :3102
[  479701ms] [VERBOSE] Rendering was performed in a subtree hidden by content-visibility. @ :3102
[  479701ms] [VERBOSE] Rendering was performed in a subtree hidden by content-visibility. @ :3102
[  479702ms] [VERBOSE] Rendering was performed in a subtree hidden by content-visibility. @ :3102
[  479702ms] [VERBOSE] Rendering was performed in a subtree hidden by content-visibility. @ :3102
[  479703ms] [VERBOSE] Rendering was performed in a subtree hidden by content-visibility. @ :3102
[  479703ms] [VERBOSE] Rendering was performed in a subtree hidden by content-visibility. @ :3102
[  479703ms] [VERBOSE] Rendering was performed in a subtree hidden by content-visibility. @ :3102
[  479704ms] [VERBOSE] Rendering was performed in a subtree hidden by content-visibility. @ :3102
[  479704ms] [VERBOSE] Rendering was performed in a subtree hidden by content-visibility. @ :3102
[  479704ms] [VERBOSE] Rendering was performed in a subtree hidden by content-visibility. @ :3102
[  479704ms] [VERBOSE] Rendering was performed in a subtree hidden by content-visibility. @ :3102
[  772010ms] [WARNING] <meta name="apple-mobile-web-app-capable" content="yes"> is deprecated. Please include <meta name="mobile-web-app-capable" content="yes"> @ http://127.0.0.1:8765/src/content/docs/goodthinking-isp/00-clinet_document/google-slides-cs-system-presentation-detailed.html:0
[  774450ms] [VERBOSE] Rendering was performed in a subtree hidden by content-visibility. @ :3102
[  774451ms] [VERBOSE] Rendering was performed in a subtree hidden by content-visibility. @ :3102
[  774453ms] [VERBOSE] Rendering was performed in a subtree hidden by content-visibility. @ :3102
[  774456ms] [VERBOSE] Rendering was performed in a subtree hidden by content-visibility. @ :3102
[  774456ms] [VERBOSE] Rendering was performed in a subtree hidden by content-visibility. @ :3102
[  774457ms] [VERBOSE] Rendering was performed in a subtree hidden by content-visibility. @ :3102
[  774458ms] [VERBOSE] Rendering was performed in a subtree hidden by content-visibility. @ :3102
[  774459ms] [VERBOSE] Rendering was performed in a subtree hidden by content-visibility. @ :3102
[  774459ms] [VERBOSE] Rendering was performed in a subtree hidden by content-visibility. @ :3102
[  774460ms] [VERBOSE] Rendering was performed in a subtree hidden by content-visibility. @ :3102
[  774460ms] [VERBOSE] Rendering was performed in a subtree hidden by content-visibility. @ :3102
[  774461ms] [VERBOSE] Rendering was performed in a subtree hidden by content-visibility. @ :3102
[  774461ms] [VERBOSE] Rendering was performed in a subtree hidden by content-visibility. @ :3102
[  774461ms] [VERBOSE] Rendering was performed in a subtree hidden by content-visibility. @ :3102
[  774461ms] [VERBOSE] Rendering was performed in a subtree hidden by content-visibility. @ :3102
[  774462ms] [VERBOSE] Rendering was performed in a subtree hidden by content-visibility. @ :3102
[  774462ms] [VERBOSE] Rendering was performed in a subtree hidden by content-visibility. @ :3102
[  774463ms] [VERBOSE] Rendering was performed in a subtree hidden by content-visibility. @ :3102
[  774463ms] [VERBOSE] Rendering was performed in a subtree hidden by content-visibility. @ :3102
[  774464ms] [VERBOSE] Rendering was performed in a subtree hidden by content-visibility. @ :3102
[  774464ms] [VERBOSE] Rendering was performed in a subtree hidden by content-visibility. @ :3102
[  774465ms] [VERBOSE] Rendering was performed in a subtree hidden by content-visibility. @ :3102
[  774465ms] [VERBOSE] Rendering was performed in a subtree hidden by content-visibility. @ :3102
[  774466ms] [VERBOSE] Rendering was performed in a subtree hidden by content-visibility. @ :3102
[  774466ms] [VERBOSE] Rendering was performed in a subtree hidden by content-visibility. @ :3102
[  774467ms] [VERBOSE] Rendering was performed in a subtree hidden by content-visibility. @ :3102
[  774467ms] [VERBOSE] Rendering was performed in a subtree hidden by content-visibility. @ :3102
[  774468ms] [VERBOSE] Rendering was performed in a subtree hidden by content-visibility. @ :3102
[  774468ms] [VERBOSE] Rendering was performed in a subtree hidden by content-visibility. @ :3102
[  774469ms] [VERBOSE] Rendering was performed in a subtree hidden by content-visibility. @ :3102
[  774469ms] [VERBOSE] Rendering was performed in a subtree hidden by content-visibility. @ :3102
[  774469ms] [VERBOSE] Rendering was performed in a subtree hidden by content-visibility. @ :3102
[  774470ms] [VERBOSE] Rendering was performed in a subtree hidden by content-visibility. @ :3102
[ 1052555ms] [WARNING] <meta name="apple-mobile-web-app-capable" content="yes"> is deprecated. Please include <meta name="mobile-web-app-capable" content="yes"> @ http://127.0.0.1:8765/src/content/docs/goodthinking-isp/00-clinet_document/google-slides-cs-system-presentation-detailed.html:0
[ 1054625ms] [VERBOSE] Rendering was performed in a subtree hidden by content-visibility. @ :3102
[ 1054627ms] [VERBOSE] Rendering was performed in a subtree hidden by content-visibility. @ :3102
[ 1054628ms] [VERBOSE] Rendering was performed in a subtree hidden by content-visibility. @ :3102
[ 1054630ms] [VERBOSE] Rendering was performed in a subtree hidden by content-visibility. @ :3102
[ 1054631ms] [VERBOSE] Rendering was performed in a subtree hidden by content-visibility. @ :3102
[ 1054631ms] [VERBOSE] Rendering was performed in a subtree hidden by content-visibility. @ :3102
[ 1054632ms] [VERBOSE] Rendering was performed in a subtree hidden by content-visibility. @ :3102
[ 1054633ms] [VERBOSE] Rendering was performed in a subtree hidden by content-visibility. @ :3102
[ 1054633ms] [VERBOSE] Rendering was performed in a subtree hidden by content-visibility. @ :3102
[ 1054634ms] [VERBOSE] Rendering was performed in a subtree hidden by content-visibility. @ :3102
[ 1054634ms] [VERBOSE] Rendering was performed in a subtree hidden by content-visibility. @ :3102
[ 1054635ms] [VERBOSE] Rendering was performed in a subtree hidden by content-visibility. @ :3102
[ 1054635ms] [VERBOSE] Rendering was performed in a subtree hidden by content-visibility. @ :3102
[ 1054636ms] [VERBOSE] Rendering was performed in a subtree hidden by content-visibility. @ :3102
[ 1054636ms] [VERBOSE] Rendering was performed in a subtree hidden by content-visibility. @ :3102
[ 1054636ms] [VERBOSE] Rendering was performed in a subtree hidden by content-visibility. @ :3102
[ 1054636ms] [VERBOSE] Rendering was performed in a subtree hidden by content-visibility. @ :3102
[ 1054637ms] [VERBOSE] Rendering was performed in a subtree hidden by content-visibility. @ :3102
[ 1054637ms] [VERBOSE] Rendering was performed in a subtree hidden by content-visibility. @ :3102
[ 1054638ms] [VERBOSE] Rendering was performed in a subtree hidden by content-visibility. @ :3102
[ 1054638ms] [VERBOSE] Rendering was performed in a subtree hidden by content-visibility. @ :3102
[ 1054639ms] [VERBOSE] Rendering was performed in a subtree hidden by content-visibility. @ :3102
[ 1054639ms] [VERBOSE] Rendering was performed in a subtree hidden by content-visibility. @ :3102
[ 1054640ms] [VERBOSE] Rendering was performed in a subtree hidden by content-visibility. @ :3102
[ 1054640ms] [VERBOSE] Rendering was performed in a subtree hidden by content-visibility. @ :3102
[ 1054641ms] [VERBOSE] Rendering was performed in a subtree hidden by content-visibility. @ :3102
[ 1054642ms] [VERBOSE] Rendering was performed in a subtree hidden by content-visibility. @ :3102
[ 1054642ms] [VERBOSE] Rendering was performed in a subtree hidden by content-visibility. @ :3102
[ 1054642ms] [VERBOSE] Rendering was performed in a subtree hidden by content-visibility. @ :3102
[ 1054643ms] [VERBOSE] Rendering was performed in a subtree hidden by content-visibility. @ :3102
[ 1054643ms] [VERBOSE] Rendering was performed in a subtree hidden by content-visibility. @ :3102
[ 1054644ms] [VERBOSE] Rendering was performed in a subtree hidden by content-visibility. @ :3102
[ 1054644ms] [VERBOSE] Rendering was performed in a subtree hidden by content-visibility. @ :3102
[ 1231636ms] [WARNING] <meta name="apple-mobile-web-app-capable" content="yes"> is deprecated. Please include <meta name="mobile-web-app-capable" content="yes"> @ http://127.0.0.1:8765/src/content/docs/goodthinking-isp/00-clinet_document/google-slides-cs-system-presentation-detailed.html:0
[ 1233832ms] [VERBOSE] Rendering was performed in a subtree hidden by content-visibility. @ :3102
[ 1233833ms] [VERBOSE] Rendering was performed in a subtree hidden by content-visibility. @ :3102
[ 1233834ms] [VERBOSE] Rendering was performed in a subtree hidden by content-visibility. @ :3102
[ 1233835ms] [VERBOSE] Rendering was performed in a subtree hidden by content-visibility. @ :3102
[ 1233837ms] [VERBOSE] Rendering was performed in a subtree hidden by content-visibility. @ :3102
[ 1233837ms] [VERBOSE] Rendering was performed in a subtree hidden by content-visibility. @ :3102
[ 1233839ms] [VERBOSE] Rendering was performed in a subtree hidden by content-visibility. @ :3102
[ 1233839ms] [VERBOSE] Rendering was performed in a subtree hidden by content-visibility. @ :3102
[ 1233840ms] [VERBOSE] Rendering was performed in a subtree hidden by content-visibility. @ :3102
[ 1233840ms] [VERBOSE] Rendering was performed in a subtree hidden by content-visibility. @ :3102
[ 1233841ms] [VERBOSE] Rendering was performed in a subtree hidden by content-visibility. @ :3102
[ 1233841ms] [VERBOSE] Rendering was performed in a subtree hidden by content-visibility. @ :3102
[ 1233841ms] [VERBOSE] Rendering was performed in a subtree hidden by content-visibility. @ :3102
[ 1233842ms] [VERBOSE] Rendering was performed in a subtree hidden by content-visibility. @ :3102
[ 1233842ms] [VERBOSE] Rendering was performed in a subtree hidden by content-visibility. @ :3102
[ 1233843ms] [VERBOSE] Rendering was performed in a subtree hidden by content-visibility. @ :3102
[ 1233843ms] [VERBOSE] Rendering was performed in a subtree hidden by content-visibility. @ :3102
[ 1233844ms] [VERBOSE] Rendering was performed in a subtree hidden by content-visibility. @ :3102
[ 1233844ms] [VERBOSE] Rendering was performed in a subtree hidden by content-visibility. @ :3102
[ 1233844ms] [VERBOSE] Rendering was performed in a subtree hidden by content-visibility. @ :3102
[ 1233845ms] [VERBOSE] Rendering was performed in a subtree hidden by content-visibility. @ :3102
[ 1233845ms] [VERBOSE] Rendering was performed in a subtree hidden by content-visibility. @ :3102
[ 1233846ms] [VERBOSE] Rendering was performed in a subtree hidden by content-visibility. @ :3102
[ 1233846ms] [VERBOSE] Rendering was performed in a subtree hidden by content-visibility. @ :3102
[ 1233847ms] [VERBOSE] Rendering was performed in a subtree hidden by content-visibility. @ :3102
[ 1233847ms] [VERBOSE] Rendering was performed in a subtree hidden by content-visibility. @ :3102
[ 1233848ms] [VERBOSE] Rendering was performed in a subtree hidden by content-visibility. @ :3102
[ 1233848ms] [VERBOSE] Rendering was performed in a subtree hidden by content-visibility. @ :3102
[ 1233849ms] [VERBOSE] Rendering was performed in a subtree hidden by content-visibility. @ :3102
[ 1233849ms] [VERBOSE] Rendering was performed in a subtree hidden by content-visibility. @ :3102
[ 1233849ms] [VERBOSE] Rendering was performed in a subtree hidden by content-visibility. @ :3102
[ 1233849ms] [VERBOSE] Rendering was performed in a subtree hidden by content-visibility. @ :3102
[ 1491669ms] [WARNING] <meta name="apple-mobile-web-app-capable" content="yes"> is deprecated. Please include <meta name="mobile-web-app-capable" content="yes"> @ http://127.0.0.1:8765/src/content/docs/goodthinking-isp/00-clinet_document/google-slides-cs-system-presentation-detailed.html:0
[ 1494090ms] [VERBOSE] Rendering was performed in a subtree hidden by content-visibility. @ :3102
[ 1494092ms] [VERBOSE] Rendering was performed in a subtree hidden by content-visibility. @ :3102
[ 1494093ms] [VERBOSE] Rendering was performed in a subtree hidden by content-visibility. @ :3102
[ 1494095ms] [VERBOSE] Rendering was performed in a subtree hidden by content-visibility. @ :3102
[ 1494098ms] [VERBOSE] Rendering was performed in a subtree hidden by content-visibility. @ :3102
[ 1494098ms] [VERBOSE] Rendering was performed in a subtree hidden by content-visibility. @ :3102
[ 1494100ms] [VERBOSE] Rendering was performed in a subtree hidden by content-visibility. @ :3102
[ 1494101ms] [VERBOSE] Rendering was performed in a subtree hidden by content-visibility. @ :3102
[ 1494102ms] [VERBOSE] Rendering was performed in a subtree hidden by content-visibility. @ :3102
[ 1494102ms] [VERBOSE] Rendering was performed in a subtree hidden by content-visibility. @ :3102
[ 1494103ms] [VERBOSE] Rendering was performed in a subtree hidden by content-visibility. @ :3102
[ 1494103ms] [VERBOSE] Rendering was performed in a subtree hidden by content-visibility. @ :3102
[ 1494104ms] [VERBOSE] Rendering was performed in a subtree hidden by content-visibility. @ :3102
[ 1494104ms] [VERBOSE] Rendering was performed in a subtree hidden by content-visibility. @ :3102
[ 1494105ms] [VERBOSE] Rendering was performed in a subtree hidden by content-visibility. @ :3102
[ 1494105ms] [VERBOSE] Rendering was performed in a subtree hidden by content-visibility. @ :3102
[ 1494105ms] [VERBOSE] Rendering was performed in a subtree hidden by content-visibility. @ :3102
[ 1494106ms] [VERBOSE] Rendering was performed in a subtree hidden by content-visibility. @ :3102
[ 1494106ms] [VERBOSE] Rendering was performed in a subtree hidden by content-visibility. @ :3102
[ 1494106ms] [VERBOSE] Rendering was performed in a subtree hidden by content-visibility. @ :3102
[ 1494108ms] [VERBOSE] Rendering was performed in a subtree hidden by content-visibility. @ :3102
[ 1494108ms] [VERBOSE] Rendering was performed in a subtree hidden by content-visibility. @ :3102
[ 1494109ms] [VERBOSE] Rendering was performed in a subtree hidden by content-visibility. @ :3102
[ 1494109ms] [VERBOSE] Rendering was performed in a subtree hidden by content-visibility. @ :3102
[ 1494110ms] [VERBOSE] Rendering was performed in a subtree hidden by content-visibility. @ :3102
[ 1494110ms] [VERBOSE] Rendering was performed in a subtree hidden by content-visibility. @ :3102
[ 1494110ms] [VERBOSE] Rendering was performed in a subtree hidden by content-visibility. @ :3102
[ 1494111ms] [VERBOSE] Rendering was performed in a subtree hidden by content-visibility. @ :3102
[ 1494111ms] [VERBOSE] Rendering was performed in a subtree hidden by content-visibility. @ :3102
[ 1494111ms] [VERBOSE] Rendering was performed in a subtree hidden by content-visibility. @ :3102
[ 1494112ms] [VERBOSE] Rendering was performed in a subtree hidden by content-visibility. @ :3102
[ 1494112ms] [VERBOSE] Rendering was performed in a subtree hidden by content-visibility. @ :3102
[ 1635475ms] [VERBOSE] Rendering was performed in a subtree hidden by content-visibility. @ :3102
[ 1635476ms] [VERBOSE] Rendering was performed in a subtree hidden by content-visibility. @ :3102
[ 1635476ms] [VERBOSE] Rendering was performed in a subtree hidden by content-visibility. @ :3102
[ 1635477ms] [VERBOSE] Rendering was performed in a subtree hidden by content-visibility. @ :3102
[ 1635478ms] [VERBOSE] Rendering was performed in a subtree hidden by content-visibility. @ :3102
[ 1635479ms] [VERBOSE] Rendering was performed in a subtree hidden by content-visibility. @ :3102
[ 1635480ms] [VERBOSE] Rendering was performed in a subtree hidden by content-visibility. @ :3102
[ 1635481ms] [VERBOSE] Rendering was performed in a subtree hidden by content-visibility. @ :3102
[ 1635481ms] [VERBOSE] Rendering was performed in a subtree hidden by content-visibility. @ :3102
[ 1635482ms] [VERBOSE] Rendering was performed in a subtree hidden by content-visibility. @ :3102
[ 1635482ms] [VERBOSE] Rendering was performed in a subtree hidden by content-visibility. @ :3102
[ 1635483ms] [VERBOSE] Rendering was performed in a subtree hidden by content-visibility. @ :3102
[ 1635485ms] [VERBOSE] Rendering was performed in a subtree hidden by content-visibility. @ :3102
[ 1635486ms] [VERBOSE] Rendering was performed in a subtree hidden by content-visibility. @ :3102
[ 1635487ms] [VERBOSE] Rendering was performed in a subtree hidden by content-visibility. @ :3102
[ 1635487ms] [VERBOSE] Rendering was performed in a subtree hidden by content-visibility. @ :3102
[ 1635488ms] [VERBOSE] Rendering was performed in a subtree hidden by content-visibility. @ :3102
[ 1635488ms] [VERBOSE] Rendering was performed in a subtree hidden by content-visibility. @ :3102
[ 1681968ms] [VERBOSE] Rendering was performed in a subtree hidden by content-visibility. @ :3102
[ 1681969ms] [VERBOSE] Rendering was performed in a subtree hidden by content-visibility. @ :3102
[ 1681970ms] [VERBOSE] Rendering was performed in a subtree hidden by content-visibility. @ :3102
[ 1681971ms] [VERBOSE] Rendering was performed in a subtree hidden by content-visibility. @ :3102
[ 1681971ms] [VERBOSE] Rendering was performed in a subtree hidden by content-visibility. @ :3102
[ 1681972ms] [VERBOSE] Rendering was performed in a subtree hidden by content-visibility. @ :3102
[ 1681973ms] [VERBOSE] Rendering was performed in a subtree hidden by content-visibility. @ :3102
[ 1681974ms] [VERBOSE] Rendering was performed in a subtree hidden by content-visibility. @ :3102
[ 1681975ms] [VERBOSE] Rendering was performed in a subtree hidden by content-visibility. @ :3102
[ 1681975ms] [VERBOSE] Rendering was performed in a subtree hidden by content-visibility. @ :3102
[ 1681976ms] [VERBOSE] Rendering was performed in a subtree hidden by content-visibility. @ :3102
[ 1681976ms] [VERBOSE] Rendering was performed in a subtree hidden by content-visibility. @ :3102
[ 1681978ms] [VERBOSE] Rendering was performed in a subtree hidden by content-visibility. @ :3102
[ 1681979ms] [VERBOSE] Rendering was performed in a subtree hidden by content-visibility. @ :3102
[ 1681980ms] [VERBOSE] Rendering was performed in a subtree hidden by content-visibility. @ :3102
[ 1681980ms] [VERBOSE] Rendering was performed in a subtree hidden by content-visibility. @ :3102
[ 1681981ms] [VERBOSE] Rendering was performed in a subtree hidden by content-visibility. @ :3102
[ 1681981ms] [VERBOSE] Rendering was performed in a subtree hidden by content-visibility. @ :3102
[ 2409215ms] [VERBOSE] Rendering was performed in a subtree hidden by content-visibility. @ :3102
[ 2409216ms] [VERBOSE] Rendering was performed in a subtree hidden by content-visibility. @ :3102
[ 2409217ms] [VERBOSE] Rendering was performed in a subtree hidden by content-visibility. @ :3102
[ 2409217ms] [VERBOSE] Rendering was performed in a subtree hidden by content-visibility. @ :3102
[ 2409218ms] [VERBOSE] Rendering was performed in a subtree hidden by content-visibility. @ :3102
[ 2409218ms] [VERBOSE] Rendering was performed in a subtree hidden by content-visibility. @ :3102
[ 2409218ms] [VERBOSE] Rendering was performed in a subtree hidden by content-visibility. @ :3102
[ 2409219ms] [VERBOSE] Rendering was performed in a subtree hidden by content-visibility. @ :3102
[ 2409219ms] [VERBOSE] Rendering was performed in a subtree hidden by content-visibility. @ :3102
[ 2409219ms] [VERBOSE] Rendering was performed in a subtree hidden by content-visibility. @ :3102
[ 2409220ms] [VERBOSE] Rendering was performed in a subtree hidden by content-visibility. @ :3102
[ 2409220ms] [VERBOSE] Rendering was performed in a subtree hidden by content-visibility. @ :3102
[ 2409221ms] [VERBOSE] Rendering was performed in a subtree hidden by content-visibility. @ :3102
[ 2409222ms] [VERBOSE] Rendering was performed in a subtree hidden by content-visibility. @ :3102
[ 2409222ms] [VERBOSE] Rendering was performed in a subtree hidden by content-visibility. @ :3102
[ 2409223ms] [VERBOSE] Rendering was performed in a subtree hidden by content-visibility. @ :3102
[ 2409223ms] [VERBOSE] Rendering was performed in a subtree hidden by content-visibility. @ :3102
[ 2409224ms] [VERBOSE] Rendering was performed in a subtree hidden by content-visibility. @ :3102
