[      85ms] [LOG] [astro-mermaid] Mermaid diagrams detected on initial load @ http://localhost:4321/@id/astro:scripts/page.js:127
[      85ms] [LOG] [astro-mermaid] Initializing mermaid diagrams... @ http://localhost:4321/@id/astro:scripts/page.js:52
[      85ms] [LOG] [astro-mermaid] Found 7 mermaid diagrams @ http://localhost:4321/@id/astro:scripts/page.js:55
[      85ms] [LOG] [astro-mermaid] Loading mermaid.js... @ http://localhost:4321/@id/astro:scripts/page.js:13
[      86ms] [LOG] [astro-mermaid] Initializing mermaid diagrams... @ http://localhost:4321/@id/astro:scripts/page.js:52
[      86ms] [LOG] [astro-mermaid] Found 7 mermaid diagrams @ http://localhost:4321/@id/astro:scripts/page.js:55
[      86ms] [LOG] [astro-mermaid] Initializing mermaid diagrams... @ http://localhost:4321/@id/astro:scripts/page.js:52
[      86ms] [LOG] [astro-mermaid] Found 7 mermaid diagrams @ http://localhost:4321/@id/astro:scripts/page.js:55
[     111ms] [LOG] [astro-mermaid] Using theme: default from html @ http://localhost:4321/@id/astro:scripts/page.js:73
[     112ms] [LOG] [astro-mermaid] Rendering diagram: mermaid-ac1n957r2 @ http://localhost:4321/@id/astro:scripts/page.js:101
[     113ms] [LOG] [astro-mermaid] Using theme: default from html @ http://localhost:4321/@id/astro:scripts/page.js:73
[     113ms] [LOG] [astro-mermaid] Rendering diagram: mermaid-sbnhh01k6 @ http://localhost:4321/@id/astro:scripts/page.js:101
[     113ms] [LOG] [astro-mermaid] Using theme: default from html @ http://localhost:4321/@id/astro:scripts/page.js:73
[     114ms] [LOG] [astro-mermaid] Rendering diagram: mermaid-u5hg5yf0f @ http://localhost:4321/@id/astro:scripts/page.js:101
[     186ms] [LOG] [astro-mermaid] Successfully rendered diagram: mermaid-ac1n957r2 @ http://localhost:4321/@id/astro:scripts/page.js:113
[     186ms] [LOG] [astro-mermaid] Rendering diagram: mermaid-s7au8wd8v @ http://localhost:4321/@id/astro:scripts/page.js:101
[     244ms] [LOG] [astro-mermaid] Successfully rendered diagram: mermaid-sbnhh01k6 @ http://localhost:4321/@id/astro:scripts/page.js:113
[     245ms] [LOG] [astro-mermaid] Rendering diagram: mermaid-1knhl3x1l @ http://localhost:4321/@id/astro:scripts/page.js:101
[     322ms] [LOG] [astro-mermaid] Successfully rendered diagram: mermaid-u5hg5yf0f @ http://localhost:4321/@id/astro:scripts/page.js:113
[     322ms] [LOG] [astro-mermaid] Rendering diagram: mermaid-j3twrv5b7 @ http://localhost:4321/@id/astro:scripts/page.js:101
[     347ms] [LOG] [astro-mermaid] Successfully rendered diagram: mermaid-s7au8wd8v @ http://localhost:4321/@id/astro:scripts/page.js:113
[     347ms] [LOG] [astro-mermaid] Rendering diagram: mermaid-08g5msx38 @ http://localhost:4321/@id/astro:scripts/page.js:101
[     370ms] [LOG] [astro-mermaid] Successfully rendered diagram: mermaid-1knhl3x1l @ http://localhost:4321/@id/astro:scripts/page.js:113
[     370ms] [LOG] [astro-mermaid] Rendering diagram: mermaid-goohfhfx0 @ http://localhost:4321/@id/astro:scripts/page.js:101
[     395ms] [LOG] [astro-mermaid] Successfully rendered diagram: mermaid-j3twrv5b7 @ http://localhost:4321/@id/astro:scripts/page.js:113
[     395ms] [LOG] [astro-mermaid] Rendering diagram: mermaid-j68p4osw1 @ http://localhost:4321/@id/astro:scripts/page.js:101
[     415ms] [LOG] [astro-mermaid] Successfully rendered diagram: mermaid-08g5msx38 @ http://localhost:4321/@id/astro:scripts/page.js:113
[     415ms] [LOG] [astro-mermaid] Rendering diagram: mermaid-x3fxc2k9w @ http://localhost:4321/@id/astro:scripts/page.js:101
[     434ms] [LOG] [astro-mermaid] Successfully rendered diagram: mermaid-goohfhfx0 @ http://localhost:4321/@id/astro:scripts/page.js:113
[     434ms] [LOG] [astro-mermaid] Rendering diagram: mermaid-a5xqvsyc2 @ http://localhost:4321/@id/astro:scripts/page.js:101
[     466ms] [LOG] [astro-mermaid] Successfully rendered diagram: mermaid-j68p4osw1 @ http://localhost:4321/@id/astro:scripts/page.js:113
[     466ms] [LOG] [astro-mermaid] Rendering diagram: mermaid-mku9ecrzh @ http://localhost:4321/@id/astro:scripts/page.js:101
[     482ms] [LOG] [astro-mermaid] Successfully rendered diagram: mermaid-x3fxc2k9w @ http://localhost:4321/@id/astro:scripts/page.js:113
[     483ms] [LOG] [astro-mermaid] Rendering diagram: mermaid-0b3evuntg @ http://localhost:4321/@id/astro:scripts/page.js:101
[     503ms] [LOG] [astro-mermaid] Successfully rendered diagram: mermaid-a5xqvsyc2 @ http://localhost:4321/@id/astro:scripts/page.js:113
[     503ms] [LOG] [astro-mermaid] Rendering diagram: mermaid-mdf5ge7tl @ http://localhost:4321/@id/astro:scripts/page.js:101
[     520ms] [LOG] [astro-mermaid] Successfully rendered diagram: mermaid-mku9ecrzh @ http://localhost:4321/@id/astro:scripts/page.js:113
[     520ms] [LOG] [astro-mermaid] Rendering diagram: mermaid-bnzm0nh9i @ http://localhost:4321/@id/astro:scripts/page.js:101
[     536ms] [LOG] [astro-mermaid] Successfully rendered diagram: mermaid-0b3evuntg @ http://localhost:4321/@id/astro:scripts/page.js:113
[     536ms] [LOG] [astro-mermaid] Rendering diagram: mermaid-yglsh49ta @ http://localhost:4321/@id/astro:scripts/page.js:101
[     553ms] [LOG] [astro-mermaid] Successfully rendered diagram: mermaid-mdf5ge7tl @ http://localhost:4321/@id/astro:scripts/page.js:113
[     553ms] [LOG] [astro-mermaid] Rendering diagram: mermaid-9lhzybodv @ http://localhost:4321/@id/astro:scripts/page.js:101
[     569ms] [LOG] [astro-mermaid] Successfully rendered diagram: mermaid-bnzm0nh9i @ http://localhost:4321/@id/astro:scripts/page.js:113
[     569ms] [LOG] [astro-mermaid] Rendering diagram: mermaid-arca71gqy @ http://localhost:4321/@id/astro:scripts/page.js:101
[     585ms] [LOG] [astro-mermaid] Successfully rendered diagram: mermaid-yglsh49ta @ http://localhost:4321/@id/astro:scripts/page.js:113
[     585ms] [LOG] [astro-mermaid] Rendering diagram: mermaid-3fg9v61ni @ http://localhost:4321/@id/astro:scripts/page.js:101
[     600ms] [LOG] [astro-mermaid] Successfully rendered diagram: mermaid-9lhzybodv @ http://localhost:4321/@id/astro:scripts/page.js:113
[     600ms] [LOG] [astro-mermaid] Rendering diagram: mermaid-aj327xcjc @ http://localhost:4321/@id/astro:scripts/page.js:101
[     625ms] [LOG] [astro-mermaid] Successfully rendered diagram: mermaid-arca71gqy @ http://localhost:4321/@id/astro:scripts/page.js:113
[     625ms] [LOG] [astro-mermaid] Rendering diagram: mermaid-4spatwzne @ http://localhost:4321/@id/astro:scripts/page.js:101
[     648ms] [LOG] [astro-mermaid] Successfully rendered diagram: mermaid-3fg9v61ni @ http://localhost:4321/@id/astro:scripts/page.js:113
[     674ms] [LOG] [astro-mermaid] Successfully rendered diagram: mermaid-aj327xcjc @ http://localhost:4321/@id/astro:scripts/page.js:113
[     698ms] [LOG] [astro-mermaid] Successfully rendered diagram: mermaid-4spatwzne @ http://localhost:4321/@id/astro:scripts/page.js:113
[   65568ms] [LOG] [astro-mermaid] Mermaid diagrams detected on initial load @ http://localhost:4321/@id/astro:scripts/page.js:127
[   65568ms] [LOG] [astro-mermaid] Initializing mermaid diagrams... @ http://localhost:4321/@id/astro:scripts/page.js:52
[   65568ms] [LOG] [astro-mermaid] Found 7 mermaid diagrams @ http://localhost:4321/@id/astro:scripts/page.js:55
[   65568ms] [LOG] [astro-mermaid] Loading mermaid.js... @ http://localhost:4321/@id/astro:scripts/page.js:13
[   65572ms] [LOG] [astro-mermaid] Initializing mermaid diagrams... @ http://localhost:4321/@id/astro:scripts/page.js:52
[   65572ms] [LOG] [astro-mermaid] Found 7 mermaid diagrams @ http://localhost:4321/@id/astro:scripts/page.js:55
[   65572ms] [LOG] [astro-mermaid] Initializing mermaid diagrams... @ http://localhost:4321/@id/astro:scripts/page.js:52
[   65572ms] [LOG] [astro-mermaid] Found 7 mermaid diagrams @ http://localhost:4321/@id/astro:scripts/page.js:55
[   65621ms] [LOG] [astro-mermaid] Using theme: default from html @ http://localhost:4321/@id/astro:scripts/page.js:73
[   65622ms] [LOG] [astro-mermaid] Rendering diagram: mermaid-lvymd390y @ http://localhost:4321/@id/astro:scripts/page.js:101
[   65625ms] [LOG] [astro-mermaid] Using theme: default from html @ http://localhost:4321/@id/astro:scripts/page.js:73
[   65627ms] [LOG] [astro-mermaid] Rendering diagram: mermaid-u328to287 @ http://localhost:4321/@id/astro:scripts/page.js:101
[   65627ms] [LOG] [astro-mermaid] Using theme: default from html @ http://localhost:4321/@id/astro:scripts/page.js:73
[   65628ms] [LOG] [astro-mermaid] Rendering diagram: mermaid-zd2v1qyg8 @ http://localhost:4321/@id/astro:scripts/page.js:101
[   65767ms] [LOG] [astro-mermaid] Successfully rendered diagram: mermaid-lvymd390y @ http://localhost:4321/@id/astro:scripts/page.js:113
[   65767ms] [LOG] [astro-mermaid] Rendering diagram: mermaid-0eurjp9t4 @ http://localhost:4321/@id/astro:scripts/page.js:101
[   65833ms] [LOG] [astro-mermaid] Successfully rendered diagram: mermaid-u328to287 @ http://localhost:4321/@id/astro:scripts/page.js:113
[   65833ms] [LOG] [astro-mermaid] Rendering diagram: mermaid-tc8irowyg @ http://localhost:4321/@id/astro:scripts/page.js:101
[   65891ms] [LOG] [astro-mermaid] Successfully rendered diagram: mermaid-zd2v1qyg8 @ http://localhost:4321/@id/astro:scripts/page.js:113
[   65891ms] [LOG] [astro-mermaid] Rendering diagram: mermaid-bvfwapztd @ http://localhost:4321/@id/astro:scripts/page.js:101
[   65921ms] [LOG] [astro-mermaid] Successfully rendered diagram: mermaid-0eurjp9t4 @ http://localhost:4321/@id/astro:scripts/page.js:113
[   65921ms] [LOG] [astro-mermaid] Rendering diagram: mermaid-nz3psrsrs @ http://localhost:4321/@id/astro:scripts/page.js:101
[   65948ms] [LOG] [astro-mermaid] Successfully rendered diagram: mermaid-tc8irowyg @ http://localhost:4321/@id/astro:scripts/page.js:113
[   65948ms] [LOG] [astro-mermaid] Rendering diagram: mermaid-wzzxfdwfh @ http://localhost:4321/@id/astro:scripts/page.js:101
[   65975ms] [LOG] [astro-mermaid] Successfully rendered diagram: mermaid-bvfwapztd @ http://localhost:4321/@id/astro:scripts/page.js:113
[   65975ms] [LOG] [astro-mermaid] Rendering diagram: mermaid-xspjm0krh @ http://localhost:4321/@id/astro:scripts/page.js:101
[   66037ms] [LOG] [astro-mermaid] Successfully rendered diagram: mermaid-nz3psrsrs @ http://localhost:4321/@id/astro:scripts/page.js:113
[   66037ms] [LOG] [astro-mermaid] Rendering diagram: mermaid-8skus8pa6 @ http://localhost:4321/@id/astro:scripts/page.js:101
[   66060ms] [LOG] [astro-mermaid] Successfully rendered diagram: mermaid-wzzxfdwfh @ http://localhost:4321/@id/astro:scripts/page.js:113
[   66061ms] [LOG] [astro-mermaid] Rendering diagram: mermaid-dv3f4jlrj @ http://localhost:4321/@id/astro:scripts/page.js:101
[   66087ms] [LOG] [astro-mermaid] Successfully rendered diagram: mermaid-xspjm0krh @ http://localhost:4321/@id/astro:scripts/page.js:113
[   66087ms] [LOG] [astro-mermaid] Rendering diagram: mermaid-hshrsqtui @ http://localhost:4321/@id/astro:scripts/page.js:101
[   66107ms] [LOG] [astro-mermaid] Successfully rendered diagram: mermaid-8skus8pa6 @ http://localhost:4321/@id/astro:scripts/page.js:113
[   66107ms] [LOG] [astro-mermaid] Rendering diagram: mermaid-ntup1d1m6 @ http://localhost:4321/@id/astro:scripts/page.js:101
[   66127ms] [LOG] [astro-mermaid] Successfully rendered diagram: mermaid-dv3f4jlrj @ http://localhost:4321/@id/astro:scripts/page.js:113
[   66127ms] [LOG] [astro-mermaid] Rendering diagram: mermaid-8234n54ax @ http://localhost:4321/@id/astro:scripts/page.js:101
[   66145ms] [LOG] [astro-mermaid] Successfully rendered diagram: mermaid-hshrsqtui @ http://localhost:4321/@id/astro:scripts/page.js:113
[   66145ms] [LOG] [astro-mermaid] Rendering diagram: mermaid-ilq7rqj2w @ http://localhost:4321/@id/astro:scripts/page.js:101
[   66168ms] [LOG] [astro-mermaid] Successfully rendered diagram: mermaid-ntup1d1m6 @ http://localhost:4321/@id/astro:scripts/page.js:113
[   66168ms] [LOG] [astro-mermaid] Rendering diagram: mermaid-eh6vet5og @ http://localhost:4321/@id/astro:scripts/page.js:101
[   66189ms] [LOG] [astro-mermaid] Successfully rendered diagram: mermaid-8234n54ax @ http://localhost:4321/@id/astro:scripts/page.js:113
[   66189ms] [LOG] [astro-mermaid] Rendering diagram: mermaid-6qjkntmra @ http://localhost:4321/@id/astro:scripts/page.js:101
[   66208ms] [LOG] [astro-mermaid] Successfully rendered diagram: mermaid-ilq7rqj2w @ http://localhost:4321/@id/astro:scripts/page.js:113
[   66208ms] [LOG] [astro-mermaid] Rendering diagram: mermaid-0mlnv7iu0 @ http://localhost:4321/@id/astro:scripts/page.js:101
[   66225ms] [LOG] [astro-mermaid] Successfully rendered diagram: mermaid-eh6vet5og @ http://localhost:4321/@id/astro:scripts/page.js:113
[   66225ms] [LOG] [astro-mermaid] Rendering diagram: mermaid-lso6tlgmb @ http://localhost:4321/@id/astro:scripts/page.js:101
[   66243ms] [LOG] [astro-mermaid] Successfully rendered diagram: mermaid-6qjkntmra @ http://localhost:4321/@id/astro:scripts/page.js:113
[   66243ms] [LOG] [astro-mermaid] Rendering diagram: mermaid-0701bb67u @ http://localhost:4321/@id/astro:scripts/page.js:101
[   66264ms] [LOG] [astro-mermaid] Successfully rendered diagram: mermaid-0mlnv7iu0 @ http://localhost:4321/@id/astro:scripts/page.js:113
[   66264ms] [LOG] [astro-mermaid] Rendering diagram: mermaid-zd8y0v591 @ http://localhost:4321/@id/astro:scripts/page.js:101
[   66290ms] [LOG] [astro-mermaid] Successfully rendered diagram: mermaid-lso6tlgmb @ http://localhost:4321/@id/astro:scripts/page.js:113
[   66319ms] [LOG] [astro-mermaid] Successfully rendered diagram: mermaid-0701bb67u @ http://localhost:4321/@id/astro:scripts/page.js:113
[   66344ms] [LOG] [astro-mermaid] Successfully rendered diagram: mermaid-zd8y0v591 @ http://localhost:4321/@id/astro:scripts/page.js:113
[  594093ms] [LOG] [astro-mermaid] Mermaid diagrams detected on initial load @ http://localhost:4321/@id/astro:scripts/page.js:127
[  594093ms] [LOG] [astro-mermaid] Initializing mermaid diagrams... @ http://localhost:4321/@id/astro:scripts/page.js:52
[  594094ms] [LOG] [astro-mermaid] Found 7 mermaid diagrams @ http://localhost:4321/@id/astro:scripts/page.js:55
[  594094ms] [LOG] [astro-mermaid] Loading mermaid.js... @ http://localhost:4321/@id/astro:scripts/page.js:13
[  594096ms] [LOG] [astro-mermaid] Initializing mermaid diagrams... @ http://localhost:4321/@id/astro:scripts/page.js:52
[  594096ms] [LOG] [astro-mermaid] Found 7 mermaid diagrams @ http://localhost:4321/@id/astro:scripts/page.js:55
[  594096ms] [LOG] [astro-mermaid] Initializing mermaid diagrams... @ http://localhost:4321/@id/astro:scripts/page.js:52
[  594096ms] [LOG] [astro-mermaid] Found 7 mermaid diagrams @ http://localhost:4321/@id/astro:scripts/page.js:55
[  594166ms] [LOG] [astro-mermaid] Using theme: default from html @ http://localhost:4321/@id/astro:scripts/page.js:73
[  594171ms] [LOG] [astro-mermaid] Rendering diagram: mermaid-f70053lga @ http://localhost:4321/@id/astro:scripts/page.js:101
[  594174ms] [LOG] [astro-mermaid] Using theme: default from html @ http://localhost:4321/@id/astro:scripts/page.js:73
[  594175ms] [LOG] [astro-mermaid] Rendering diagram: mermaid-u02pigzlt @ http://localhost:4321/@id/astro:scripts/page.js:101
[  594175ms] [LOG] [astro-mermaid] Using theme: default from html @ http://localhost:4321/@id/astro:scripts/page.js:73
[  594175ms] [LOG] [astro-mermaid] Rendering diagram: mermaid-1hsvyyb92 @ http://localhost:4321/@id/astro:scripts/page.js:101
[  594339ms] [LOG] [astro-mermaid] Successfully rendered diagram: mermaid-f70053lga @ http://localhost:4321/@id/astro:scripts/page.js:113
[  594339ms] [LOG] [astro-mermaid] Rendering diagram: mermaid-j54eg6cqx @ http://localhost:4321/@id/astro:scripts/page.js:101
[  594406ms] [LOG] [astro-mermaid] Successfully rendered diagram: mermaid-u02pigzlt @ http://localhost:4321/@id/astro:scripts/page.js:113
[  594406ms] [LOG] [astro-mermaid] Rendering diagram: mermaid-ixnfl7tyl @ http://localhost:4321/@id/astro:scripts/page.js:101
[  594472ms] [LOG] [astro-mermaid] Successfully rendered diagram: mermaid-1hsvyyb92 @ http://localhost:4321/@id/astro:scripts/page.js:113
[  594472ms] [LOG] [astro-mermaid] Rendering diagram: mermaid-nmasdxpxx @ http://localhost:4321/@id/astro:scripts/page.js:101
[  594504ms] [LOG] [astro-mermaid] Successfully rendered diagram: mermaid-j54eg6cqx @ http://localhost:4321/@id/astro:scripts/page.js:113
[  594504ms] [LOG] [astro-mermaid] Rendering diagram: mermaid-ru0f7aqmn @ http://localhost:4321/@id/astro:scripts/page.js:101
[  594540ms] [LOG] [astro-mermaid] Successfully rendered diagram: mermaid-ixnfl7tyl @ http://localhost:4321/@id/astro:scripts/page.js:113
[  594540ms] [LOG] [astro-mermaid] Rendering diagram: mermaid-3sdcxpyeb @ http://localhost:4321/@id/astro:scripts/page.js:101
[  594597ms] [LOG] [astro-mermaid] Successfully rendered diagram: mermaid-nmasdxpxx @ http://localhost:4321/@id/astro:scripts/page.js:113
[  594597ms] [LOG] [astro-mermaid] Rendering diagram: mermaid-n8hbsneab @ http://localhost:4321/@id/astro:scripts/page.js:101
[  594627ms] [LOG] [astro-mermaid] Successfully rendered diagram: mermaid-ru0f7aqmn @ http://localhost:4321/@id/astro:scripts/page.js:113
[  594627ms] [LOG] [astro-mermaid] Rendering diagram: mermaid-aqfht2y5n @ http://localhost:4321/@id/astro:scripts/page.js:101
[  594658ms] [LOG] [astro-mermaid] Successfully rendered diagram: mermaid-3sdcxpyeb @ http://localhost:4321/@id/astro:scripts/page.js:113
[  594658ms] [LOG] [astro-mermaid] Rendering diagram: mermaid-b0tfo6mmr @ http://localhost:4321/@id/astro:scripts/page.js:101
[  594681ms] [LOG] [astro-mermaid] Successfully rendered diagram: mermaid-n8hbsneab @ http://localhost:4321/@id/astro:scripts/page.js:113
[  594681ms] [LOG] [astro-mermaid] Rendering diagram: mermaid-st9ajpd1v @ http://localhost:4321/@id/astro:scripts/page.js:101
[  594699ms] [LOG] [astro-mermaid] Successfully rendered diagram: mermaid-aqfht2y5n @ http://localhost:4321/@id/astro:scripts/page.js:113
[  594699ms] [LOG] [astro-mermaid] Rendering diagram: mermaid-kra4u5g1k @ http://localhost:4321/@id/astro:scripts/page.js:101
[  594719ms] [LOG] [astro-mermaid] Successfully rendered diagram: mermaid-b0tfo6mmr @ http://localhost:4321/@id/astro:scripts/page.js:113
[  594719ms] [LOG] [astro-mermaid] Rendering diagram: mermaid-r1vgy3djk @ http://localhost:4321/@id/astro:scripts/page.js:101
[  594745ms] [LOG] [astro-mermaid] Successfully rendered diagram: mermaid-st9ajpd1v @ http://localhost:4321/@id/astro:scripts/page.js:113
[  594745ms] [LOG] [astro-mermaid] Rendering diagram: mermaid-0cvov0p5u @ http://localhost:4321/@id/astro:scripts/page.js:101
[  594764ms] [LOG] [astro-mermaid] Successfully rendered diagram: mermaid-kra4u5g1k @ http://localhost:4321/@id/astro:scripts/page.js:113
[  594764ms] [LOG] [astro-mermaid] Rendering diagram: mermaid-z59eq3i50 @ http://localhost:4321/@id/astro:scripts/page.js:101
[  594781ms] [LOG] [astro-mermaid] Successfully rendered diagram: mermaid-r1vgy3djk @ http://localhost:4321/@id/astro:scripts/page.js:113
[  594781ms] [LOG] [astro-mermaid] Rendering diagram: mermaid-9hqrp9umo @ http://localhost:4321/@id/astro:scripts/page.js:101
[  594799ms] [LOG] [astro-mermaid] Successfully rendered diagram: mermaid-0cvov0p5u @ http://localhost:4321/@id/astro:scripts/page.js:113
[  594799ms] [LOG] [astro-mermaid] Rendering diagram: mermaid-cjuiaa0n7 @ http://localhost:4321/@id/astro:scripts/page.js:101
[  594816ms] [LOG] [astro-mermaid] Successfully rendered diagram: mermaid-z59eq3i50 @ http://localhost:4321/@id/astro:scripts/page.js:113
[  594816ms] [LOG] [astro-mermaid] Rendering diagram: mermaid-zc4b0ycjb @ http://localhost:4321/@id/astro:scripts/page.js:101
[  594834ms] [LOG] [astro-mermaid] Successfully rendered diagram: mermaid-9hqrp9umo @ http://localhost:4321/@id/astro:scripts/page.js:113
[  594834ms] [LOG] [astro-mermaid] Rendering diagram: mermaid-hn0g6yei9 @ http://localhost:4321/@id/astro:scripts/page.js:101
[  594852ms] [LOG] [astro-mermaid] Successfully rendered diagram: mermaid-cjuiaa0n7 @ http://localhost:4321/@id/astro:scripts/page.js:113
[  594852ms] [LOG] [astro-mermaid] Rendering diagram: mermaid-ivbplbl5x @ http://localhost:4321/@id/astro:scripts/page.js:101
[  594878ms] [LOG] [astro-mermaid] Successfully rendered diagram: mermaid-zc4b0ycjb @ http://localhost:4321/@id/astro:scripts/page.js:113
[  594905ms] [LOG] [astro-mermaid] Successfully rendered diagram: mermaid-hn0g6yei9 @ http://localhost:4321/@id/astro:scripts/page.js:113
[  594930ms] [LOG] [astro-mermaid] Successfully rendered diagram: mermaid-ivbplbl5x @ http://localhost:4321/@id/astro:scripts/page.js:113
