[      86ms] [LOG] [astro-mermaid] Mermaid diagrams detected on initial load @ http://localhost:4321/@id/astro:scripts/page.js:127
[      86ms] [LOG] [astro-mermaid] Initializing mermaid diagrams... @ http://localhost:4321/@id/astro:scripts/page.js:52
[      86ms] [LOG] [astro-mermaid] Found 7 mermaid diagrams @ http://localhost:4321/@id/astro:scripts/page.js:55
[      86ms] [LOG] [astro-mermaid] Loading mermaid.js... @ http://localhost:4321/@id/astro:scripts/page.js:13
[      87ms] [LOG] [astro-mermaid] Initializing mermaid diagrams... @ http://localhost:4321/@id/astro:scripts/page.js:52
[      87ms] [LOG] [astro-mermaid] Found 7 mermaid diagrams @ http://localhost:4321/@id/astro:scripts/page.js:55
[      87ms] [LOG] [astro-mermaid] Initializing mermaid diagrams... @ http://localhost:4321/@id/astro:scripts/page.js:52
[      87ms] [LOG] [astro-mermaid] Found 7 mermaid diagrams @ http://localhost:4321/@id/astro:scripts/page.js:55
[     110ms] [LOG] [astro-mermaid] Using theme: default from html @ http://localhost:4321/@id/astro:scripts/page.js:73
[     111ms] [LOG] [astro-mermaid] Rendering diagram: mermaid-uy60f7bv0 @ http://localhost:4321/@id/astro:scripts/page.js:101
[     112ms] [LOG] [astro-mermaid] Using theme: default from html @ http://localhost:4321/@id/astro:scripts/page.js:73
[     113ms] [LOG] [astro-mermaid] Rendering diagram: mermaid-2fqf26l4v @ http://localhost:4321/@id/astro:scripts/page.js:101
[     113ms] [LOG] [astro-mermaid] Using theme: default from html @ http://localhost:4321/@id/astro:scripts/page.js:73
[     113ms] [LOG] [astro-mermaid] Rendering diagram: mermaid-h87c373hl @ http://localhost:4321/@id/astro:scripts/page.js:101
[     188ms] [LOG] [astro-mermaid] Successfully rendered diagram: mermaid-uy60f7bv0 @ http://localhost:4321/@id/astro:scripts/page.js:113
[     188ms] [LOG] [astro-mermaid] Rendering diagram: mermaid-nwm64w8rw @ http://localhost:4321/@id/astro:scripts/page.js:101
[     272ms] [LOG] [astro-mermaid] Successfully rendered diagram: mermaid-2fqf26l4v @ http://localhost:4321/@id/astro:scripts/page.js:113
[     272ms] [LOG] [astro-mermaid] Rendering diagram: mermaid-2kkz21c7r @ http://localhost:4321/@id/astro:scripts/page.js:101
[     327ms] [LOG] [astro-mermaid] Successfully rendered diagram: mermaid-h87c373hl @ http://localhost:4321/@id/astro:scripts/page.js:113
[     327ms] [LOG] [astro-mermaid] Rendering diagram: mermaid-bzhnioo6c @ http://localhost:4321/@id/astro:scripts/page.js:101
[     353ms] [LOG] [astro-mermaid] Successfully rendered diagram: mermaid-nwm64w8rw @ http://localhost:4321/@id/astro:scripts/page.js:113
[     353ms] [LOG] [astro-mermaid] Rendering diagram: mermaid-28vle6cqr @ http://localhost:4321/@id/astro:scripts/page.js:101
[     378ms] [LOG] [astro-mermaid] Successfully rendered diagram: mermaid-2kkz21c7r @ http://localhost:4321/@id/astro:scripts/page.js:113
[     378ms] [LOG] [astro-mermaid] Rendering diagram: mermaid-lqtp5hhvb @ http://localhost:4321/@id/astro:scripts/page.js:101
[     403ms] [LOG] [astro-mermaid] Successfully rendered diagram: mermaid-bzhnioo6c @ http://localhost:4321/@id/astro:scripts/page.js:113
[     403ms] [LOG] [astro-mermaid] Rendering diagram: mermaid-5euscf5pz @ http://localhost:4321/@id/astro:scripts/page.js:101
[     421ms] [LOG] [astro-mermaid] Successfully rendered diagram: mermaid-28vle6cqr @ http://localhost:4321/@id/astro:scripts/page.js:113
[     421ms] [LOG] [astro-mermaid] Rendering diagram: mermaid-9xlnd0k3q @ http://localhost:4321/@id/astro:scripts/page.js:101
[     441ms] [LOG] [astro-mermaid] Successfully rendered diagram: mermaid-lqtp5hhvb @ http://localhost:4321/@id/astro:scripts/page.js:113
[     441ms] [LOG] [astro-mermaid] Rendering diagram: mermaid-4aakj89jv @ http://localhost:4321/@id/astro:scripts/page.js:101
[     474ms] [LOG] [astro-mermaid] Successfully rendered diagram: mermaid-5euscf5pz @ http://localhost:4321/@id/astro:scripts/page.js:113
[     474ms] [LOG] [astro-mermaid] Rendering diagram: mermaid-xafjlxlu8 @ http://localhost:4321/@id/astro:scripts/page.js:101
[     492ms] [LOG] [astro-mermaid] Successfully rendered diagram: mermaid-9xlnd0k3q @ http://localhost:4321/@id/astro:scripts/page.js:113
[     492ms] [LOG] [astro-mermaid] Rendering diagram: mermaid-jqmd6ihkv @ http://localhost:4321/@id/astro:scripts/page.js:101
[     513ms] [LOG] [astro-mermaid] Successfully rendered diagram: mermaid-4aakj89jv @ http://localhost:4321/@id/astro:scripts/page.js:113
[     513ms] [LOG] [astro-mermaid] Rendering diagram: mermaid-qfi9rnkuu @ http://localhost:4321/@id/astro:scripts/page.js:101
[     531ms] [LOG] [astro-mermaid] Successfully rendered diagram: mermaid-xafjlxlu8 @ http://localhost:4321/@id/astro:scripts/page.js:113
[     531ms] [LOG] [astro-mermaid] Rendering diagram: mermaid-v366hmbsl @ http://localhost:4321/@id/astro:scripts/page.js:101
[     550ms] [LOG] [astro-mermaid] Successfully rendered diagram: mermaid-jqmd6ihkv @ http://localhost:4321/@id/astro:scripts/page.js:113
[     550ms] [LOG] [astro-mermaid] Rendering diagram: mermaid-5h5bdhwc6 @ http://localhost:4321/@id/astro:scripts/page.js:101
[     577ms] [LOG] [astro-mermaid] Successfully rendered diagram: mermaid-qfi9rnkuu @ http://localhost:4321/@id/astro:scripts/page.js:113
[     577ms] [LOG] [astro-mermaid] Rendering diagram: mermaid-i95mfe4qj @ http://localhost:4321/@id/astro:scripts/page.js:101
[     595ms] [LOG] [astro-mermaid] Successfully rendered diagram: mermaid-v366hmbsl @ http://localhost:4321/@id/astro:scripts/page.js:113
[     595ms] [LOG] [astro-mermaid] Rendering diagram: mermaid-8tkt8fxvb @ http://localhost:4321/@id/astro:scripts/page.js:101
[     610ms] [LOG] [astro-mermaid] Successfully rendered diagram: mermaid-5h5bdhwc6 @ http://localhost:4321/@id/astro:scripts/page.js:113
[     611ms] [LOG] [astro-mermaid] Rendering diagram: mermaid-4xuuphyeh @ http://localhost:4321/@id/astro:scripts/page.js:101
[     628ms] [LOG] [astro-mermaid] Successfully rendered diagram: mermaid-i95mfe4qj @ http://localhost:4321/@id/astro:scripts/page.js:113
[     628ms] [LOG] [astro-mermaid] Rendering diagram: mermaid-dmzizrkky @ http://localhost:4321/@id/astro:scripts/page.js:101
[     645ms] [LOG] [astro-mermaid] Successfully rendered diagram: mermaid-8tkt8fxvb @ http://localhost:4321/@id/astro:scripts/page.js:113
[     645ms] [LOG] [astro-mermaid] Rendering diagram: mermaid-8c0yczqhj @ http://localhost:4321/@id/astro:scripts/page.js:101
[     671ms] [LOG] [astro-mermaid] Successfully rendered diagram: mermaid-4xuuphyeh @ http://localhost:4321/@id/astro:scripts/page.js:113
[     707ms] [LOG] [astro-mermaid] Successfully rendered diagram: mermaid-dmzizrkky @ http://localhost:4321/@id/astro:scripts/page.js:113
[     732ms] [LOG] [astro-mermaid] Successfully rendered diagram: mermaid-8c0yczqhj @ http://localhost:4321/@id/astro:scripts/page.js:113
[   81481ms] [LOG] [astro-mermaid] Mermaid diagrams detected on initial load @ http://localhost:4321/@id/astro:scripts/page.js:127
[   81482ms] [LOG] [astro-mermaid] Initializing mermaid diagrams... @ http://localhost:4321/@id/astro:scripts/page.js:52
[   81482ms] [LOG] [astro-mermaid] Found 7 mermaid diagrams @ http://localhost:4321/@id/astro:scripts/page.js:55
[   81482ms] [LOG] [astro-mermaid] Loading mermaid.js... @ http://localhost:4321/@id/astro:scripts/page.js:13
[   81484ms] [LOG] [astro-mermaid] Initializing mermaid diagrams... @ http://localhost:4321/@id/astro:scripts/page.js:52
[   81484ms] [LOG] [astro-mermaid] Found 7 mermaid diagrams @ http://localhost:4321/@id/astro:scripts/page.js:55
[   81484ms] [LOG] [astro-mermaid] Initializing mermaid diagrams... @ http://localhost:4321/@id/astro:scripts/page.js:52
[   81484ms] [LOG] [astro-mermaid] Found 7 mermaid diagrams @ http://localhost:4321/@id/astro:scripts/page.js:55
[   81544ms] [LOG] [astro-mermaid] Using theme: default from html @ http://localhost:4321/@id/astro:scripts/page.js:73
[   81545ms] [LOG] [astro-mermaid] Rendering diagram: mermaid-2a2cux34f @ http://localhost:4321/@id/astro:scripts/page.js:101
[   81555ms] [LOG] [astro-mermaid] Using theme: default from html @ http://localhost:4321/@id/astro:scripts/page.js:73
[   81556ms] [LOG] [astro-mermaid] Rendering diagram: mermaid-np6lk5puj @ http://localhost:4321/@id/astro:scripts/page.js:101
[   81556ms] [LOG] [astro-mermaid] Using theme: default from html @ http://localhost:4321/@id/astro:scripts/page.js:73
[   81557ms] [LOG] [astro-mermaid] Rendering diagram: mermaid-aqtgd3blr @ http://localhost:4321/@id/astro:scripts/page.js:101
[   81714ms] [LOG] [astro-mermaid] Successfully rendered diagram: mermaid-2a2cux34f @ http://localhost:4321/@id/astro:scripts/page.js:113
[   81714ms] [LOG] [astro-mermaid] Rendering diagram: mermaid-gpk9wkxzc @ http://localhost:4321/@id/astro:scripts/page.js:101
[   81773ms] [LOG] [astro-mermaid] Successfully rendered diagram: mermaid-np6lk5puj @ http://localhost:4321/@id/astro:scripts/page.js:113
[   81773ms] [LOG] [astro-mermaid] Rendering diagram: mermaid-eyzbsxvu5 @ http://localhost:4321/@id/astro:scripts/page.js:101
[   81833ms] [LOG] [astro-mermaid] Successfully rendered diagram: mermaid-aqtgd3blr @ http://localhost:4321/@id/astro:scripts/page.js:113
[   81833ms] [LOG] [astro-mermaid] Rendering diagram: mermaid-c1p5q9my9 @ http://localhost:4321/@id/astro:scripts/page.js:101
[   81864ms] [LOG] [astro-mermaid] Successfully rendered diagram: mermaid-gpk9wkxzc @ http://localhost:4321/@id/astro:scripts/page.js:113
[   81864ms] [LOG] [astro-mermaid] Rendering diagram: mermaid-dubjwkciu @ http://localhost:4321/@id/astro:scripts/page.js:101
[   81890ms] [LOG] [astro-mermaid] Successfully rendered diagram: mermaid-eyzbsxvu5 @ http://localhost:4321/@id/astro:scripts/page.js:113
[   81890ms] [LOG] [astro-mermaid] Rendering diagram: mermaid-4dhf6dvmb @ http://localhost:4321/@id/astro:scripts/page.js:101
[   81920ms] [LOG] [astro-mermaid] Successfully rendered diagram: mermaid-c1p5q9my9 @ http://localhost:4321/@id/astro:scripts/page.js:113
[   81920ms] [LOG] [astro-mermaid] Rendering diagram: mermaid-b0uz6rpvz @ http://localhost:4321/@id/astro:scripts/page.js:101
[   81968ms] [LOG] [astro-mermaid] Successfully rendered diagram: mermaid-dubjwkciu @ http://localhost:4321/@id/astro:scripts/page.js:113
[   81968ms] [LOG] [astro-mermaid] Rendering diagram: mermaid-bofzjo3l8 @ http://localhost:4321/@id/astro:scripts/page.js:101
[   81988ms] [LOG] [astro-mermaid] Successfully rendered diagram: mermaid-4dhf6dvmb @ http://localhost:4321/@id/astro:scripts/page.js:113
[   81988ms] [LOG] [astro-mermaid] Rendering diagram: mermaid-pr4koonry @ http://localhost:4321/@id/astro:scripts/page.js:101
[   82012ms] [LOG] [astro-mermaid] Successfully rendered diagram: mermaid-b0uz6rpvz @ http://localhost:4321/@id/astro:scripts/page.js:113
[   82012ms] [LOG] [astro-mermaid] Rendering diagram: mermaid-qz9jzpqjj @ http://localhost:4321/@id/astro:scripts/page.js:101
[   82030ms] [LOG] [astro-mermaid] Successfully rendered diagram: mermaid-bofzjo3l8 @ http://localhost:4321/@id/astro:scripts/page.js:113
[   82030ms] [LOG] [astro-mermaid] Rendering diagram: mermaid-kpyw3grw8 @ http://localhost:4321/@id/astro:scripts/page.js:101
[   82047ms] [LOG] [astro-mermaid] Successfully rendered diagram: mermaid-pr4koonry @ http://localhost:4321/@id/astro:scripts/page.js:113
[   82047ms] [LOG] [astro-mermaid] Rendering diagram: mermaid-wnmyv7u8o @ http://localhost:4321/@id/astro:scripts/page.js:101
[   82064ms] [LOG] [astro-mermaid] Successfully rendered diagram: mermaid-qz9jzpqjj @ http://localhost:4321/@id/astro:scripts/page.js:113
[   82064ms] [LOG] [astro-mermaid] Rendering diagram: mermaid-i7hkar1ts @ http://localhost:4321/@id/astro:scripts/page.js:101
[   82086ms] [LOG] [astro-mermaid] Successfully rendered diagram: mermaid-kpyw3grw8 @ http://localhost:4321/@id/astro:scripts/page.js:113
[   82086ms] [LOG] [astro-mermaid] Rendering diagram: mermaid-ki56dek4t @ http://localhost:4321/@id/astro:scripts/page.js:101
[   82105ms] [LOG] [astro-mermaid] Successfully rendered diagram: mermaid-wnmyv7u8o @ http://localhost:4321/@id/astro:scripts/page.js:113
[   82105ms] [LOG] [astro-mermaid] Rendering diagram: mermaid-qgau86lj2 @ http://localhost:4321/@id/astro:scripts/page.js:101
[   82123ms] [LOG] [astro-mermaid] Successfully rendered diagram: mermaid-i7hkar1ts @ http://localhost:4321/@id/astro:scripts/page.js:113
[   82123ms] [LOG] [astro-mermaid] Rendering diagram: mermaid-33aeuxm86 @ http://localhost:4321/@id/astro:scripts/page.js:101
[   82139ms] [LOG] [astro-mermaid] Successfully rendered diagram: mermaid-ki56dek4t @ http://localhost:4321/@id/astro:scripts/page.js:113
[   82139ms] [LOG] [astro-mermaid] Rendering diagram: mermaid-k9a6n5ffa @ http://localhost:4321/@id/astro:scripts/page.js:101
[   82155ms] [LOG] [astro-mermaid] Successfully rendered diagram: mermaid-qgau86lj2 @ http://localhost:4321/@id/astro:scripts/page.js:113
[   82155ms] [LOG] [astro-mermaid] Rendering diagram: mermaid-kguoa8ep5 @ http://localhost:4321/@id/astro:scripts/page.js:101
[   82172ms] [LOG] [astro-mermaid] Successfully rendered diagram: mermaid-33aeuxm86 @ http://localhost:4321/@id/astro:scripts/page.js:113
[   82172ms] [LOG] [astro-mermaid] Rendering diagram: mermaid-pe2invuhk @ http://localhost:4321/@id/astro:scripts/page.js:101
[   82201ms] [LOG] [astro-mermaid] Successfully rendered diagram: mermaid-k9a6n5ffa @ http://localhost:4321/@id/astro:scripts/page.js:113
[   82228ms] [LOG] [astro-mermaid] Successfully rendered diagram: mermaid-kguoa8ep5 @ http://localhost:4321/@id/astro:scripts/page.js:113
[   82251ms] [LOG] [astro-mermaid] Successfully rendered diagram: mermaid-pe2invuhk @ http://localhost:4321/@id/astro:scripts/page.js:113
[   86316ms] [LOG] [astro-mermaid] Mermaid diagrams detected on initial load @ http://localhost:4321/@id/astro:scripts/page.js:127
[   86316ms] [LOG] [astro-mermaid] Initializing mermaid diagrams... @ http://localhost:4321/@id/astro:scripts/page.js:52
[   86316ms] [LOG] [astro-mermaid] Found 7 mermaid diagrams @ http://localhost:4321/@id/astro:scripts/page.js:55
[   86316ms] [LOG] [astro-mermaid] Loading mermaid.js... @ http://localhost:4321/@id/astro:scripts/page.js:13
[   86318ms] [LOG] [astro-mermaid] Initializing mermaid diagrams... @ http://localhost:4321/@id/astro:scripts/page.js:52
[   86318ms] [LOG] [astro-mermaid] Found 7 mermaid diagrams @ http://localhost:4321/@id/astro:scripts/page.js:55
[   86318ms] [LOG] [astro-mermaid] Initializing mermaid diagrams... @ http://localhost:4321/@id/astro:scripts/page.js:52
[   86318ms] [LOG] [astro-mermaid] Found 7 mermaid diagrams @ http://localhost:4321/@id/astro:scripts/page.js:55
[   86344ms] [LOG] [astro-mermaid] Using theme: default from html @ http://localhost:4321/@id/astro:scripts/page.js:73
[   86345ms] [LOG] [astro-mermaid] Rendering diagram: mermaid-ck4vu7665 @ http://localhost:4321/@id/astro:scripts/page.js:101
[   86346ms] [LOG] [astro-mermaid] Using theme: default from html @ http://localhost:4321/@id/astro:scripts/page.js:73
[   86347ms] [LOG] [astro-mermaid] Rendering diagram: mermaid-0cuxjgorv @ http://localhost:4321/@id/astro:scripts/page.js:101
[   86347ms] [LOG] [astro-mermaid] Using theme: default from html @ http://localhost:4321/@id/astro:scripts/page.js:73
[   86347ms] [LOG] [astro-mermaid] Rendering diagram: mermaid-abpymoriz @ http://localhost:4321/@id/astro:scripts/page.js:101
[   86436ms] [LOG] [astro-mermaid] Successfully rendered diagram: mermaid-ck4vu7665 @ http://localhost:4321/@id/astro:scripts/page.js:113
[   86436ms] [LOG] [astro-mermaid] Rendering diagram: mermaid-jsq02en47 @ http://localhost:4321/@id/astro:scripts/page.js:101
[   86496ms] [LOG] [astro-mermaid] Successfully rendered diagram: mermaid-0cuxjgorv @ http://localhost:4321/@id/astro:scripts/page.js:113
[   86496ms] [LOG] [astro-mermaid] Rendering diagram: mermaid-tv9ngocsw @ http://localhost:4321/@id/astro:scripts/page.js:101
[   86547ms] [LOG] [astro-mermaid] Successfully rendered diagram: mermaid-abpymoriz @ http://localhost:4321/@id/astro:scripts/page.js:113
[   86547ms] [LOG] [astro-mermaid] Rendering diagram: mermaid-bkftj5isg @ http://localhost:4321/@id/astro:scripts/page.js:101
[   86573ms] [LOG] [astro-mermaid] Successfully rendered diagram: mermaid-jsq02en47 @ http://localhost:4321/@id/astro:scripts/page.js:113
[   86573ms] [LOG] [astro-mermaid] Rendering diagram: mermaid-paw9vik8k @ http://localhost:4321/@id/astro:scripts/page.js:101
[   86599ms] [LOG] [astro-mermaid] Successfully rendered diagram: mermaid-tv9ngocsw @ http://localhost:4321/@id/astro:scripts/page.js:113
[   86599ms] [LOG] [astro-mermaid] Rendering diagram: mermaid-di9r7426w @ http://localhost:4321/@id/astro:scripts/page.js:101
[   86622ms] [LOG] [astro-mermaid] Successfully rendered diagram: mermaid-bkftj5isg @ http://localhost:4321/@id/astro:scripts/page.js:113
[   86622ms] [LOG] [astro-mermaid] Rendering diagram: mermaid-qhtstok9d @ http://localhost:4321/@id/astro:scripts/page.js:101
[   86643ms] [LOG] [astro-mermaid] Successfully rendered diagram: mermaid-paw9vik8k @ http://localhost:4321/@id/astro:scripts/page.js:113
[   86643ms] [LOG] [astro-mermaid] Rendering diagram: mermaid-3a3dhjm18 @ http://localhost:4321/@id/astro:scripts/page.js:101
[   86663ms] [LOG] [astro-mermaid] Successfully rendered diagram: mermaid-di9r7426w @ http://localhost:4321/@id/astro:scripts/page.js:113
[   86663ms] [LOG] [astro-mermaid] Rendering diagram: mermaid-bvjxz4tb2 @ http://localhost:4321/@id/astro:scripts/page.js:101
[   86695ms] [LOG] [astro-mermaid] Successfully rendered diagram: mermaid-qhtstok9d @ http://localhost:4321/@id/astro:scripts/page.js:113
[   86695ms] [LOG] [astro-mermaid] Rendering diagram: mermaid-0lmokhzpi @ http://localhost:4321/@id/astro:scripts/page.js:101
[   86713ms] [LOG] [astro-mermaid] Successfully rendered diagram: mermaid-3a3dhjm18 @ http://localhost:4321/@id/astro:scripts/page.js:113
[   86713ms] [LOG] [astro-mermaid] Rendering diagram: mermaid-ha2vyduos @ http://localhost:4321/@id/astro:scripts/page.js:101
[   86732ms] [LOG] [astro-mermaid] Successfully rendered diagram: mermaid-bvjxz4tb2 @ http://localhost:4321/@id/astro:scripts/page.js:113
[   86732ms] [LOG] [astro-mermaid] Rendering diagram: mermaid-d27o5k73b @ http://localhost:4321/@id/astro:scripts/page.js:101
[   86751ms] [LOG] [astro-mermaid] Successfully rendered diagram: mermaid-0lmokhzpi @ http://localhost:4321/@id/astro:scripts/page.js:113
[   86751ms] [LOG] [astro-mermaid] Rendering diagram: mermaid-c59cgz2ot @ http://localhost:4321/@id/astro:scripts/page.js:101
[   86768ms] [LOG] [astro-mermaid] Successfully rendered diagram: mermaid-ha2vyduos @ http://localhost:4321/@id/astro:scripts/page.js:113
[   86769ms] [LOG] [astro-mermaid] Rendering diagram: mermaid-rfveux4ts @ http://localhost:4321/@id/astro:scripts/page.js:101
[   86787ms] [LOG] [astro-mermaid] Successfully rendered diagram: mermaid-d27o5k73b @ http://localhost:4321/@id/astro:scripts/page.js:113
[   86787ms] [LOG] [astro-mermaid] Rendering diagram: mermaid-gr8vyto85 @ http://localhost:4321/@id/astro:scripts/page.js:101
[   86806ms] [LOG] [astro-mermaid] Successfully rendered diagram: mermaid-c59cgz2ot @ http://localhost:4321/@id/astro:scripts/page.js:113
[   86806ms] [LOG] [astro-mermaid] Rendering diagram: mermaid-etdbs9mus @ http://localhost:4321/@id/astro:scripts/page.js:101
[   86833ms] [LOG] [astro-mermaid] Successfully rendered diagram: mermaid-rfveux4ts @ http://localhost:4321/@id/astro:scripts/page.js:113
[   86833ms] [LOG] [astro-mermaid] Rendering diagram: mermaid-k597mvu3l @ http://localhost:4321/@id/astro:scripts/page.js:101
[   86849ms] [LOG] [astro-mermaid] Successfully rendered diagram: mermaid-gr8vyto85 @ http://localhost:4321/@id/astro:scripts/page.js:113
[   86849ms] [LOG] [astro-mermaid] Rendering diagram: mermaid-3x1fsm73j @ http://localhost:4321/@id/astro:scripts/page.js:101
[   86866ms] [LOG] [astro-mermaid] Successfully rendered diagram: mermaid-etdbs9mus @ http://localhost:4321/@id/astro:scripts/page.js:113
[   86866ms] [LOG] [astro-mermaid] Rendering diagram: mermaid-5mvqfh68a @ http://localhost:4321/@id/astro:scripts/page.js:101
[   86892ms] [LOG] [astro-mermaid] Successfully rendered diagram: mermaid-k597mvu3l @ http://localhost:4321/@id/astro:scripts/page.js:113
[   86918ms] [LOG] [astro-mermaid] Successfully rendered diagram: mermaid-3x1fsm73j @ http://localhost:4321/@id/astro:scripts/page.js:113
[   86943ms] [LOG] [astro-mermaid] Successfully rendered diagram: mermaid-5mvqfh68a @ http://localhost:4321/@id/astro:scripts/page.js:113
[   92592ms] [LOG] [astro-mermaid] Mermaid diagrams detected on initial load @ http://localhost:4321/@id/astro:scripts/page.js:127
[   92592ms] [LOG] [astro-mermaid] Initializing mermaid diagrams... @ http://localhost:4321/@id/astro:scripts/page.js:52
[   92592ms] [LOG] [astro-mermaid] Found 7 mermaid diagrams @ http://localhost:4321/@id/astro:scripts/page.js:55
[   92592ms] [LOG] [astro-mermaid] Loading mermaid.js... @ http://localhost:4321/@id/astro:scripts/page.js:13
[   92593ms] [LOG] [astro-mermaid] Initializing mermaid diagrams... @ http://localhost:4321/@id/astro:scripts/page.js:52
[   92593ms] [LOG] [astro-mermaid] Found 7 mermaid diagrams @ http://localhost:4321/@id/astro:scripts/page.js:55
[   92593ms] [LOG] [astro-mermaid] Initializing mermaid diagrams... @ http://localhost:4321/@id/astro:scripts/page.js:52
[   92594ms] [LOG] [astro-mermaid] Found 7 mermaid diagrams @ http://localhost:4321/@id/astro:scripts/page.js:55
[   92618ms] [LOG] [astro-mermaid] Using theme: default from html @ http://localhost:4321/@id/astro:scripts/page.js:73
[   92619ms] [LOG] [astro-mermaid] Rendering diagram: mermaid-51chxcupn @ http://localhost:4321/@id/astro:scripts/page.js:101
[   92619ms] [LOG] [astro-mermaid] Using theme: default from html @ http://localhost:4321/@id/astro:scripts/page.js:73
[   92620ms] [LOG] [astro-mermaid] Rendering diagram: mermaid-ty6wtiei4 @ http://localhost:4321/@id/astro:scripts/page.js:101
[   92620ms] [LOG] [astro-mermaid] Using theme: default from html @ http://localhost:4321/@id/astro:scripts/page.js:73
[   92621ms] [LOG] [astro-mermaid] Rendering diagram: mermaid-8mcxkz7sl @ http://localhost:4321/@id/astro:scripts/page.js:101
[   92708ms] [LOG] [astro-mermaid] Successfully rendered diagram: mermaid-51chxcupn @ http://localhost:4321/@id/astro:scripts/page.js:113
[   92708ms] [LOG] [astro-mermaid] Rendering diagram: mermaid-uifp4m6og @ http://localhost:4321/@id/astro:scripts/page.js:101
[   92764ms] [LOG] [astro-mermaid] Successfully rendered diagram: mermaid-ty6wtiei4 @ http://localhost:4321/@id/astro:scripts/page.js:113
[   92764ms] [LOG] [astro-mermaid] Rendering diagram: mermaid-4jhy34isq @ http://localhost:4321/@id/astro:scripts/page.js:101
[   92814ms] [LOG] [astro-mermaid] Successfully rendered diagram: mermaid-8mcxkz7sl @ http://localhost:4321/@id/astro:scripts/page.js:113
[   92814ms] [LOG] [astro-mermaid] Rendering diagram: mermaid-5p80yc3v7 @ http://localhost:4321/@id/astro:scripts/page.js:101
[   92841ms] [LOG] [astro-mermaid] Successfully rendered diagram: mermaid-uifp4m6og @ http://localhost:4321/@id/astro:scripts/page.js:113
[   92841ms] [LOG] [astro-mermaid] Rendering diagram: mermaid-awq0jc31r @ http://localhost:4321/@id/astro:scripts/page.js:101
[   92864ms] [LOG] [astro-mermaid] Successfully rendered diagram: mermaid-4jhy34isq @ http://localhost:4321/@id/astro:scripts/page.js:113
[   92864ms] [LOG] [astro-mermaid] Rendering diagram: mermaid-pho6p69hc @ http://localhost:4321/@id/astro:scripts/page.js:101
[   92887ms] [LOG] [astro-mermaid] Successfully rendered diagram: mermaid-5p80yc3v7 @ http://localhost:4321/@id/astro:scripts/page.js:113
[   92887ms] [LOG] [astro-mermaid] Rendering diagram: mermaid-x6qwhy7ag @ http://localhost:4321/@id/astro:scripts/page.js:101
[   92907ms] [LOG] [astro-mermaid] Successfully rendered diagram: mermaid-awq0jc31r @ http://localhost:4321/@id/astro:scripts/page.js:113
[   92907ms] [LOG] [astro-mermaid] Rendering diagram: mermaid-pfuk822ng @ http://localhost:4321/@id/astro:scripts/page.js:101
[   92927ms] [LOG] [astro-mermaid] Successfully rendered diagram: mermaid-pho6p69hc @ http://localhost:4321/@id/astro:scripts/page.js:113
[   92927ms] [LOG] [astro-mermaid] Rendering diagram: mermaid-qd7mdoi3a @ http://localhost:4321/@id/astro:scripts/page.js:101
[   92946ms] [LOG] [astro-mermaid] Successfully rendered diagram: mermaid-x6qwhy7ag @ http://localhost:4321/@id/astro:scripts/page.js:113
[   92947ms] [LOG] [astro-mermaid] Rendering diagram: mermaid-a08sbutip @ http://localhost:4321/@id/astro:scripts/page.js:101
[   92976ms] [LOG] [astro-mermaid] Successfully rendered diagram: mermaid-pfuk822ng @ http://localhost:4321/@id/astro:scripts/page.js:113
[   92976ms] [LOG] [astro-mermaid] Rendering diagram: mermaid-zmnliam0w @ http://localhost:4321/@id/astro:scripts/page.js:101
[   92994ms] [LOG] [astro-mermaid] Successfully rendered diagram: mermaid-qd7mdoi3a @ http://localhost:4321/@id/astro:scripts/page.js:113
[   92994ms] [LOG] [astro-mermaid] Rendering diagram: mermaid-la7lf20rb @ http://localhost:4321/@id/astro:scripts/page.js:101
[   93014ms] [LOG] [astro-mermaid] Successfully rendered diagram: mermaid-a08sbutip @ http://localhost:4321/@id/astro:scripts/page.js:113
[   93014ms] [LOG] [astro-mermaid] Rendering diagram: mermaid-axbp75un3 @ http://localhost:4321/@id/astro:scripts/page.js:101
[   93032ms] [LOG] [astro-mermaid] Successfully rendered diagram: mermaid-zmnliam0w @ http://localhost:4321/@id/astro:scripts/page.js:113
[   93033ms] [LOG] [astro-mermaid] Rendering diagram: mermaid-y1a1vuesf @ http://localhost:4321/@id/astro:scripts/page.js:101
[   93059ms] [LOG] [astro-mermaid] Successfully rendered diagram: mermaid-la7lf20rb @ http://localhost:4321/@id/astro:scripts/page.js:113
[   93059ms] [LOG] [astro-mermaid] Rendering diagram: mermaid-pru1mgvyz @ http://localhost:4321/@id/astro:scripts/page.js:101
[   93078ms] [LOG] [astro-mermaid] Successfully rendered diagram: mermaid-axbp75un3 @ http://localhost:4321/@id/astro:scripts/page.js:113
[   93078ms] [LOG] [astro-mermaid] Rendering diagram: mermaid-z2tkdfwe3 @ http://localhost:4321/@id/astro:scripts/page.js:101
[   93095ms] [LOG] [astro-mermaid] Successfully rendered diagram: mermaid-y1a1vuesf @ http://localhost:4321/@id/astro:scripts/page.js:113
[   93095ms] [LOG] [astro-mermaid] Rendering diagram: mermaid-c37axt63z @ http://localhost:4321/@id/astro:scripts/page.js:101
[   93112ms] [LOG] [astro-mermaid] Successfully rendered diagram: mermaid-pru1mgvyz @ http://localhost:4321/@id/astro:scripts/page.js:113
[   93112ms] [LOG] [astro-mermaid] Rendering diagram: mermaid-wkb9pwo3g @ http://localhost:4321/@id/astro:scripts/page.js:101
[   93129ms] [LOG] [astro-mermaid] Successfully rendered diagram: mermaid-z2tkdfwe3 @ http://localhost:4321/@id/astro:scripts/page.js:113
[   93129ms] [LOG] [astro-mermaid] Rendering diagram: mermaid-ndv2x7ak2 @ http://localhost:4321/@id/astro:scripts/page.js:101
[   93155ms] [LOG] [astro-mermaid] Successfully rendered diagram: mermaid-c37axt63z @ http://localhost:4321/@id/astro:scripts/page.js:113
[   93187ms] [LOG] [astro-mermaid] Successfully rendered diagram: mermaid-wkb9pwo3g @ http://localhost:4321/@id/astro:scripts/page.js:113
[   93213ms] [LOG] [astro-mermaid] Successfully rendered diagram: mermaid-ndv2x7ak2 @ http://localhost:4321/@id/astro:scripts/page.js:113
