[      44ms] [ERROR] Failed to load resource: the server responded with a status of 404 (File not found) @ http://localhost:7778/public/skunkworks-logo.png:0
[      92ms] [WARNING] <meta name="apple-mobile-web-app-capable" content="yes"> is deprecated. Please include <meta name="mobile-web-app-capable" content="yes"> @ http://localhost:7778/google-slides-cs-system-presentation-detailed.html:0
[      93ms] [ERROR] Failed to load resource: the server responded with a status of 404 (File not found) @ http://localhost:7778/favicon.ico:0
[     101ms] [VERBOSE] Rendering was performed in a subtree hidden by content-visibility. @ :3102
[     101ms] [VERBOSE] Rendering was performed in a subtree hidden by content-visibility. @ :3102
[     102ms] [VERBOSE] Rendering was performed in a subtree hidden by content-visibility. @ :3102
[     102ms] [VERBOSE] Rendering was performed in a subtree hidden by content-visibility. @ :3102
[     103ms] [VERBOSE] Rendering was performed in a subtree hidden by content-visibility. @ :3102
[     103ms] [VERBOSE] Rendering was performed in a subtree hidden by content-visibility. @ :3102
[     104ms] [VERBOSE] Rendering was performed in a subtree hidden by content-visibility. @ :3102
[     104ms] [VERBOSE] Rendering was performed in a subtree hidden by content-visibility. @ :3102
[     104ms] [VERBOSE] Rendering was performed in a subtree hidden by content-visibility. @ :3102
[     104ms] [VERBOSE] Rendering was performed in a subtree hidden by content-visibility. @ :3102
[     105ms] [VERBOSE] Rendering was performed in a subtree hidden by content-visibility. @ :3102
[     105ms] [VERBOSE] Rendering was performed in a subtree hidden by content-visibility. @ :3102
[     106ms] [VERBOSE] Rendering was performed in a subtree hidden by content-visibility. @ :3102
[     106ms] [VERBOSE] Rendering was performed in a subtree hidden by content-visibility. @ :3102
[     106ms] [VERBOSE] Rendering was performed in a subtree hidden by content-visibility. @ :3102
[     106ms] [VERBOSE] Rendering was performed in a subtree hidden by content-visibility. @ :3102
[     107ms] [VERBOSE] Rendering was performed in a subtree hidden by content-visibility. @ :3102
[     107ms] [VERBOSE] Rendering was performed in a subtree hidden by content-visibility. @ :3102
[     107ms] [VERBOSE] Rendering was performed in a subtree hidden by content-visibility. @ :3102
[     107ms] [VERBOSE] Rendering was performed in a subtree hidden by content-visibility. @ :3102
[     108ms] [VERBOSE] Rendering was performed in a subtree hidden by content-visibility. @ :3102
[     108ms] [VERBOSE] Rendering was performed in a subtree hidden by content-visibility. @ :3102
[     108ms] [VERBOSE] Rendering was performed in a subtree hidden by content-visibility. @ :3102
[     108ms] [VERBOSE] Rendering was performed in a subtree hidden by content-visibility. @ :3102
[     109ms] [VERBOSE] Rendering was performed in a subtree hidden by content-visibility. @ :3102
[     109ms] [VERBOSE] Rendering was performed in a subtree hidden by content-visibility. @ :3102
[     110ms] [VERBOSE] Rendering was performed in a subtree hidden by content-visibility. @ :3102
[     110ms] [VERBOSE] Rendering was performed in a subtree hidden by content-visibility. @ :3102
[     110ms] [VERBOSE] Rendering was performed in a subtree hidden by content-visibility. @ :3102
[     110ms] [VERBOSE] Rendering was performed in a subtree hidden by content-visibility. @ :3102
[     111ms] [VERBOSE] Rendering was performed in a subtree hidden by content-visibility. @ :3102
[     111ms] [VERBOSE] Rendering was performed in a subtree hidden by content-visibility. @ :3102
[     111ms] [VERBOSE] Rendering was performed in a subtree hidden by content-visibility. @ :3102
[     111ms] [VERBOSE] Rendering was performed in a subtree hidden by content-visibility. @ :3102
[     112ms] [VERBOSE] Rendering was performed in a subtree hidden by content-visibility. @ :3102
[     112ms] [VERBOSE] Rendering was performed in a subtree hidden by content-visibility. @ :3102
[    7524ms] [VERBOSE] Rendering was performed in a subtree hidden by content-visibility. @ :3102
[    7526ms] [VERBOSE] Rendering was performed in a subtree hidden by content-visibility. @ :3102
[    7527ms] [VERBOSE] Rendering was performed in a subtree hidden by content-visibility. @ :3102
[    7528ms] [VERBOSE] Rendering was performed in a subtree hidden by content-visibility. @ :3102
[    7529ms] [VERBOSE] Rendering was performed in a subtree hidden by content-visibility. @ :3102
[    7530ms] [VERBOSE] Rendering was performed in a subtree hidden by content-visibility. @ :3102
[    7531ms] [VERBOSE] Rendering was performed in a subtree hidden by content-visibility. @ :3102
[    7531ms] [VERBOSE] Rendering was performed in a subtree hidden by content-visibility. @ :3102
[    7532ms] [VERBOSE] Rendering was performed in a subtree hidden by content-visibility. @ :3102
[    7532ms] [VERBOSE] Rendering was performed in a subtree hidden by content-visibility. @ :3102
[    7533ms] [VERBOSE] Rendering was performed in a subtree hidden by content-visibility. @ :3102
[    7534ms] [VERBOSE] Rendering was performed in a subtree hidden by content-visibility. @ :3102
[    7535ms] [VERBOSE] Rendering was performed in a subtree hidden by content-visibility. @ :3102
[    7535ms] [VERBOSE] Rendering was performed in a subtree hidden by content-visibility. @ :3102
[    7536ms] [VERBOSE] Rendering was performed in a subtree hidden by content-visibility. @ :3102
[    7536ms] [VERBOSE] Rendering was performed in a subtree hidden by content-visibility. @ :3102
[    7537ms] [VERBOSE] Rendering was performed in a subtree hidden by content-visibility. @ :3102
[    7538ms] [VERBOSE] Rendering was performed in a subtree hidden by content-visibility. @ :3102
