[     893ms] [LOG] [astro-mermaid] Mermaid diagrams detected on initial load @ http://localhost:4321/@id/astro:scripts/page.js:127
[     893ms] [LOG] [astro-mermaid] Initializing mermaid diagrams... @ http://localhost:4321/@id/astro:scripts/page.js:52
[     893ms] [LOG] [astro-mermaid] Found 7 mermaid diagrams @ http://localhost:4321/@id/astro:scripts/page.js:55
[     893ms] [LOG] [astro-mermaid] Loading mermaid.js... @ http://localhost:4321/@id/astro:scripts/page.js:13
[     899ms] [LOG] [astro-mermaid] Initializing mermaid diagrams... @ http://localhost:4321/@id/astro:scripts/page.js:52
[     899ms] [LOG] [astro-mermaid] Found 7 mermaid diagrams @ http://localhost:4321/@id/astro:scripts/page.js:55
[     899ms] [LOG] [astro-mermaid] Initializing mermaid diagrams... @ http://localhost:4321/@id/astro:scripts/page.js:52
[     899ms] [LOG] [astro-mermaid] Found 7 mermaid diagrams @ http://localhost:4321/@id/astro:scripts/page.js:55
[     963ms] [LOG] [astro-mermaid] Using theme: default from html @ http://localhost:4321/@id/astro:scripts/page.js:73
[     964ms] [LOG] [astro-mermaid] Rendering diagram: mermaid-dfcxk8ho8 @ http://localhost:4321/@id/astro:scripts/page.js:101
[     966ms] [LOG] [astro-mermaid] Using theme: default from html @ http://localhost:4321/@id/astro:scripts/page.js:73
[     968ms] [LOG] [astro-mermaid] Rendering diagram: mermaid-h472nyz5a @ http://localhost:4321/@id/astro:scripts/page.js:101
[     968ms] [LOG] [astro-mermaid] Using theme: default from html @ http://localhost:4321/@id/astro:scripts/page.js:73
[     969ms] [LOG] [astro-mermaid] Rendering diagram: mermaid-rj0hgwg92 @ http://localhost:4321/@id/astro:scripts/page.js:101
[    1127ms] [LOG] [astro-mermaid] Successfully rendered diagram: mermaid-dfcxk8ho8 @ http://localhost:4321/@id/astro:scripts/page.js:113
[    1127ms] [LOG] [astro-mermaid] Rendering diagram: mermaid-fvq0dexn0 @ http://localhost:4321/@id/astro:scripts/page.js:101
[    1191ms] [LOG] [astro-mermaid] Successfully rendered diagram: mermaid-h472nyz5a @ http://localhost:4321/@id/astro:scripts/page.js:113
[    1191ms] [LOG] [astro-mermaid] Rendering diagram: mermaid-690p7ufo4 @ http://localhost:4321/@id/astro:scripts/page.js:101
[    1247ms] [LOG] [astro-mermaid] Successfully rendered diagram: mermaid-rj0hgwg92 @ http://localhost:4321/@id/astro:scripts/page.js:113
[    1247ms] [LOG] [astro-mermaid] Rendering diagram: mermaid-w9fk41m8x @ http://localhost:4321/@id/astro:scripts/page.js:101
[    1276ms] [LOG] [astro-mermaid] Successfully rendered diagram: mermaid-fvq0dexn0 @ http://localhost:4321/@id/astro:scripts/page.js:113
[    1276ms] [LOG] [astro-mermaid] Rendering diagram: mermaid-gv014ctjd @ http://localhost:4321/@id/astro:scripts/page.js:101
[    1310ms] [LOG] [astro-mermaid] Successfully rendered diagram: mermaid-690p7ufo4 @ http://localhost:4321/@id/astro:scripts/page.js:113
[    1310ms] [LOG] [astro-mermaid] Rendering diagram: mermaid-wmvzc6h9x @ http://localhost:4321/@id/astro:scripts/page.js:101
[    1334ms] [LOG] [astro-mermaid] Successfully rendered diagram: mermaid-w9fk41m8x @ http://localhost:4321/@id/astro:scripts/page.js:113
[    1334ms] [LOG] [astro-mermaid] Rendering diagram: mermaid-dif2f9z11 @ http://localhost:4321/@id/astro:scripts/page.js:101
[    1371ms] [LOG] [astro-mermaid] Successfully rendered diagram: mermaid-gv014ctjd @ http://localhost:4321/@id/astro:scripts/page.js:113
[    1371ms] [LOG] [astro-mermaid] Rendering diagram: mermaid-97wop9mpp @ http://localhost:4321/@id/astro:scripts/page.js:101
[    1396ms] [LOG] [astro-mermaid] Successfully rendered diagram: mermaid-wmvzc6h9x @ http://localhost:4321/@id/astro:scripts/page.js:113
[    1396ms] [LOG] [astro-mermaid] Rendering diagram: mermaid-clbsnc2wy @ http://localhost:4321/@id/astro:scripts/page.js:101
[    1415ms] [LOG] [astro-mermaid] Successfully rendered diagram: mermaid-dif2f9z11 @ http://localhost:4321/@id/astro:scripts/page.js:113
[    1415ms] [LOG] [astro-mermaid] Rendering diagram: mermaid-oh38zknan @ http://localhost:4321/@id/astro:scripts/page.js:101
[    1434ms] [LOG] [astro-mermaid] Successfully rendered diagram: mermaid-97wop9mpp @ http://localhost:4321/@id/astro:scripts/page.js:113
[    1434ms] [LOG] [astro-mermaid] Rendering diagram: mermaid-0g0pn0vau @ http://localhost:4321/@id/astro:scripts/page.js:101
[    1451ms] [LOG] [astro-mermaid] Successfully rendered diagram: mermaid-clbsnc2wy @ http://localhost:4321/@id/astro:scripts/page.js:113
[    1451ms] [LOG] [astro-mermaid] Rendering diagram: mermaid-dqldr2zo0 @ http://localhost:4321/@id/astro:scripts/page.js:101
[    1466ms] [LOG] [astro-mermaid] Successfully rendered diagram: mermaid-oh38zknan @ http://localhost:4321/@id/astro:scripts/page.js:113
[    1466ms] [LOG] [astro-mermaid] Rendering diagram: mermaid-1viq7kw7t @ http://localhost:4321/@id/astro:scripts/page.js:101
[    1482ms] [LOG] [astro-mermaid] Successfully rendered diagram: mermaid-0g0pn0vau @ http://localhost:4321/@id/astro:scripts/page.js:113
[    1482ms] [LOG] [astro-mermaid] Rendering diagram: mermaid-kxghrqsk6 @ http://localhost:4321/@id/astro:scripts/page.js:101
[    1498ms] [LOG] [astro-mermaid] Successfully rendered diagram: mermaid-dqldr2zo0 @ http://localhost:4321/@id/astro:scripts/page.js:113
[    1498ms] [LOG] [astro-mermaid] Rendering diagram: mermaid-ybvo1zdne @ http://localhost:4321/@id/astro:scripts/page.js:101
[    1515ms] [LOG] [astro-mermaid] Successfully rendered diagram: mermaid-1viq7kw7t @ http://localhost:4321/@id/astro:scripts/page.js:113
[    1515ms] [LOG] [astro-mermaid] Rendering diagram: mermaid-9z5qh37tr @ http://localhost:4321/@id/astro:scripts/page.js:101
[    1530ms] [LOG] [astro-mermaid] Successfully rendered diagram: mermaid-kxghrqsk6 @ http://localhost:4321/@id/astro:scripts/page.js:113
[    1531ms] [LOG] [astro-mermaid] Rendering diagram: mermaid-v0luv9wqw @ http://localhost:4321/@id/astro:scripts/page.js:101
[    1545ms] [LOG] [astro-mermaid] Successfully rendered diagram: mermaid-ybvo1zdne @ http://localhost:4321/@id/astro:scripts/page.js:113
[    1545ms] [LOG] [astro-mermaid] Rendering diagram: mermaid-c2e1b60j4 @ http://localhost:4321/@id/astro:scripts/page.js:101
[    1560ms] [LOG] [astro-mermaid] Successfully rendered diagram: mermaid-9z5qh37tr @ http://localhost:4321/@id/astro:scripts/page.js:113
[    1560ms] [LOG] [astro-mermaid] Rendering diagram: mermaid-4euqbw1bi @ http://localhost:4321/@id/astro:scripts/page.js:101
[    1590ms] [LOG] [astro-mermaid] Successfully rendered diagram: mermaid-v0luv9wqw @ http://localhost:4321/@id/astro:scripts/page.js:113
[    1615ms] [LOG] [astro-mermaid] Successfully rendered diagram: mermaid-c2e1b60j4 @ http://localhost:4321/@id/astro:scripts/page.js:113
[    1637ms] [LOG] [astro-mermaid] Successfully rendered diagram: mermaid-4euqbw1bi @ http://localhost:4321/@id/astro:scripts/page.js:113
