[      39ms] [ERROR] Failed to load resource: the server responded with a status of 404 (File not found) @ http://localhost:7777/public/skunkworks-logo.png:0
[     129ms] [WARNING] <meta name="apple-mobile-web-app-capable" content="yes"> is deprecated. Please include <meta name="mobile-web-app-capable" content="yes"> @ http://localhost:7777/google-slides-cs-system-presentation-detailed.html:0
[     143ms] [VERBOSE] Rendering was performed in a subtree hidden by content-visibility. @ :3102
[     143ms] [VERBOSE] Rendering was performed in a subtree hidden by content-visibility. @ :3102
[     143ms] [VERBOSE] Rendering was performed in a subtree hidden by content-visibility. @ :3102
[     144ms] [VERBOSE] Rendering was performed in a subtree hidden by content-visibility. @ :3102
[     144ms] [VERBOSE] Rendering was performed in a subtree hidden by content-visibility. @ :3102
[     144ms] [VERBOSE] Rendering was performed in a subtree hidden by content-visibility. @ :3102
[     145ms] [VERBOSE] Rendering was performed in a subtree hidden by content-visibility. @ :3102
[     145ms] [VERBOSE] Rendering was performed in a subtree hidden by content-visibility. @ :3102
[     146ms] [VERBOSE] Rendering was performed in a subtree hidden by content-visibility. @ :3102
[     146ms] [VERBOSE] Rendering was performed in a subtree hidden by content-visibility. @ :3102
[     146ms] [VERBOSE] Rendering was performed in a subtree hidden by content-visibility. @ :3102
[     147ms] [VERBOSE] Rendering was performed in a subtree hidden by content-visibility. @ :3102
[     147ms] [VERBOSE] Rendering was performed in a subtree hidden by content-visibility. @ :3102
[     147ms] [VERBOSE] Rendering was performed in a subtree hidden by content-visibility. @ :3102
[     148ms] [VERBOSE] Rendering was performed in a subtree hidden by content-visibility. @ :3102
[     148ms] [VERBOSE] Rendering was performed in a subtree hidden by content-visibility. @ :3102
[     148ms] [VERBOSE] Rendering was performed in a subtree hidden by content-visibility. @ :3102
[     148ms] [VERBOSE] Rendering was performed in a subtree hidden by content-visibility. @ :3102
[     149ms] [VERBOSE] Rendering was performed in a subtree hidden by content-visibility. @ :3102
[     149ms] [VERBOSE] Rendering was performed in a subtree hidden by content-visibility. @ :3102
[     149ms] [VERBOSE] Rendering was performed in a subtree hidden by content-visibility. @ :3102
[     150ms] [VERBOSE] Rendering was performed in a subtree hidden by content-visibility. @ :3102
[     150ms] [VERBOSE] Rendering was performed in a subtree hidden by content-visibility. @ :3102
[     150ms] [VERBOSE] Rendering was performed in a subtree hidden by content-visibility. @ :3102
[     151ms] [VERBOSE] Rendering was performed in a subtree hidden by content-visibility. @ :3102
[     151ms] [VERBOSE] Rendering was performed in a subtree hidden by content-visibility. @ :3102
[     152ms] [VERBOSE] Rendering was performed in a subtree hidden by content-visibility. @ :3102
[     152ms] [VERBOSE] Rendering was performed in a subtree hidden by content-visibility. @ :3102
[     153ms] [VERBOSE] Rendering was performed in a subtree hidden by content-visibility. @ :3102
[     153ms] [VERBOSE] Rendering was performed in a subtree hidden by content-visibility. @ :3102
[     154ms] [VERBOSE] Rendering was performed in a subtree hidden by content-visibility. @ :3102
[     154ms] [VERBOSE] Rendering was performed in a subtree hidden by content-visibility. @ :3102
[     155ms] [VERBOSE] Rendering was performed in a subtree hidden by content-visibility. @ :3102
[     155ms] [VERBOSE] Rendering was performed in a subtree hidden by content-visibility. @ :3102
[     155ms] [VERBOSE] Rendering was performed in a subtree hidden by content-visibility. @ :3102
[     155ms] [VERBOSE] Rendering was performed in a subtree hidden by content-visibility. @ :3102
[    4147ms] [VERBOSE] Rendering was performed in a subtree hidden by content-visibility. @ :5
[    4147ms] [VERBOSE] Rendering was performed in a subtree hidden by content-visibility. @ :6
[    4147ms] [VERBOSE] Rendering was performed in a subtree hidden by content-visibility. @ :5
[    4148ms] [VERBOSE] Rendering was performed in a subtree hidden by content-visibility. @ :6
[    4148ms] [VERBOSE] Rendering was performed in a subtree hidden by content-visibility. @ :5
[    4148ms] [VERBOSE] Rendering was performed in a subtree hidden by content-visibility. @ :6
[    4148ms] [VERBOSE] Rendering was performed in a subtree hidden by content-visibility. @ :5
[    4148ms] [VERBOSE] Rendering was performed in a subtree hidden by content-visibility. @ :6
[    4148ms] [VERBOSE] Rendering was performed in a subtree hidden by content-visibility. @ :5
[    4149ms] [VERBOSE] Rendering was performed in a subtree hidden by content-visibility. @ :6
[    4149ms] [VERBOSE] Rendering was performed in a subtree hidden by content-visibility. @ :5
[    4149ms] [VERBOSE] Rendering was performed in a subtree hidden by content-visibility. @ :6
[    4149ms] [VERBOSE] Rendering was performed in a subtree hidden by content-visibility. @ :5
[    4149ms] [VERBOSE] Rendering was performed in a subtree hidden by content-visibility. @ :6
[    4149ms] [VERBOSE] Rendering was performed in a subtree hidden by content-visibility. @ :5
[    4149ms] [VERBOSE] Rendering was performed in a subtree hidden by content-visibility. @ :6
[    4149ms] [VERBOSE] Rendering was performed in a subtree hidden by content-visibility. @ :5
[    4150ms] [VERBOSE] Rendering was performed in a subtree hidden by content-visibility. @ :6
[    4150ms] [VERBOSE] Rendering was performed in a subtree hidden by content-visibility. @ :5
[    4150ms] [VERBOSE] Rendering was performed in a subtree hidden by content-visibility. @ :6
[    4150ms] [VERBOSE] Rendering was performed in a subtree hidden by content-visibility. @ :5
[    4150ms] [VERBOSE] Rendering was performed in a subtree hidden by content-visibility. @ :6
[    4150ms] [VERBOSE] Rendering was performed in a subtree hidden by content-visibility. @ :5
[    4150ms] [VERBOSE] Rendering was performed in a subtree hidden by content-visibility. @ :6
[    4150ms] [VERBOSE] Rendering was performed in a subtree hidden by content-visibility. @ :5
[    4151ms] [VERBOSE] Rendering was performed in a subtree hidden by content-visibility. @ :6
[    4151ms] [VERBOSE] Rendering was performed in a subtree hidden by content-visibility. @ :5
[    4151ms] [VERBOSE] Rendering was performed in a subtree hidden by content-visibility. @ :6
[    4151ms] [VERBOSE] Rendering was performed in a subtree hidden by content-visibility. @ :5
[    4151ms] [VERBOSE] Rendering was performed in a subtree hidden by content-visibility. @ :6
[    4151ms] [VERBOSE] Rendering was performed in a subtree hidden by content-visibility. @ :5
[    4151ms] [VERBOSE] Rendering was performed in a subtree hidden by content-visibility. @ :6
[    4151ms] [VERBOSE] Rendering was performed in a subtree hidden by content-visibility. @ :5
[    4151ms] [VERBOSE] Rendering was performed in a subtree hidden by content-visibility. @ :6
[    4151ms] [VERBOSE] Rendering was performed in a subtree hidden by content-visibility. @ :5
[    4152ms] [VERBOSE] Rendering was performed in a subtree hidden by content-visibility. @ :6
[   16505ms] [VERBOSE] Rendering was performed in a subtree hidden by content-visibility. @ :7
[   16505ms] [VERBOSE] Rendering was performed in a subtree hidden by content-visibility. @ :7
[   16505ms] [VERBOSE] Rendering was performed in a subtree hidden by content-visibility. @ :7
[   22269ms] [VERBOSE] Rendering was performed in a subtree hidden by content-visibility. @ :6
[   33545ms] [VERBOSE] Rendering was performed in a subtree hidden by content-visibility. @ :5
[   33545ms] [VERBOSE] Rendering was performed in a subtree hidden by content-visibility. @ :7
[   33545ms] [VERBOSE] Rendering was performed in a subtree hidden by content-visibility. @ :7
[   33545ms] [VERBOSE] Rendering was performed in a subtree hidden by content-visibility. @ :5
[   33545ms] [VERBOSE] Rendering was performed in a subtree hidden by content-visibility. @ :7
[   33545ms] [VERBOSE] Rendering was performed in a subtree hidden by content-visibility. @ :7
[   33545ms] [VERBOSE] Rendering was performed in a subtree hidden by content-visibility. @ :5
[   33545ms] [VERBOSE] Rendering was performed in a subtree hidden by content-visibility. @ :7
[   33545ms] [VERBOSE] Rendering was performed in a subtree hidden by content-visibility. @ :7
[   33545ms] [VERBOSE] Rendering was performed in a subtree hidden by content-visibility. @ :5
[   33545ms] [VERBOSE] Rendering was performed in a subtree hidden by content-visibility. @ :7
[   33545ms] [VERBOSE] Rendering was performed in a subtree hidden by content-visibility. @ :7
[   33545ms] [VERBOSE] Rendering was performed in a subtree hidden by content-visibility. @ :5
[   33545ms] [VERBOSE] Rendering was performed in a subtree hidden by content-visibility. @ :7
[   33545ms] [VERBOSE] Rendering was performed in a subtree hidden by content-visibility. @ :7
[   33545ms] [VERBOSE] Rendering was performed in a subtree hidden by content-visibility. @ :5
[   33545ms] [VERBOSE] Rendering was performed in a subtree hidden by content-visibility. @ :7
[   33545ms] [VERBOSE] Rendering was performed in a subtree hidden by content-visibility. @ :7
[   33545ms] [VERBOSE] Rendering was performed in a subtree hidden by content-visibility. @ :5
[   33545ms] [VERBOSE] Rendering was performed in a subtree hidden by content-visibility. @ :7
[   33545ms] [VERBOSE] Rendering was performed in a subtree hidden by content-visibility. @ :7
[   33545ms] [VERBOSE] Rendering was performed in a subtree hidden by content-visibility. @ :5
[   33545ms] [VERBOSE] Rendering was performed in a subtree hidden by content-visibility. @ :7
[   33545ms] [VERBOSE] Rendering was performed in a subtree hidden by content-visibility. @ :7
[   33545ms] [VERBOSE] Rendering was performed in a subtree hidden by content-visibility. @ :5
[   33545ms] [VERBOSE] Rendering was performed in a subtree hidden by content-visibility. @ :7
[   33545ms] [VERBOSE] Rendering was performed in a subtree hidden by content-visibility. @ :7
[   33545ms] [VERBOSE] Rendering was performed in a subtree hidden by content-visibility. @ :5
[   33545ms] [VERBOSE] Rendering was performed in a subtree hidden by content-visibility. @ :7
[   33545ms] [VERBOSE] Rendering was performed in a subtree hidden by content-visibility. @ :7
[   33545ms] [VERBOSE] Rendering was performed in a subtree hidden by content-visibility. @ :5
[   33545ms] [VERBOSE] Rendering was performed in a subtree hidden by content-visibility. @ :7
[   33545ms] [VERBOSE] Rendering was performed in a subtree hidden by content-visibility. @ :7
[   33545ms] [VERBOSE] Rendering was performed in a subtree hidden by content-visibility. @ :5
[   33545ms] [VERBOSE] Rendering was performed in a subtree hidden by content-visibility. @ :7
[   33545ms] [VERBOSE] Rendering was performed in a subtree hidden by content-visibility. @ :7
[   33545ms] [VERBOSE] Rendering was performed in a subtree hidden by content-visibility. @ :5
[   33545ms] [VERBOSE] Rendering was performed in a subtree hidden by content-visibility. @ :7
[   33545ms] [VERBOSE] Rendering was performed in a subtree hidden by content-visibility. @ :7
[   33545ms] [VERBOSE] Rendering was performed in a subtree hidden by content-visibility. @ :5
[   33545ms] [VERBOSE] Rendering was performed in a subtree hidden by content-visibility. @ :7
[   33545ms] [VERBOSE] Rendering was performed in a subtree hidden by content-visibility. @ :7
[   33545ms] [VERBOSE] Rendering was performed in a subtree hidden by content-visibility. @ :5
[   33545ms] [VERBOSE] Rendering was performed in a subtree hidden by content-visibility. @ :7
[   33545ms] [VERBOSE] Rendering was performed in a subtree hidden by content-visibility. @ :7
[   33545ms] [VERBOSE] Rendering was performed in a subtree hidden by content-visibility. @ :5
[   33545ms] [VERBOSE] Rendering was performed in a subtree hidden by content-visibility. @ :7
[   33545ms] [VERBOSE] Rendering was performed in a subtree hidden by content-visibility. @ :7
[   33545ms] [VERBOSE] Rendering was performed in a subtree hidden by content-visibility. @ :5
[   33545ms] [VERBOSE] Rendering was performed in a subtree hidden by content-visibility. @ :7
[   33545ms] [VERBOSE] Rendering was performed in a subtree hidden by content-visibility. @ :7
[   33545ms] [VERBOSE] Rendering was performed in a subtree hidden by content-visibility. @ :5
[   33545ms] [VERBOSE] Rendering was performed in a subtree hidden by content-visibility. @ :7
[   33545ms] [VERBOSE] Rendering was performed in a subtree hidden by content-visibility. @ :7
[   50558ms] [VERBOSE] Rendering was performed in a subtree hidden by content-visibility. @ :3102
[   50558ms] [VERBOSE] Rendering was performed in a subtree hidden by content-visibility. @ :3102
[   50559ms] [VERBOSE] Rendering was performed in a subtree hidden by content-visibility. @ :3102
[   50559ms] [VERBOSE] Rendering was performed in a subtree hidden by content-visibility. @ :3102
[   50560ms] [VERBOSE] Rendering was performed in a subtree hidden by content-visibility. @ :3102
[   50560ms] [VERBOSE] Rendering was performed in a subtree hidden by content-visibility. @ :3102
[   50561ms] [VERBOSE] Rendering was performed in a subtree hidden by content-visibility. @ :3102
[   50561ms] [VERBOSE] Rendering was performed in a subtree hidden by content-visibility. @ :3102
[   50561ms] [VERBOSE] Rendering was performed in a subtree hidden by content-visibility. @ :3102
[   50562ms] [VERBOSE] Rendering was performed in a subtree hidden by content-visibility. @ :3102
[   50562ms] [VERBOSE] Rendering was performed in a subtree hidden by content-visibility. @ :3102
[   50563ms] [VERBOSE] Rendering was performed in a subtree hidden by content-visibility. @ :3102
[   50564ms] [VERBOSE] Rendering was performed in a subtree hidden by content-visibility. @ :3102
[   50564ms] [VERBOSE] Rendering was performed in a subtree hidden by content-visibility. @ :3102
[   50564ms] [VERBOSE] Rendering was performed in a subtree hidden by content-visibility. @ :3102
[   50565ms] [VERBOSE] Rendering was performed in a subtree hidden by content-visibility. @ :3102
[   50565ms] [VERBOSE] Rendering was performed in a subtree hidden by content-visibility. @ :3102
[   50566ms] [VERBOSE] Rendering was performed in a subtree hidden by content-visibility. @ :3102
[   58783ms] [VERBOSE] Rendering was performed in a subtree hidden by content-visibility. @ :3102
[   58784ms] [VERBOSE] Rendering was performed in a subtree hidden by content-visibility. @ :3102
[   58785ms] [VERBOSE] Rendering was performed in a subtree hidden by content-visibility. @ :3102
[   58785ms] [VERBOSE] Rendering was performed in a subtree hidden by content-visibility. @ :3102
[   58786ms] [VERBOSE] Rendering was performed in a subtree hidden by content-visibility. @ :3102
[   58787ms] [VERBOSE] Rendering was performed in a subtree hidden by content-visibility. @ :3102
[   58787ms] [VERBOSE] Rendering was performed in a subtree hidden by content-visibility. @ :3102
[   58788ms] [VERBOSE] Rendering was performed in a subtree hidden by content-visibility. @ :3102
[   58788ms] [VERBOSE] Rendering was performed in a subtree hidden by content-visibility. @ :3102
[   58789ms] [VERBOSE] Rendering was performed in a subtree hidden by content-visibility. @ :3102
[   58789ms] [VERBOSE] Rendering was performed in a subtree hidden by content-visibility. @ :3102
[   58790ms] [VERBOSE] Rendering was performed in a subtree hidden by content-visibility. @ :3102
[   58790ms] [VERBOSE] Rendering was performed in a subtree hidden by content-visibility. @ :3102
[   58791ms] [VERBOSE] Rendering was performed in a subtree hidden by content-visibility. @ :3102
[   58791ms] [VERBOSE] Rendering was performed in a subtree hidden by content-visibility. @ :3102
[   58792ms] [VERBOSE] Rendering was performed in a subtree hidden by content-visibility. @ :3102
[   58792ms] [VERBOSE] Rendering was performed in a subtree hidden by content-visibility. @ :3102
[   58793ms] [VERBOSE] Rendering was performed in a subtree hidden by content-visibility. @ :3102
