[      45ms] [ERROR] Failed to load resource: the server responded with a status of 404 (File not found) @ http://localhost:7777/public/skunkworks-logo.png:0
[     116ms] [ERROR] Failed to load resource: the server responded with a status of 404 (File not found) @ http://localhost:7777/favicon.ico:0
[     116ms] [WARNING] <meta name="apple-mobile-web-app-capable" content="yes"> is deprecated. Please include <meta name="mobile-web-app-capable" content="yes"> @ http://localhost:7777/google-slides-cs-system-presentation-detailed.html:0
[     132ms] [VERBOSE] Rendering was performed in a subtree hidden by content-visibility. @ :3102
[     133ms] [VERBOSE] Rendering was performed in a subtree hidden by content-visibility. @ :3102
[     136ms] [VERBOSE] Rendering was performed in a subtree hidden by content-visibility. @ :3102
[     136ms] [VERBOSE] Rendering was performed in a subtree hidden by content-visibility. @ :3102
[     137ms] [VERBOSE] Rendering was performed in a subtree hidden by content-visibility. @ :3102
[     138ms] [VERBOSE] Rendering was performed in a subtree hidden by content-visibility. @ :3102
[     139ms] [VERBOSE] Rendering was performed in a subtree hidden by content-visibility. @ :3102
[     139ms] [VERBOSE] Rendering was performed in a subtree hidden by content-visibility. @ :3102
[     139ms] [VERBOSE] Rendering was performed in a subtree hidden by content-visibility. @ :3102
[     140ms] [VERBOSE] Rendering was performed in a subtree hidden by content-visibility. @ :3102
[     140ms] [VERBOSE] Rendering was performed in a subtree hidden by content-visibility. @ :3102
[     140ms] [VERBOSE] Rendering was performed in a subtree hidden by content-visibility. @ :3102
[     141ms] [VERBOSE] Rendering was performed in a subtree hidden by content-visibility. @ :3102
[     141ms] [VERBOSE] Rendering was performed in a subtree hidden by content-visibility. @ :3102
[     142ms] [VERBOSE] Rendering was performed in a subtree hidden by content-visibility. @ :3102
[     142ms] [VERBOSE] Rendering was performed in a subtree hidden by content-visibility. @ :3102
[     142ms] [VERBOSE] Rendering was performed in a subtree hidden by content-visibility. @ :3102
[     142ms] [VERBOSE] Rendering was performed in a subtree hidden by content-visibility. @ :3102
[     143ms] [VERBOSE] Rendering was performed in a subtree hidden by content-visibility. @ :3102
[     143ms] [VERBOSE] Rendering was performed in a subtree hidden by content-visibility. @ :3102
[     143ms] [VERBOSE] Rendering was performed in a subtree hidden by content-visibility. @ :3102
[     143ms] [VERBOSE] Rendering was performed in a subtree hidden by content-visibility. @ :3102
[     144ms] [VERBOSE] Rendering was performed in a subtree hidden by content-visibility. @ :3102
[     144ms] [VERBOSE] Rendering was performed in a subtree hidden by content-visibility. @ :3102
[     145ms] [VERBOSE] Rendering was performed in a subtree hidden by content-visibility. @ :3102
[     145ms] [VERBOSE] Rendering was performed in a subtree hidden by content-visibility. @ :3102
[     146ms] [VERBOSE] Rendering was performed in a subtree hidden by content-visibility. @ :3102
[     146ms] [VERBOSE] Rendering was performed in a subtree hidden by content-visibility. @ :3102
[     146ms] [VERBOSE] Rendering was performed in a subtree hidden by content-visibility. @ :3102
[     146ms] [VERBOSE] Rendering was performed in a subtree hidden by content-visibility. @ :3102
[     147ms] [VERBOSE] Rendering was performed in a subtree hidden by content-visibility. @ :3102
[     147ms] [VERBOSE] Rendering was performed in a subtree hidden by content-visibility. @ :3102
[     147ms] [VERBOSE] Rendering was performed in a subtree hidden by content-visibility. @ :3102
[     147ms] [VERBOSE] Rendering was performed in a subtree hidden by content-visibility. @ :3102
[     148ms] [VERBOSE] Rendering was performed in a subtree hidden by content-visibility. @ :3102
[     148ms] [VERBOSE] Rendering was performed in a subtree hidden by content-visibility. @ :3102
[    4256ms] [VERBOSE] Rendering was performed in a subtree hidden by content-visibility. @ :3102
[    4256ms] [VERBOSE] Rendering was performed in a subtree hidden by content-visibility. @ :3102
[    4257ms] [VERBOSE] Rendering was performed in a subtree hidden by content-visibility. @ :3102
[    4257ms] [VERBOSE] Rendering was performed in a subtree hidden by content-visibility. @ :3102
[    4257ms] [VERBOSE] Rendering was performed in a subtree hidden by content-visibility. @ :3102
[    4258ms] [VERBOSE] Rendering was performed in a subtree hidden by content-visibility. @ :3102
[    4258ms] [VERBOSE] Rendering was performed in a subtree hidden by content-visibility. @ :3102
[    4258ms] [VERBOSE] Rendering was performed in a subtree hidden by content-visibility. @ :3102
[    4258ms] [VERBOSE] Rendering was performed in a subtree hidden by content-visibility. @ :3102
[    4259ms] [VERBOSE] Rendering was performed in a subtree hidden by content-visibility. @ :3102
[    4259ms] [VERBOSE] Rendering was performed in a subtree hidden by content-visibility. @ :3102
[    4259ms] [VERBOSE] Rendering was performed in a subtree hidden by content-visibility. @ :3102
[    4260ms] [VERBOSE] Rendering was performed in a subtree hidden by content-visibility. @ :3102
[    4260ms] [VERBOSE] Rendering was performed in a subtree hidden by content-visibility. @ :3102
[    4261ms] [VERBOSE] Rendering was performed in a subtree hidden by content-visibility. @ :3102
[    4261ms] [VERBOSE] Rendering was performed in a subtree hidden by content-visibility. @ :3102
[    4261ms] [VERBOSE] Rendering was performed in a subtree hidden by content-visibility. @ :3102
[    4261ms] [VERBOSE] Rendering was performed in a subtree hidden by content-visibility. @ :3102
[   19982ms] [VERBOSE] Rendering was performed in a subtree hidden by content-visibility. @ :3102
[   19983ms] [VERBOSE] Rendering was performed in a subtree hidden by content-visibility. @ :3102
[   19984ms] [VERBOSE] Rendering was performed in a subtree hidden by content-visibility. @ :3102
[   19985ms] [VERBOSE] Rendering was performed in a subtree hidden by content-visibility. @ :3102
[   19986ms] [VERBOSE] Rendering was performed in a subtree hidden by content-visibility. @ :3102
[   19987ms] [VERBOSE] Rendering was performed in a subtree hidden by content-visibility. @ :3102
[   19988ms] [VERBOSE] Rendering was performed in a subtree hidden by content-visibility. @ :3102
[   19989ms] [VERBOSE] Rendering was performed in a subtree hidden by content-visibility. @ :3102
[   19990ms] [VERBOSE] Rendering was performed in a subtree hidden by content-visibility. @ :3102
[   19991ms] [VERBOSE] Rendering was performed in a subtree hidden by content-visibility. @ :3102
[   19992ms] [VERBOSE] Rendering was performed in a subtree hidden by content-visibility. @ :3102
[   19992ms] [VERBOSE] Rendering was performed in a subtree hidden by content-visibility. @ :3102
[   19993ms] [VERBOSE] Rendering was performed in a subtree hidden by content-visibility. @ :3102
[   19994ms] [VERBOSE] Rendering was performed in a subtree hidden by content-visibility. @ :3102
[   19995ms] [VERBOSE] Rendering was performed in a subtree hidden by content-visibility. @ :3102
[   19995ms] [VERBOSE] Rendering was performed in a subtree hidden by content-visibility. @ :3102
[   19996ms] [VERBOSE] Rendering was performed in a subtree hidden by content-visibility. @ :3102
[   19997ms] [VERBOSE] Rendering was performed in a subtree hidden by content-visibility. @ :3102
[   23079ms] [VERBOSE] Rendering was performed in a subtree hidden by content-visibility. @ :3102
[   23080ms] [VERBOSE] Rendering was performed in a subtree hidden by content-visibility. @ :3102
[   23081ms] [VERBOSE] Rendering was performed in a subtree hidden by content-visibility. @ :3102
[   23081ms] [VERBOSE] Rendering was performed in a subtree hidden by content-visibility. @ :3102
[   23082ms] [VERBOSE] Rendering was performed in a subtree hidden by content-visibility. @ :3102
[   23082ms] [VERBOSE] Rendering was performed in a subtree hidden by content-visibility. @ :3102
[   23083ms] [VERBOSE] Rendering was performed in a subtree hidden by content-visibility. @ :3102
[   23083ms] [VERBOSE] Rendering was performed in a subtree hidden by content-visibility. @ :3102
[   23084ms] [VERBOSE] Rendering was performed in a subtree hidden by content-visibility. @ :3102
[   23084ms] [VERBOSE] Rendering was performed in a subtree hidden by content-visibility. @ :3102
[   23085ms] [VERBOSE] Rendering was performed in a subtree hidden by content-visibility. @ :3102
[   23085ms] [VERBOSE] Rendering was performed in a subtree hidden by content-visibility. @ :3102
[   23086ms] [VERBOSE] Rendering was performed in a subtree hidden by content-visibility. @ :3102
[   23087ms] [VERBOSE] Rendering was performed in a subtree hidden by content-visibility. @ :3102
[   23087ms] [VERBOSE] Rendering was performed in a subtree hidden by content-visibility. @ :3102
[   23088ms] [VERBOSE] Rendering was performed in a subtree hidden by content-visibility. @ :3102
[   23088ms] [VERBOSE] Rendering was performed in a subtree hidden by content-visibility. @ :3102
[   23089ms] [VERBOSE] Rendering was performed in a subtree hidden by content-visibility. @ :3102
[   30945ms] [VERBOSE] Rendering was performed in a subtree hidden by content-visibility. @ :3102
[   30945ms] [VERBOSE] Rendering was performed in a subtree hidden by content-visibility. @ :3102
[   30947ms] [VERBOSE] Rendering was performed in a subtree hidden by content-visibility. @ :3102
[   30948ms] [VERBOSE] Rendering was performed in a subtree hidden by content-visibility. @ :3102
[   30949ms] [VERBOSE] Rendering was performed in a subtree hidden by content-visibility. @ :3102
[   30950ms] [VERBOSE] Rendering was performed in a subtree hidden by content-visibility. @ :3102
[   30951ms] [VERBOSE] Rendering was performed in a subtree hidden by content-visibility. @ :3102
[   30952ms] [VERBOSE] Rendering was performed in a subtree hidden by content-visibility. @ :3102
[   30952ms] [VERBOSE] Rendering was performed in a subtree hidden by content-visibility. @ :3102
[   30953ms] [VERBOSE] Rendering was performed in a subtree hidden by content-visibility. @ :3102
[   30954ms] [VERBOSE] Rendering was performed in a subtree hidden by content-visibility. @ :3102
[   30954ms] [VERBOSE] Rendering was performed in a subtree hidden by content-visibility. @ :3102
[   30955ms] [VERBOSE] Rendering was performed in a subtree hidden by content-visibility. @ :3102
[   30955ms] [VERBOSE] Rendering was performed in a subtree hidden by content-visibility. @ :3102
[   30956ms] [VERBOSE] Rendering was performed in a subtree hidden by content-visibility. @ :3102
[   30956ms] [VERBOSE] Rendering was performed in a subtree hidden by content-visibility. @ :3102
[   30957ms] [VERBOSE] Rendering was performed in a subtree hidden by content-visibility. @ :3102
[   30957ms] [VERBOSE] Rendering was performed in a subtree hidden by content-visibility. @ :3102
[   30957ms] [VERBOSE] Rendering was performed in a subtree hidden by content-visibility. @ :3102
[   30958ms] [VERBOSE] Rendering was performed in a subtree hidden by content-visibility. @ :3102
[   30958ms] [VERBOSE] Rendering was performed in a subtree hidden by content-visibility. @ :3102
[   30959ms] [VERBOSE] Rendering was performed in a subtree hidden by content-visibility. @ :3102
[   30959ms] [VERBOSE] Rendering was performed in a subtree hidden by content-visibility. @ :3102
[   30960ms] [VERBOSE] Rendering was performed in a subtree hidden by content-visibility. @ :3102
[   30960ms] [VERBOSE] Rendering was performed in a subtree hidden by content-visibility. @ :3102
[   30961ms] [VERBOSE] Rendering was performed in a subtree hidden by content-visibility. @ :3102
[   30961ms] [VERBOSE] Rendering was performed in a subtree hidden by content-visibility. @ :3102
[   30962ms] [VERBOSE] Rendering was performed in a subtree hidden by content-visibility. @ :3102
[   30962ms] [VERBOSE] Rendering was performed in a subtree hidden by content-visibility. @ :3102
[   30963ms] [VERBOSE] Rendering was performed in a subtree hidden by content-visibility. @ :3102
[   30963ms] [VERBOSE] Rendering was performed in a subtree hidden by content-visibility. @ :3102
[   30963ms] [VERBOSE] Rendering was performed in a subtree hidden by content-visibility. @ :3102
[   30964ms] [VERBOSE] Rendering was performed in a subtree hidden by content-visibility. @ :3102
[   30964ms] [VERBOSE] Rendering was performed in a subtree hidden by content-visibility. @ :3102
[   30964ms] [VERBOSE] Rendering was performed in a subtree hidden by content-visibility. @ :3102
[   40200ms] [ERROR] Failed to load resource: the server responded with a status of 404 (File not found) @ http://localhost:7777/public/skunkworks-logo.png:0
[   40247ms] [WARNING] <meta name="apple-mobile-web-app-capable" content="yes"> is deprecated. Please include <meta name="mobile-web-app-capable" content="yes"> @ http://localhost:7777/google-slides-cs-system-presentation-detailed.html?13=:0
[   42277ms] [VERBOSE] Rendering was performed in a subtree hidden by content-visibility. @ :3102
[   42277ms] [VERBOSE] Rendering was performed in a subtree hidden by content-visibility. @ :3102
[   42278ms] [VERBOSE] Rendering was performed in a subtree hidden by content-visibility. @ :3102
[   42278ms] [VERBOSE] Rendering was performed in a subtree hidden by content-visibility. @ :3102
[   42279ms] [VERBOSE] Rendering was performed in a subtree hidden by content-visibility. @ :3102
[   42279ms] [VERBOSE] Rendering was performed in a subtree hidden by content-visibility. @ :3102
[   42280ms] [VERBOSE] Rendering was performed in a subtree hidden by content-visibility. @ :3102
[   42280ms] [VERBOSE] Rendering was performed in a subtree hidden by content-visibility. @ :3102
[   42281ms] [VERBOSE] Rendering was performed in a subtree hidden by content-visibility. @ :3102
[   42281ms] [VERBOSE] Rendering was performed in a subtree hidden by content-visibility. @ :3102
[   42282ms] [VERBOSE] Rendering was performed in a subtree hidden by content-visibility. @ :3102
[   42282ms] [VERBOSE] Rendering was performed in a subtree hidden by content-visibility. @ :3102
[   42283ms] [VERBOSE] Rendering was performed in a subtree hidden by content-visibility. @ :3102
[   42283ms] [VERBOSE] Rendering was performed in a subtree hidden by content-visibility. @ :3102
[   42283ms] [VERBOSE] Rendering was performed in a subtree hidden by content-visibility. @ :3102
[   42283ms] [VERBOSE] Rendering was performed in a subtree hidden by content-visibility. @ :3102
[   42284ms] [VERBOSE] Rendering was performed in a subtree hidden by content-visibility. @ :3102
[   42284ms] [VERBOSE] Rendering was performed in a subtree hidden by content-visibility. @ :3102
[   42285ms] [VERBOSE] Rendering was performed in a subtree hidden by content-visibility. @ :3102
[   42285ms] [VERBOSE] Rendering was performed in a subtree hidden by content-visibility. @ :3102
[   42285ms] [VERBOSE] Rendering was performed in a subtree hidden by content-visibility. @ :3102
[   42285ms] [VERBOSE] Rendering was performed in a subtree hidden by content-visibility. @ :3102
[   42286ms] [VERBOSE] Rendering was performed in a subtree hidden by content-visibility. @ :3102
[   42286ms] [VERBOSE] Rendering was performed in a subtree hidden by content-visibility. @ :3102
[   42287ms] [VERBOSE] Rendering was performed in a subtree hidden by content-visibility. @ :3102
[   42287ms] [VERBOSE] Rendering was performed in a subtree hidden by content-visibility. @ :3102
[   42288ms] [VERBOSE] Rendering was performed in a subtree hidden by content-visibility. @ :3102
[   42288ms] [VERBOSE] Rendering was performed in a subtree hidden by content-visibility. @ :3102
[   42289ms] [VERBOSE] Rendering was performed in a subtree hidden by content-visibility. @ :3102
[   42289ms] [VERBOSE] Rendering was performed in a subtree hidden by content-visibility. @ :3102
[   42289ms] [VERBOSE] Rendering was performed in a subtree hidden by content-visibility. @ :3102
[   42289ms] [VERBOSE] Rendering was performed in a subtree hidden by content-visibility. @ :3102
[   42290ms] [VERBOSE] Rendering was performed in a subtree hidden by content-visibility. @ :3102
[   42290ms] [VERBOSE] Rendering was performed in a subtree hidden by content-visibility. @ :3102
[   42290ms] [VERBOSE] Rendering was performed in a subtree hidden by content-visibility. @ :3102
[   42291ms] [VERBOSE] Rendering was performed in a subtree hidden by content-visibility. @ :3102
[   45246ms] [VERBOSE] Rendering was performed in a subtree hidden by content-visibility. @ :3102
[   45247ms] [VERBOSE] Rendering was performed in a subtree hidden by content-visibility. @ :3102
[   45247ms] [VERBOSE] Rendering was performed in a subtree hidden by content-visibility. @ :3102
[   45248ms] [VERBOSE] Rendering was performed in a subtree hidden by content-visibility. @ :3102
[   45248ms] [VERBOSE] Rendering was performed in a subtree hidden by content-visibility. @ :3102
[   45249ms] [VERBOSE] Rendering was performed in a subtree hidden by content-visibility. @ :3102
[   45249ms] [VERBOSE] Rendering was performed in a subtree hidden by content-visibility. @ :3102
[   45249ms] [VERBOSE] Rendering was performed in a subtree hidden by content-visibility. @ :3102
[   45250ms] [VERBOSE] Rendering was performed in a subtree hidden by content-visibility. @ :3102
[   45250ms] [VERBOSE] Rendering was performed in a subtree hidden by content-visibility. @ :3102
[   45250ms] [VERBOSE] Rendering was performed in a subtree hidden by content-visibility. @ :3102
[   45251ms] [VERBOSE] Rendering was performed in a subtree hidden by content-visibility. @ :3102
[   45251ms] [VERBOSE] Rendering was performed in a subtree hidden by content-visibility. @ :3102
[   45252ms] [VERBOSE] Rendering was performed in a subtree hidden by content-visibility. @ :3102
[   45252ms] [VERBOSE] Rendering was performed in a subtree hidden by content-visibility. @ :3102
[   45253ms] [VERBOSE] Rendering was performed in a subtree hidden by content-visibility. @ :3102
[   45253ms] [VERBOSE] Rendering was performed in a subtree hidden by content-visibility. @ :3102
[   45253ms] [VERBOSE] Rendering was performed in a subtree hidden by content-visibility. @ :3102
[   54472ms] [VERBOSE] Rendering was performed in a subtree hidden by content-visibility. @ :3102
[   54473ms] [VERBOSE] Rendering was performed in a subtree hidden by content-visibility. @ :3102
[   54475ms] [VERBOSE] Rendering was performed in a subtree hidden by content-visibility. @ :3102
[   54477ms] [VERBOSE] Rendering was performed in a subtree hidden by content-visibility. @ :3102
[   54478ms] [VERBOSE] Rendering was performed in a subtree hidden by content-visibility. @ :3102
[   54479ms] [VERBOSE] Rendering was performed in a subtree hidden by content-visibility. @ :3102
[   54480ms] [VERBOSE] Rendering was performed in a subtree hidden by content-visibility. @ :3102
[   54480ms] [VERBOSE] Rendering was performed in a subtree hidden by content-visibility. @ :3102
[   54481ms] [VERBOSE] Rendering was performed in a subtree hidden by content-visibility. @ :3102
[   54482ms] [VERBOSE] Rendering was performed in a subtree hidden by content-visibility. @ :3102
[   54482ms] [VERBOSE] Rendering was performed in a subtree hidden by content-visibility. @ :3102
[   54485ms] [VERBOSE] Rendering was performed in a subtree hidden by content-visibility. @ :3102
[   54485ms] [VERBOSE] Rendering was performed in a subtree hidden by content-visibility. @ :3102
[   54486ms] [VERBOSE] Rendering was performed in a subtree hidden by content-visibility. @ :3102
[   54486ms] [VERBOSE] Rendering was performed in a subtree hidden by content-visibility. @ :3102
[   54486ms] [VERBOSE] Rendering was performed in a subtree hidden by content-visibility. @ :3102
[   54486ms] [VERBOSE] Rendering was performed in a subtree hidden by content-visibility. @ :3102
[   58271ms] [VERBOSE] Rendering was performed in a subtree hidden by content-visibility. @ :3102
[   58271ms] [VERBOSE] Rendering was performed in a subtree hidden by content-visibility. @ :3102
[   58272ms] [VERBOSE] Rendering was performed in a subtree hidden by content-visibility. @ :3102
[   58272ms] [VERBOSE] Rendering was performed in a subtree hidden by content-visibility. @ :3102
[   58273ms] [VERBOSE] Rendering was performed in a subtree hidden by content-visibility. @ :3102
[   58273ms] [VERBOSE] Rendering was performed in a subtree hidden by content-visibility. @ :3102
[   58274ms] [VERBOSE] Rendering was performed in a subtree hidden by content-visibility. @ :3102
[   58274ms] [VERBOSE] Rendering was performed in a subtree hidden by content-visibility. @ :3102
[   58274ms] [VERBOSE] Rendering was performed in a subtree hidden by content-visibility. @ :3102
[   58275ms] [VERBOSE] Rendering was performed in a subtree hidden by content-visibility. @ :3102
[   58275ms] [VERBOSE] Rendering was performed in a subtree hidden by content-visibility. @ :3102
[   58276ms] [VERBOSE] Rendering was performed in a subtree hidden by content-visibility. @ :3102
[   58277ms] [VERBOSE] Rendering was performed in a subtree hidden by content-visibility. @ :3102
[   58277ms] [VERBOSE] Rendering was performed in a subtree hidden by content-visibility. @ :3102
[   58277ms] [VERBOSE] Rendering was performed in a subtree hidden by content-visibility. @ :3102
[   58278ms] [VERBOSE] Rendering was performed in a subtree hidden by content-visibility. @ :3102
[   58278ms] [VERBOSE] Rendering was performed in a subtree hidden by content-visibility. @ :3102
[   82743ms] [ERROR] Failed to load resource: the server responded with a status of 404 (File not found) @ http://localhost:7777/public/skunkworks-logo.png:0
[   82791ms] [WARNING] <meta name="apple-mobile-web-app-capable" content="yes"> is deprecated. Please include <meta name="mobile-web-app-capable" content="yes"> @ http://localhost:7777/google-slides-cs-system-presentation-detailed.html?13=#13:0
[  104729ms] [ERROR] Failed to load resource: the server responded with a status of 404 (File not found) @ http://localhost:7777/public/skunkworks-logo.png:0
[  104776ms] [WARNING] <meta name="apple-mobile-web-app-capable" content="yes"> is deprecated. Please include <meta name="mobile-web-app-capable" content="yes"> @ http://localhost:7777/google-slides-cs-system-presentation-detailed.html:0
[  108427ms] [VERBOSE] Rendering was performed in a subtree hidden by content-visibility. @ :3102
[  108429ms] [VERBOSE] Rendering was performed in a subtree hidden by content-visibility. @ :3102
[  108431ms] [VERBOSE] Rendering was performed in a subtree hidden by content-visibility. @ :3102
[  108433ms] [VERBOSE] Rendering was performed in a subtree hidden by content-visibility. @ :3102
[  108434ms] [VERBOSE] Rendering was performed in a subtree hidden by content-visibility. @ :3102
[  108435ms] [VERBOSE] Rendering was performed in a subtree hidden by content-visibility. @ :3102
[  108436ms] [VERBOSE] Rendering was performed in a subtree hidden by content-visibility. @ :3102
[  108436ms] [VERBOSE] Rendering was performed in a subtree hidden by content-visibility. @ :3102
[  108437ms] [VERBOSE] Rendering was performed in a subtree hidden by content-visibility. @ :3102
[  108438ms] [VERBOSE] Rendering was performed in a subtree hidden by content-visibility. @ :3102
[  108438ms] [VERBOSE] Rendering was performed in a subtree hidden by content-visibility. @ :3102
[  108441ms] [VERBOSE] Rendering was performed in a subtree hidden by content-visibility. @ :3102
[  108441ms] [VERBOSE] Rendering was performed in a subtree hidden by content-visibility. @ :3102
[  108443ms] [VERBOSE] Rendering was performed in a subtree hidden by content-visibility. @ :3102
[  108443ms] [VERBOSE] Rendering was performed in a subtree hidden by content-visibility. @ :3102
[  108445ms] [VERBOSE] Rendering was performed in a subtree hidden by content-visibility. @ :3102
[  108445ms] [VERBOSE] Rendering was performed in a subtree hidden by content-visibility. @ :3102
[  108446ms] [VERBOSE] Rendering was performed in a subtree hidden by content-visibility. @ :3102
[  108446ms] [VERBOSE] Rendering was performed in a subtree hidden by content-visibility. @ :3102
[  108447ms] [VERBOSE] Rendering was performed in a subtree hidden by content-visibility. @ :3102
[  108447ms] [VERBOSE] Rendering was performed in a subtree hidden by content-visibility. @ :3102
[  108448ms] [VERBOSE] Rendering was performed in a subtree hidden by content-visibility. @ :3102
[  108448ms] [VERBOSE] Rendering was performed in a subtree hidden by content-visibility. @ :3102
[  112803ms] [VERBOSE] Rendering was performed in a subtree hidden by content-visibility. @ :3102
[  112803ms] [VERBOSE] Rendering was performed in a subtree hidden by content-visibility. @ :3102
[  112804ms] [VERBOSE] Rendering was performed in a subtree hidden by content-visibility. @ :3102
[  112804ms] [VERBOSE] Rendering was performed in a subtree hidden by content-visibility. @ :3102
[  112805ms] [VERBOSE] Rendering was performed in a subtree hidden by content-visibility. @ :3102
[  112805ms] [VERBOSE] Rendering was performed in a subtree hidden by content-visibility. @ :3102
[  112805ms] [VERBOSE] Rendering was performed in a subtree hidden by content-visibility. @ :3102
[  112806ms] [VERBOSE] Rendering was performed in a subtree hidden by content-visibility. @ :3102
[  112806ms] [VERBOSE] Rendering was performed in a subtree hidden by content-visibility. @ :3102
[  112807ms] [VERBOSE] Rendering was performed in a subtree hidden by content-visibility. @ :3102
[  112807ms] [VERBOSE] Rendering was performed in a subtree hidden by content-visibility. @ :3102
[  112808ms] [VERBOSE] Rendering was performed in a subtree hidden by content-visibility. @ :3102
[  112809ms] [VERBOSE] Rendering was performed in a subtree hidden by content-visibility. @ :3102
[  112810ms] [VERBOSE] Rendering was performed in a subtree hidden by content-visibility. @ :3102
[  112810ms] [VERBOSE] Rendering was performed in a subtree hidden by content-visibility. @ :3102
[  112810ms] [VERBOSE] Rendering was performed in a subtree hidden by content-visibility. @ :3102
[  112811ms] [VERBOSE] Rendering was performed in a subtree hidden by content-visibility. @ :3102
[  308755ms] [ERROR] Failed to load resource: the server responded with a status of 404 (File not found) @ http://localhost:7777/public/skunkworks-logo.png:0
[  308812ms] [WARNING] <meta name="apple-mobile-web-app-capable" content="yes"> is deprecated. Please include <meta name="mobile-web-app-capable" content="yes"> @ http://localhost:7777/google-slides-cs-system-presentation-detailed.html:0
[  311195ms] [VERBOSE] Rendering was performed in a subtree hidden by content-visibility. @ :3102
[  311195ms] [VERBOSE] Rendering was performed in a subtree hidden by content-visibility. @ :3102
[  311197ms] [VERBOSE] Rendering was performed in a subtree hidden by content-visibility. @ :3102
[  311197ms] [VERBOSE] Rendering was performed in a subtree hidden by content-visibility. @ :3102
[  311199ms] [VERBOSE] Rendering was performed in a subtree hidden by content-visibility. @ :3102
[  311199ms] [VERBOSE] Rendering was performed in a subtree hidden by content-visibility. @ :3102
[  311200ms] [VERBOSE] Rendering was performed in a subtree hidden by content-visibility. @ :3102
[  311201ms] [VERBOSE] Rendering was performed in a subtree hidden by content-visibility. @ :3102
[  311202ms] [VERBOSE] Rendering was performed in a subtree hidden by content-visibility. @ :3102
[  311202ms] [VERBOSE] Rendering was performed in a subtree hidden by content-visibility. @ :3102
[  311203ms] [VERBOSE] Rendering was performed in a subtree hidden by content-visibility. @ :3102
[  311203ms] [VERBOSE] Rendering was performed in a subtree hidden by content-visibility. @ :3102
[  311204ms] [VERBOSE] Rendering was performed in a subtree hidden by content-visibility. @ :3102
[  311204ms] [VERBOSE] Rendering was performed in a subtree hidden by content-visibility. @ :3102
[  311205ms] [VERBOSE] Rendering was performed in a subtree hidden by content-visibility. @ :3102
[  311205ms] [VERBOSE] Rendering was performed in a subtree hidden by content-visibility. @ :3102
[  311206ms] [VERBOSE] Rendering was performed in a subtree hidden by content-visibility. @ :3102
[  311206ms] [VERBOSE] Rendering was performed in a subtree hidden by content-visibility. @ :3102
[  311207ms] [VERBOSE] Rendering was performed in a subtree hidden by content-visibility. @ :3102
[  311207ms] [VERBOSE] Rendering was performed in a subtree hidden by content-visibility. @ :3102
[  311208ms] [VERBOSE] Rendering was performed in a subtree hidden by content-visibility. @ :3102
[  311208ms] [VERBOSE] Rendering was performed in a subtree hidden by content-visibility. @ :3102
[  311209ms] [VERBOSE] Rendering was performed in a subtree hidden by content-visibility. @ :3102
[  311209ms] [VERBOSE] Rendering was performed in a subtree hidden by content-visibility. @ :3102
[  311210ms] [VERBOSE] Rendering was performed in a subtree hidden by content-visibility. @ :3102
[  311210ms] [VERBOSE] Rendering was performed in a subtree hidden by content-visibility. @ :3102
[  311211ms] [VERBOSE] Rendering was performed in a subtree hidden by content-visibility. @ :3102
[  311211ms] [VERBOSE] Rendering was performed in a subtree hidden by content-visibility. @ :3102
[  311212ms] [VERBOSE] Rendering was performed in a subtree hidden by content-visibility. @ :3102
[  311212ms] [VERBOSE] Rendering was performed in a subtree hidden by content-visibility. @ :3102
[  311213ms] [VERBOSE] Rendering was performed in a subtree hidden by content-visibility. @ :3102
[  311213ms] [VERBOSE] Rendering was performed in a subtree hidden by content-visibility. @ :3102
[  311213ms] [VERBOSE] Rendering was performed in a subtree hidden by content-visibility. @ :3102
[  311213ms] [VERBOSE] Rendering was performed in a subtree hidden by content-visibility. @ :3102
[  314735ms] [VERBOSE] Rendering was performed in a subtree hidden by content-visibility. @ :3102
[  314736ms] [VERBOSE] Rendering was performed in a subtree hidden by content-visibility. @ :3102
[  314736ms] [VERBOSE] Rendering was performed in a subtree hidden by content-visibility. @ :3102
[  314737ms] [VERBOSE] Rendering was performed in a subtree hidden by content-visibility. @ :3102
[  314737ms] [VERBOSE] Rendering was performed in a subtree hidden by content-visibility. @ :3102
[  314738ms] [VERBOSE] Rendering was performed in a subtree hidden by content-visibility. @ :3102
[  314738ms] [VERBOSE] Rendering was performed in a subtree hidden by content-visibility. @ :3102
[  314739ms] [VERBOSE] Rendering was performed in a subtree hidden by content-visibility. @ :3102
[  314739ms] [VERBOSE] Rendering was performed in a subtree hidden by content-visibility. @ :3102
[  314739ms] [VERBOSE] Rendering was performed in a subtree hidden by content-visibility. @ :3102
[  314740ms] [VERBOSE] Rendering was performed in a subtree hidden by content-visibility. @ :3102
[  314740ms] [VERBOSE] Rendering was performed in a subtree hidden by content-visibility. @ :3102
[  314741ms] [VERBOSE] Rendering was performed in a subtree hidden by content-visibility. @ :3102
[  314741ms] [VERBOSE] Rendering was performed in a subtree hidden by content-visibility. @ :3102
[  314742ms] [VERBOSE] Rendering was performed in a subtree hidden by content-visibility. @ :3102
[  314742ms] [VERBOSE] Rendering was performed in a subtree hidden by content-visibility. @ :3102
[  314743ms] [VERBOSE] Rendering was performed in a subtree hidden by content-visibility. @ :3102
[  320085ms] [VERBOSE] Rendering was performed in a subtree hidden by content-visibility. @ :3102
[  323473ms] [VERBOSE] Rendering was performed in a subtree hidden by content-visibility. @ :3102
[  323474ms] [VERBOSE] Rendering was performed in a subtree hidden by content-visibility. @ :3102
[  323474ms] [VERBOSE] Rendering was performed in a subtree hidden by content-visibility. @ :3102
[  323475ms] [VERBOSE] Rendering was performed in a subtree hidden by content-visibility. @ :3102
[  323475ms] [VERBOSE] Rendering was performed in a subtree hidden by content-visibility. @ :3102
[  323476ms] [VERBOSE] Rendering was performed in a subtree hidden by content-visibility. @ :3102
[  323476ms] [VERBOSE] Rendering was performed in a subtree hidden by content-visibility. @ :3102
[  323476ms] [VERBOSE] Rendering was performed in a subtree hidden by content-visibility. @ :3102
[  323477ms] [VERBOSE] Rendering was performed in a subtree hidden by content-visibility. @ :3102
[  323477ms] [VERBOSE] Rendering was performed in a subtree hidden by content-visibility. @ :3102
[  323477ms] [VERBOSE] Rendering was performed in a subtree hidden by content-visibility. @ :3102
[  323478ms] [VERBOSE] Rendering was performed in a subtree hidden by content-visibility. @ :3102
[  323478ms] [VERBOSE] Rendering was performed in a subtree hidden by content-visibility. @ :3102
[  323479ms] [VERBOSE] Rendering was performed in a subtree hidden by content-visibility. @ :3102
[  323479ms] [VERBOSE] Rendering was performed in a subtree hidden by content-visibility. @ :3102
[  323480ms] [VERBOSE] Rendering was performed in a subtree hidden by content-visibility. @ :3102
[  323480ms] [VERBOSE] Rendering was performed in a subtree hidden by content-visibility. @ :3102
[  457240ms] [ERROR] Failed to load resource: the server responded with a status of 404 (File not found) @ http://localhost:7777/public/skunkworks-logo.png:0
[  457290ms] [WARNING] <meta name="apple-mobile-web-app-capable" content="yes"> is deprecated. Please include <meta name="mobile-web-app-capable" content="yes"> @ http://localhost:7777/google-slides-cs-system-presentation-detailed.html:0
[  460006ms] [VERBOSE] Rendering was performed in a subtree hidden by content-visibility. @ :3102
[  460010ms] [VERBOSE] Rendering was performed in a subtree hidden by content-visibility. @ :3102
[  460010ms] [VERBOSE] Rendering was performed in a subtree hidden by content-visibility. @ :3102
[  460012ms] [VERBOSE] Rendering was performed in a subtree hidden by content-visibility. @ :3102
[  460013ms] [VERBOSE] Rendering was performed in a subtree hidden by content-visibility. @ :3102
[  460014ms] [VERBOSE] Rendering was performed in a subtree hidden by content-visibility. @ :3102
[  460014ms] [VERBOSE] Rendering was performed in a subtree hidden by content-visibility. @ :3102
[  460015ms] [VERBOSE] Rendering was performed in a subtree hidden by content-visibility. @ :3102
[  460015ms] [VERBOSE] Rendering was performed in a subtree hidden by content-visibility. @ :3102
[  460016ms] [VERBOSE] Rendering was performed in a subtree hidden by content-visibility. @ :3102
[  460016ms] [VERBOSE] Rendering was performed in a subtree hidden by content-visibility. @ :3102
[  460017ms] [VERBOSE] Rendering was performed in a subtree hidden by content-visibility. @ :3102
[  460017ms] [VERBOSE] Rendering was performed in a subtree hidden by content-visibility. @ :3102
[  460018ms] [VERBOSE] Rendering was performed in a subtree hidden by content-visibility. @ :3102
[  460019ms] [VERBOSE] Rendering was performed in a subtree hidden by content-visibility. @ :3102
[  460019ms] [VERBOSE] Rendering was performed in a subtree hidden by content-visibility. @ :3102
[  460020ms] [VERBOSE] Rendering was performed in a subtree hidden by content-visibility. @ :3102
[  460021ms] [VERBOSE] Rendering was performed in a subtree hidden by content-visibility. @ :3102
[  460022ms] [VERBOSE] Rendering was performed in a subtree hidden by content-visibility. @ :3102
[  460023ms] [VERBOSE] Rendering was performed in a subtree hidden by content-visibility. @ :3102
[  460023ms] [VERBOSE] Rendering was performed in a subtree hidden by content-visibility. @ :3102
[  460025ms] [VERBOSE] Rendering was performed in a subtree hidden by content-visibility. @ :3102
[  460025ms] [VERBOSE] Rendering was performed in a subtree hidden by content-visibility. @ :3102
[  460026ms] [VERBOSE] Rendering was performed in a subtree hidden by content-visibility. @ :3102
[  460026ms] [VERBOSE] Rendering was performed in a subtree hidden by content-visibility. @ :3102
[  460027ms] [VERBOSE] Rendering was performed in a subtree hidden by content-visibility. @ :3102
[  460027ms] [VERBOSE] Rendering was performed in a subtree hidden by content-visibility. @ :3102
[  460028ms] [VERBOSE] Rendering was performed in a subtree hidden by content-visibility. @ :3102
[  460028ms] [VERBOSE] Rendering was performed in a subtree hidden by content-visibility. @ :3102
[  460029ms] [VERBOSE] Rendering was performed in a subtree hidden by content-visibility. @ :3102
[  460029ms] [VERBOSE] Rendering was performed in a subtree hidden by content-visibility. @ :3102
[  460030ms] [VERBOSE] Rendering was performed in a subtree hidden by content-visibility. @ :3102
[  460030ms] [VERBOSE] Rendering was performed in a subtree hidden by content-visibility. @ :3102
[  463330ms] [VERBOSE] Rendering was performed in a subtree hidden by content-visibility. @ :3102
[  463331ms] [VERBOSE] Rendering was performed in a subtree hidden by content-visibility. @ :3102
[  463332ms] [VERBOSE] Rendering was performed in a subtree hidden by content-visibility. @ :3102
[  463332ms] [VERBOSE] Rendering was performed in a subtree hidden by content-visibility. @ :3102
[  463333ms] [VERBOSE] Rendering was performed in a subtree hidden by content-visibility. @ :3102
[  463333ms] [VERBOSE] Rendering was performed in a subtree hidden by content-visibility. @ :3102
[  463334ms] [VERBOSE] Rendering was performed in a subtree hidden by content-visibility. @ :3102
[  463334ms] [VERBOSE] Rendering was performed in a subtree hidden by content-visibility. @ :3102
[  463335ms] [VERBOSE] Rendering was performed in a subtree hidden by content-visibility. @ :3102
[  463335ms] [VERBOSE] Rendering was performed in a subtree hidden by content-visibility. @ :3102
[  463335ms] [VERBOSE] Rendering was performed in a subtree hidden by content-visibility. @ :3102
[  463336ms] [VERBOSE] Rendering was performed in a subtree hidden by content-visibility. @ :3102
[  463336ms] [VERBOSE] Rendering was performed in a subtree hidden by content-visibility. @ :3102
[  463337ms] [VERBOSE] Rendering was performed in a subtree hidden by content-visibility. @ :3102
[  463338ms] [VERBOSE] Rendering was performed in a subtree hidden by content-visibility. @ :3102
[  463338ms] [VERBOSE] Rendering was performed in a subtree hidden by content-visibility. @ :3102
[  463339ms] [VERBOSE] Rendering was performed in a subtree hidden by content-visibility. @ :3102
[  487751ms] [VERBOSE] Rendering was performed in a subtree hidden by content-visibility. @ :3102
[  487752ms] [VERBOSE] Rendering was performed in a subtree hidden by content-visibility. @ :3102
[  487753ms] [VERBOSE] Rendering was performed in a subtree hidden by content-visibility. @ :3102
[  487753ms] [VERBOSE] Rendering was performed in a subtree hidden by content-visibility. @ :3102
[  487754ms] [VERBOSE] Rendering was performed in a subtree hidden by content-visibility. @ :3102
[  487754ms] [VERBOSE] Rendering was performed in a subtree hidden by content-visibility. @ :3102
[  487755ms] [VERBOSE] Rendering was performed in a subtree hidden by content-visibility. @ :3102
[  487755ms] [VERBOSE] Rendering was performed in a subtree hidden by content-visibility. @ :3102
[  487755ms] [VERBOSE] Rendering was performed in a subtree hidden by content-visibility. @ :3102
[  487756ms] [VERBOSE] Rendering was performed in a subtree hidden by content-visibility. @ :3102
[  487756ms] [VERBOSE] Rendering was performed in a subtree hidden by content-visibility. @ :3102
[  487756ms] [VERBOSE] Rendering was performed in a subtree hidden by content-visibility. @ :3102
[  487757ms] [VERBOSE] Rendering was performed in a subtree hidden by content-visibility. @ :3102
[  487757ms] [VERBOSE] Rendering was performed in a subtree hidden by content-visibility. @ :3102
[  487758ms] [VERBOSE] Rendering was performed in a subtree hidden by content-visibility. @ :3102
[  487758ms] [VERBOSE] Rendering was performed in a subtree hidden by content-visibility. @ :3102
[  487759ms] [VERBOSE] Rendering was performed in a subtree hidden by content-visibility. @ :3102
[  487759ms] [VERBOSE] Rendering was performed in a subtree hidden by content-visibility. @ :3102
[  505490ms] [VERBOSE] Rendering was performed in a subtree hidden by content-visibility. @ :3102
[  505490ms] [VERBOSE] Rendering was performed in a subtree hidden by content-visibility. @ :3102
[  505491ms] [VERBOSE] Rendering was performed in a subtree hidden by content-visibility. @ :3102
[  505492ms] [VERBOSE] Rendering was performed in a subtree hidden by content-visibility. @ :3102
[  505493ms] [VERBOSE] Rendering was performed in a subtree hidden by content-visibility. @ :3102
[  505494ms] [VERBOSE] Rendering was performed in a subtree hidden by content-visibility. @ :3102
[  505495ms] [VERBOSE] Rendering was performed in a subtree hidden by content-visibility. @ :3102
[  505496ms] [VERBOSE] Rendering was performed in a subtree hidden by content-visibility. @ :3102
[  505497ms] [VERBOSE] Rendering was performed in a subtree hidden by content-visibility. @ :3102
[  505497ms] [VERBOSE] Rendering was performed in a subtree hidden by content-visibility. @ :3102
[  505498ms] [VERBOSE] Rendering was performed in a subtree hidden by content-visibility. @ :3102
[  505500ms] [VERBOSE] Rendering was performed in a subtree hidden by content-visibility. @ :3102
[  505500ms] [VERBOSE] Rendering was performed in a subtree hidden by content-visibility. @ :3102
[  505500ms] [VERBOSE] Rendering was performed in a subtree hidden by content-visibility. @ :3102
[  505500ms] [VERBOSE] Rendering was performed in a subtree hidden by content-visibility. @ :3102
[  505500ms] [VERBOSE] Rendering was performed in a subtree hidden by content-visibility. @ :3102
[  505501ms] [VERBOSE] Rendering was performed in a subtree hidden by content-visibility. @ :3102
[  534525ms] [ERROR] Failed to load resource: the server responded with a status of 404 (File not found) @ http://localhost:7777/public/skunkworks-logo.png:0
[  534591ms] [WARNING] <meta name="apple-mobile-web-app-capable" content="yes"> is deprecated. Please include <meta name="mobile-web-app-capable" content="yes"> @ http://localhost:7777/google-slides-cs-system-presentation-detailed.html:0
[  537803ms] [VERBOSE] Rendering was performed in a subtree hidden by content-visibility. @ :3102
[  537804ms] [VERBOSE] Rendering was performed in a subtree hidden by content-visibility. @ :3102
[  537806ms] [VERBOSE] Rendering was performed in a subtree hidden by content-visibility. @ :3102
[  537808ms] [VERBOSE] Rendering was performed in a subtree hidden by content-visibility. @ :3102
[  537809ms] [VERBOSE] Rendering was performed in a subtree hidden by content-visibility. @ :3102
[  537810ms] [VERBOSE] Rendering was performed in a subtree hidden by content-visibility. @ :3102
[  537811ms] [VERBOSE] Rendering was performed in a subtree hidden by content-visibility. @ :3102
[  537811ms] [VERBOSE] Rendering was performed in a subtree hidden by content-visibility. @ :3102
[  537813ms] [VERBOSE] Rendering was performed in a subtree hidden by content-visibility. @ :3102
[  537813ms] [VERBOSE] Rendering was performed in a subtree hidden by content-visibility. @ :3102
[  537814ms] [VERBOSE] Rendering was performed in a subtree hidden by content-visibility. @ :3102
[  537815ms] [VERBOSE] Rendering was performed in a subtree hidden by content-visibility. @ :3102
[  537816ms] [VERBOSE] Rendering was performed in a subtree hidden by content-visibility. @ :3102
[  537816ms] [VERBOSE] Rendering was performed in a subtree hidden by content-visibility. @ :3102
[  537817ms] [VERBOSE] Rendering was performed in a subtree hidden by content-visibility. @ :3102
[  537818ms] [VERBOSE] Rendering was performed in a subtree hidden by content-visibility. @ :3102
[  537819ms] [VERBOSE] Rendering was performed in a subtree hidden by content-visibility. @ :3102
[  537819ms] [VERBOSE] Rendering was performed in a subtree hidden by content-visibility. @ :3102
[  537820ms] [VERBOSE] Rendering was performed in a subtree hidden by content-visibility. @ :3102
[  537820ms] [VERBOSE] Rendering was performed in a subtree hidden by content-visibility. @ :3102
[  537821ms] [VERBOSE] Rendering was performed in a subtree hidden by content-visibility. @ :3102
[  537821ms] [VERBOSE] Rendering was performed in a subtree hidden by content-visibility. @ :3102
[  537822ms] [VERBOSE] Rendering was performed in a subtree hidden by content-visibility. @ :3102
[  537823ms] [VERBOSE] Rendering was performed in a subtree hidden by content-visibility. @ :3102
[  537824ms] [VERBOSE] Rendering was performed in a subtree hidden by content-visibility. @ :3102
[  537824ms] [VERBOSE] Rendering was performed in a subtree hidden by content-visibility. @ :3102
[  667885ms] [ERROR] Failed to load resource: the server responded with a status of 404 (File not found) @ http://localhost:7777/public/skunkworks-logo.png:0
[  667968ms] [WARNING] <meta name="apple-mobile-web-app-capable" content="yes"> is deprecated. Please include <meta name="mobile-web-app-capable" content="yes"> @ http://localhost:7777/google-slides-cs-system-presentation-detailed.html:0
[  671471ms] [VERBOSE] Rendering was performed in a subtree hidden by content-visibility. @ :3102
[  671471ms] [VERBOSE] Rendering was performed in a subtree hidden by content-visibility. @ :3102
[  671472ms] [VERBOSE] Rendering was performed in a subtree hidden by content-visibility. @ :3102
[  671473ms] [VERBOSE] Rendering was performed in a subtree hidden by content-visibility. @ :3102
[  671473ms] [VERBOSE] Rendering was performed in a subtree hidden by content-visibility. @ :3102
[  671474ms] [VERBOSE] Rendering was performed in a subtree hidden by content-visibility. @ :3102
[  671475ms] [VERBOSE] Rendering was performed in a subtree hidden by content-visibility. @ :3102
[  671475ms] [VERBOSE] Rendering was performed in a subtree hidden by content-visibility. @ :3102
[  671475ms] [VERBOSE] Rendering was performed in a subtree hidden by content-visibility. @ :3102
[  671476ms] [VERBOSE] Rendering was performed in a subtree hidden by content-visibility. @ :3102
[  671476ms] [VERBOSE] Rendering was performed in a subtree hidden by content-visibility. @ :3102
[  671477ms] [VERBOSE] Rendering was performed in a subtree hidden by content-visibility. @ :3102
[  671478ms] [VERBOSE] Rendering was performed in a subtree hidden by content-visibility. @ :3102
[  671479ms] [VERBOSE] Rendering was performed in a subtree hidden by content-visibility. @ :3102
[  671480ms] [VERBOSE] Rendering was performed in a subtree hidden by content-visibility. @ :3102
[  671480ms] [VERBOSE] Rendering was performed in a subtree hidden by content-visibility. @ :3102
[  671481ms] [VERBOSE] Rendering was performed in a subtree hidden by content-visibility. @ :3102
[  671481ms] [VERBOSE] Rendering was performed in a subtree hidden by content-visibility. @ :3102
[  671481ms] [VERBOSE] Rendering was performed in a subtree hidden by content-visibility. @ :3102
[  671481ms] [VERBOSE] Rendering was performed in a subtree hidden by content-visibility. @ :3102
[  671482ms] [VERBOSE] Rendering was performed in a subtree hidden by content-visibility. @ :3102
[  671482ms] [VERBOSE] Rendering was performed in a subtree hidden by content-visibility. @ :3102
[  681372ms] [VERBOSE] Rendering was performed in a subtree hidden by content-visibility. @ :3102
[  809073ms] [ERROR] Failed to load resource: the server responded with a status of 404 (File not found) @ http://localhost:7777/public/skunkworks-logo.png:0
[  809116ms] [WARNING] <meta name="apple-mobile-web-app-capable" content="yes"> is deprecated. Please include <meta name="mobile-web-app-capable" content="yes"> @ http://localhost:7777/google-slides-cs-system-presentation-detailed.html:0
[  812605ms] [VERBOSE] Rendering was performed in a subtree hidden by content-visibility. @ :3102
[  812606ms] [VERBOSE] Rendering was performed in a subtree hidden by content-visibility. @ :3102
[  812607ms] [VERBOSE] Rendering was performed in a subtree hidden by content-visibility. @ :3102
[  812607ms] [VERBOSE] Rendering was performed in a subtree hidden by content-visibility. @ :3102
[  812608ms] [VERBOSE] Rendering was performed in a subtree hidden by content-visibility. @ :3102
[  812608ms] [VERBOSE] Rendering was performed in a subtree hidden by content-visibility. @ :3102
[  812608ms] [VERBOSE] Rendering was performed in a subtree hidden by content-visibility. @ :3102
[  812609ms] [VERBOSE] Rendering was performed in a subtree hidden by content-visibility. @ :3102
[  812609ms] [VERBOSE] Rendering was performed in a subtree hidden by content-visibility. @ :3102
[  812610ms] [VERBOSE] Rendering was performed in a subtree hidden by content-visibility. @ :3102
[  812610ms] [VERBOSE] Rendering was performed in a subtree hidden by content-visibility. @ :3102
[  812611ms] [VERBOSE] Rendering was performed in a subtree hidden by content-visibility. @ :3102
[  812614ms] [VERBOSE] Rendering was performed in a subtree hidden by content-visibility. @ :3102
[  812614ms] [VERBOSE] Rendering was performed in a subtree hidden by content-visibility. @ :3102
[  812615ms] [VERBOSE] Rendering was performed in a subtree hidden by content-visibility. @ :3102
[  812616ms] [VERBOSE] Rendering was performed in a subtree hidden by content-visibility. @ :3102
[  812616ms] [VERBOSE] Rendering was performed in a subtree hidden by content-visibility. @ :3102
[  812617ms] [VERBOSE] Rendering was performed in a subtree hidden by content-visibility. @ :3102
[  812617ms] [VERBOSE] Rendering was performed in a subtree hidden by content-visibility. @ :3102
[  812617ms] [VERBOSE] Rendering was performed in a subtree hidden by content-visibility. @ :3102
[  812618ms] [VERBOSE] Rendering was performed in a subtree hidden by content-visibility. @ :3102
[  812618ms] [VERBOSE] Rendering was performed in a subtree hidden by content-visibility. @ :3102
[  823252ms] [VERBOSE] Rendering was performed in a subtree hidden by content-visibility. @ :3102
[  837332ms] [ERROR] Failed to load resource: the server responded with a status of 404 (File not found) @ http://localhost:7777/public/skunkworks-logo.png:0
[  837389ms] [WARNING] <meta name="apple-mobile-web-app-capable" content="yes"> is deprecated. Please include <meta name="mobile-web-app-capable" content="yes"> @ http://localhost:7777/google-slides-cs-system-presentation-detailed.html:0
[  840990ms] [VERBOSE] Rendering was performed in a subtree hidden by content-visibility. @ :3102
[  840990ms] [VERBOSE] Rendering was performed in a subtree hidden by content-visibility. @ :3102
[  840991ms] [VERBOSE] Rendering was performed in a subtree hidden by content-visibility. @ :3102
[  840992ms] [VERBOSE] Rendering was performed in a subtree hidden by content-visibility. @ :3102
[  840993ms] [VERBOSE] Rendering was performed in a subtree hidden by content-visibility. @ :3102
[  840994ms] [VERBOSE] Rendering was performed in a subtree hidden by content-visibility. @ :3102
[  840995ms] [VERBOSE] Rendering was performed in a subtree hidden by content-visibility. @ :3102
[  840995ms] [VERBOSE] Rendering was performed in a subtree hidden by content-visibility. @ :3102
[  840995ms] [VERBOSE] Rendering was performed in a subtree hidden by content-visibility. @ :3102
[  840996ms] [VERBOSE] Rendering was performed in a subtree hidden by content-visibility. @ :3102
[  840996ms] [VERBOSE] Rendering was performed in a subtree hidden by content-visibility. @ :3102
[  840997ms] [VERBOSE] Rendering was performed in a subtree hidden by content-visibility. @ :3102
[  840997ms] [VERBOSE] Rendering was performed in a subtree hidden by content-visibility. @ :3102
[  840998ms] [VERBOSE] Rendering was performed in a subtree hidden by content-visibility. @ :3102
[  840999ms] [VERBOSE] Rendering was performed in a subtree hidden by content-visibility. @ :3102
[  841000ms] [VERBOSE] Rendering was performed in a subtree hidden by content-visibility. @ :3102
[  841000ms] [VERBOSE] Rendering was performed in a subtree hidden by content-visibility. @ :3102
[  841000ms] [VERBOSE] Rendering was performed in a subtree hidden by content-visibility. @ :3102
[  841001ms] [VERBOSE] Rendering was performed in a subtree hidden by content-visibility. @ :3102
[  841001ms] [VERBOSE] Rendering was performed in a subtree hidden by content-visibility. @ :3102
[  895199ms] [ERROR] Failed to load resource: the server responded with a status of 404 (File not found) @ http://localhost:7777/public/skunkworks-logo.png:0
[  895250ms] [WARNING] <meta name="apple-mobile-web-app-capable" content="yes"> is deprecated. Please include <meta name="mobile-web-app-capable" content="yes"> @ http://localhost:7777/google-slides-cs-system-presentation-detailed.html:0
[  896061ms] [VERBOSE] Rendering was performed in a subtree hidden by content-visibility. @ :6
[  896062ms] [VERBOSE] Rendering was performed in a subtree hidden by content-visibility. @ :6
[  896062ms] [VERBOSE] Rendering was performed in a subtree hidden by content-visibility. @ :10
[  896062ms] [VERBOSE] Rendering was performed in a subtree hidden by content-visibility. @ :11
[  896062ms] [VERBOSE] Rendering was performed in a subtree hidden by content-visibility. @ :6
[  896063ms] [VERBOSE] Rendering was performed in a subtree hidden by content-visibility. @ :6
[  896063ms] [VERBOSE] Rendering was performed in a subtree hidden by content-visibility. @ :10
[  896063ms] [VERBOSE] Rendering was performed in a subtree hidden by content-visibility. @ :11
[  896063ms] [VERBOSE] Rendering was performed in a subtree hidden by content-visibility. @ :6
[  896065ms] [VERBOSE] Rendering was performed in a subtree hidden by content-visibility. @ :6
[  896065ms] [VERBOSE] Rendering was performed in a subtree hidden by content-visibility. @ :10
[  896065ms] [VERBOSE] Rendering was performed in a subtree hidden by content-visibility. @ :11
[  896065ms] [VERBOSE] Rendering was performed in a subtree hidden by content-visibility. @ :6
[  896065ms] [VERBOSE] Rendering was performed in a subtree hidden by content-visibility. @ :6
[  896065ms] [VERBOSE] Rendering was performed in a subtree hidden by content-visibility. @ :10
[  896065ms] [VERBOSE] Rendering was performed in a subtree hidden by content-visibility. @ :11
[  896065ms] [VERBOSE] Rendering was performed in a subtree hidden by content-visibility. @ :6
[  896066ms] [VERBOSE] Rendering was performed in a subtree hidden by content-visibility. @ :6
[  896066ms] [VERBOSE] Rendering was performed in a subtree hidden by content-visibility. @ :10
[  896066ms] [VERBOSE] Rendering was performed in a subtree hidden by content-visibility. @ :11
[  896066ms] [VERBOSE] Rendering was performed in a subtree hidden by content-visibility. @ :6
[  896067ms] [VERBOSE] Rendering was performed in a subtree hidden by content-visibility. @ :6
[  896067ms] [VERBOSE] Rendering was performed in a subtree hidden by content-visibility. @ :10
[  896067ms] [VERBOSE] Rendering was performed in a subtree hidden by content-visibility. @ :11
[  896067ms] [VERBOSE] Rendering was performed in a subtree hidden by content-visibility. @ :6
[  896067ms] [VERBOSE] Rendering was performed in a subtree hidden by content-visibility. @ :6
[  896068ms] [VERBOSE] Rendering was performed in a subtree hidden by content-visibility. @ :10
[  896068ms] [VERBOSE] Rendering was performed in a subtree hidden by content-visibility. @ :11
[  896068ms] [VERBOSE] Rendering was performed in a subtree hidden by content-visibility. @ :6
[  896068ms] [VERBOSE] Rendering was performed in a subtree hidden by content-visibility. @ :6
[  896068ms] [VERBOSE] Rendering was performed in a subtree hidden by content-visibility. @ :10
[  896068ms] [VERBOSE] Rendering was performed in a subtree hidden by content-visibility. @ :11
[  896068ms] [VERBOSE] Rendering was performed in a subtree hidden by content-visibility. @ :6
[  896068ms] [VERBOSE] Rendering was performed in a subtree hidden by content-visibility. @ :6
[  896068ms] [VERBOSE] Rendering was performed in a subtree hidden by content-visibility. @ :10
[  896069ms] [VERBOSE] Rendering was performed in a subtree hidden by content-visibility. @ :11
[  896069ms] [VERBOSE] Rendering was performed in a subtree hidden by content-visibility. @ :6
[  896069ms] [VERBOSE] Rendering was performed in a subtree hidden by content-visibility. @ :6
[  896069ms] [VERBOSE] Rendering was performed in a subtree hidden by content-visibility. @ :10
[  896069ms] [VERBOSE] Rendering was performed in a subtree hidden by content-visibility. @ :11
[  896069ms] [VERBOSE] Rendering was performed in a subtree hidden by content-visibility. @ :6
[  896070ms] [VERBOSE] Rendering was performed in a subtree hidden by content-visibility. @ :6
[  896070ms] [VERBOSE] Rendering was performed in a subtree hidden by content-visibility. @ :10
[  896070ms] [VERBOSE] Rendering was performed in a subtree hidden by content-visibility. @ :11
[  896070ms] [VERBOSE] Rendering was performed in a subtree hidden by content-visibility. @ :6
[  896070ms] [VERBOSE] Rendering was performed in a subtree hidden by content-visibility. @ :6
[  896070ms] [VERBOSE] Rendering was performed in a subtree hidden by content-visibility. @ :10
[  896070ms] [VERBOSE] Rendering was performed in a subtree hidden by content-visibility. @ :11
[  896070ms] [VERBOSE] Rendering was performed in a subtree hidden by content-visibility. @ :6
[  896071ms] [VERBOSE] Rendering was performed in a subtree hidden by content-visibility. @ :6
[  896071ms] [VERBOSE] Rendering was performed in a subtree hidden by content-visibility. @ :10
[  896071ms] [VERBOSE] Rendering was performed in a subtree hidden by content-visibility. @ :11
[  896071ms] [VERBOSE] Rendering was performed in a subtree hidden by content-visibility. @ :6
[  896072ms] [VERBOSE] Rendering was performed in a subtree hidden by content-visibility. @ :6
[  896072ms] [VERBOSE] Rendering was performed in a subtree hidden by content-visibility. @ :10
[  896072ms] [VERBOSE] Rendering was performed in a subtree hidden by content-visibility. @ :11
[  896072ms] [VERBOSE] Rendering was performed in a subtree hidden by content-visibility. @ :6
[  896073ms] [VERBOSE] Rendering was performed in a subtree hidden by content-visibility. @ :6
[  896073ms] [VERBOSE] Rendering was performed in a subtree hidden by content-visibility. @ :10
[  896073ms] [VERBOSE] Rendering was performed in a subtree hidden by content-visibility. @ :11
[  896073ms] [VERBOSE] Rendering was performed in a subtree hidden by content-visibility. @ :6
[  896073ms] [VERBOSE] Rendering was performed in a subtree hidden by content-visibility. @ :6
[  896073ms] [VERBOSE] Rendering was performed in a subtree hidden by content-visibility. @ :10
[  896073ms] [VERBOSE] Rendering was performed in a subtree hidden by content-visibility. @ :11
[  896073ms] [VERBOSE] Rendering was performed in a subtree hidden by content-visibility. @ :6
[  896074ms] [VERBOSE] Rendering was performed in a subtree hidden by content-visibility. @ :6
[  896074ms] [VERBOSE] Rendering was performed in a subtree hidden by content-visibility. @ :10
[  896074ms] [VERBOSE] Rendering was performed in a subtree hidden by content-visibility. @ :11
[  896074ms] [VERBOSE] Rendering was performed in a subtree hidden by content-visibility. @ :6
[  896074ms] [VERBOSE] Rendering was performed in a subtree hidden by content-visibility. @ :6
[  896074ms] [VERBOSE] Rendering was performed in a subtree hidden by content-visibility. @ :10
[  896074ms] [VERBOSE] Rendering was performed in a subtree hidden by content-visibility. @ :11
[  944148ms] [ERROR] Failed to load resource: the server responded with a status of 404 (File not found) @ http://localhost:7777/public/skunkworks-logo.png:0
[  944210ms] [WARNING] <meta name="apple-mobile-web-app-capable" content="yes"> is deprecated. Please include <meta name="mobile-web-app-capable" content="yes"> @ http://localhost:7777/google-slides-cs-system-presentation-detailed.html:0
[  945015ms] [VERBOSE] Rendering was performed in a subtree hidden by content-visibility. @ :4
[  945016ms] [VERBOSE] Rendering was performed in a subtree hidden by content-visibility. @ :4
[  945016ms] [VERBOSE] Rendering was performed in a subtree hidden by content-visibility. @ :5
[  945016ms] [VERBOSE] Rendering was performed in a subtree hidden by content-visibility. @ :5
[  945016ms] [VERBOSE] Rendering was performed in a subtree hidden by content-visibility. @ :4
[  945017ms] [VERBOSE] Rendering was performed in a subtree hidden by content-visibility. @ :4
[  945017ms] [VERBOSE] Rendering was performed in a subtree hidden by content-visibility. @ :5
[  945017ms] [VERBOSE] Rendering was performed in a subtree hidden by content-visibility. @ :5
[  945017ms] [VERBOSE] Rendering was performed in a subtree hidden by content-visibility. @ :4
[  945018ms] [VERBOSE] Rendering was performed in a subtree hidden by content-visibility. @ :4
[  945018ms] [VERBOSE] Rendering was performed in a subtree hidden by content-visibility. @ :5
[  945018ms] [VERBOSE] Rendering was performed in a subtree hidden by content-visibility. @ :5
[  945018ms] [VERBOSE] Rendering was performed in a subtree hidden by content-visibility. @ :4
[  945018ms] [VERBOSE] Rendering was performed in a subtree hidden by content-visibility. @ :4
[  945018ms] [VERBOSE] Rendering was performed in a subtree hidden by content-visibility. @ :5
[  945018ms] [VERBOSE] Rendering was performed in a subtree hidden by content-visibility. @ :5
[  945018ms] [VERBOSE] Rendering was performed in a subtree hidden by content-visibility. @ :4
[  945019ms] [VERBOSE] Rendering was performed in a subtree hidden by content-visibility. @ :4
[  945019ms] [VERBOSE] Rendering was performed in a subtree hidden by content-visibility. @ :5
[  945019ms] [VERBOSE] Rendering was performed in a subtree hidden by content-visibility. @ :5
[  945019ms] [VERBOSE] Rendering was performed in a subtree hidden by content-visibility. @ :4
[  945019ms] [VERBOSE] Rendering was performed in a subtree hidden by content-visibility. @ :4
[  945019ms] [VERBOSE] Rendering was performed in a subtree hidden by content-visibility. @ :5
[  945019ms] [VERBOSE] Rendering was performed in a subtree hidden by content-visibility. @ :5
[  945019ms] [VERBOSE] Rendering was performed in a subtree hidden by content-visibility. @ :4
[  945019ms] [VERBOSE] Rendering was performed in a subtree hidden by content-visibility. @ :4
[  945019ms] [VERBOSE] Rendering was performed in a subtree hidden by content-visibility. @ :5
[  945020ms] [VERBOSE] Rendering was performed in a subtree hidden by content-visibility. @ :5
[  945020ms] [VERBOSE] Rendering was performed in a subtree hidden by content-visibility. @ :4
[  945020ms] [VERBOSE] Rendering was performed in a subtree hidden by content-visibility. @ :4
[  945020ms] [VERBOSE] Rendering was performed in a subtree hidden by content-visibility. @ :5
[  945020ms] [VERBOSE] Rendering was performed in a subtree hidden by content-visibility. @ :5
[  945020ms] [VERBOSE] Rendering was performed in a subtree hidden by content-visibility. @ :4
[  945020ms] [VERBOSE] Rendering was performed in a subtree hidden by content-visibility. @ :4
[  945020ms] [VERBOSE] Rendering was performed in a subtree hidden by content-visibility. @ :5
[  945020ms] [VERBOSE] Rendering was performed in a subtree hidden by content-visibility. @ :5
[  945020ms] [VERBOSE] Rendering was performed in a subtree hidden by content-visibility. @ :4
[  945021ms] [VERBOSE] Rendering was performed in a subtree hidden by content-visibility. @ :4
[  945021ms] [VERBOSE] Rendering was performed in a subtree hidden by content-visibility. @ :5
[  945021ms] [VERBOSE] Rendering was performed in a subtree hidden by content-visibility. @ :5
[  945021ms] [VERBOSE] Rendering was performed in a subtree hidden by content-visibility. @ :4
[  945021ms] [VERBOSE] Rendering was performed in a subtree hidden by content-visibility. @ :4
[  945021ms] [VERBOSE] Rendering was performed in a subtree hidden by content-visibility. @ :5
[  945021ms] [VERBOSE] Rendering was performed in a subtree hidden by content-visibility. @ :5
[  945021ms] [VERBOSE] Rendering was performed in a subtree hidden by content-visibility. @ :4
[  945022ms] [VERBOSE] Rendering was performed in a subtree hidden by content-visibility. @ :4
[  945022ms] [VERBOSE] Rendering was performed in a subtree hidden by content-visibility. @ :5
[  945022ms] [VERBOSE] Rendering was performed in a subtree hidden by content-visibility. @ :5
[  945022ms] [VERBOSE] Rendering was performed in a subtree hidden by content-visibility. @ :4
[  945022ms] [VERBOSE] Rendering was performed in a subtree hidden by content-visibility. @ :4
[  945022ms] [VERBOSE] Rendering was performed in a subtree hidden by content-visibility. @ :5
[  945022ms] [VERBOSE] Rendering was performed in a subtree hidden by content-visibility. @ :5
[  945022ms] [VERBOSE] Rendering was performed in a subtree hidden by content-visibility. @ :4
[  945023ms] [VERBOSE] Rendering was performed in a subtree hidden by content-visibility. @ :4
[  945023ms] [VERBOSE] Rendering was performed in a subtree hidden by content-visibility. @ :5
[  945023ms] [VERBOSE] Rendering was performed in a subtree hidden by content-visibility. @ :5
[  945023ms] [VERBOSE] Rendering was performed in a subtree hidden by content-visibility. @ :4
[  945023ms] [VERBOSE] Rendering was performed in a subtree hidden by content-visibility. @ :4
[  945023ms] [VERBOSE] Rendering was performed in a subtree hidden by content-visibility. @ :5
[  945023ms] [VERBOSE] Rendering was performed in a subtree hidden by content-visibility. @ :5
[  945023ms] [VERBOSE] Rendering was performed in a subtree hidden by content-visibility. @ :4
[  945023ms] [VERBOSE] Rendering was performed in a subtree hidden by content-visibility. @ :4
[  945023ms] [VERBOSE] Rendering was performed in a subtree hidden by content-visibility. @ :5
[  945023ms] [VERBOSE] Rendering was performed in a subtree hidden by content-visibility. @ :5
[  945023ms] [VERBOSE] Rendering was performed in a subtree hidden by content-visibility. @ :4
[  945024ms] [VERBOSE] Rendering was performed in a subtree hidden by content-visibility. @ :4
[  945024ms] [VERBOSE] Rendering was performed in a subtree hidden by content-visibility. @ :5
[  945024ms] [VERBOSE] Rendering was performed in a subtree hidden by content-visibility. @ :5
[  945024ms] [VERBOSE] Rendering was performed in a subtree hidden by content-visibility. @ :4
[  945024ms] [VERBOSE] Rendering was performed in a subtree hidden by content-visibility. @ :4
[  945024ms] [VERBOSE] Rendering was performed in a subtree hidden by content-visibility. @ :5
[  945024ms] [VERBOSE] Rendering was performed in a subtree hidden by content-visibility. @ :5
[  953843ms] [VERBOSE] Rendering was performed in a subtree hidden by content-visibility. @ :3102
[  953844ms] [VERBOSE] Rendering was performed in a subtree hidden by content-visibility. @ :3102
[  953845ms] [VERBOSE] Rendering was performed in a subtree hidden by content-visibility. @ :3102
[  953846ms] [VERBOSE] Rendering was performed in a subtree hidden by content-visibility. @ :3102
[  953847ms] [VERBOSE] Rendering was performed in a subtree hidden by content-visibility. @ :3102
[  953847ms] [VERBOSE] Rendering was performed in a subtree hidden by content-visibility. @ :3102
[  953848ms] [VERBOSE] Rendering was performed in a subtree hidden by content-visibility. @ :3102
[  953849ms] [VERBOSE] Rendering was performed in a subtree hidden by content-visibility. @ :3102
[  953849ms] [VERBOSE] Rendering was performed in a subtree hidden by content-visibility. @ :3102
[  953850ms] [VERBOSE] Rendering was performed in a subtree hidden by content-visibility. @ :3102
[  953850ms] [VERBOSE] Rendering was performed in a subtree hidden by content-visibility. @ :3102
[  953851ms] [VERBOSE] Rendering was performed in a subtree hidden by content-visibility. @ :3102
[  953852ms] [VERBOSE] Rendering was performed in a subtree hidden by content-visibility. @ :3102
[  953852ms] [VERBOSE] Rendering was performed in a subtree hidden by content-visibility. @ :3102
[  953853ms] [VERBOSE] Rendering was performed in a subtree hidden by content-visibility. @ :3102
[  953854ms] [VERBOSE] Rendering was performed in a subtree hidden by content-visibility. @ :3102
[  953854ms] [VERBOSE] Rendering was performed in a subtree hidden by content-visibility. @ :3102
[  953855ms] [VERBOSE] Rendering was performed in a subtree hidden by content-visibility. @ :3102
[  958815ms] [VERBOSE] Rendering was performed in a subtree hidden by content-visibility. @ :7
[  958816ms] [VERBOSE] Rendering was performed in a subtree hidden by content-visibility. @ :8
[  965227ms] [VERBOSE] Rendering was performed in a subtree hidden by content-visibility. @ :6
