[     141ms] [LOG] [astro-mermaid] Mermaid diagrams detected on initial load @ http://localhost:4321/@id/astro:scripts/page.js:127
[     141ms] [LOG] [astro-mermaid] Initializing mermaid diagrams... @ http://localhost:4321/@id/astro:scripts/page.js:52
[     141ms] [LOG] [astro-mermaid] Found 7 mermaid diagrams @ http://localhost:4321/@id/astro:scripts/page.js:55
[     141ms] [LOG] [astro-mermaid] Loading mermaid.js... @ http://localhost:4321/@id/astro:scripts/page.js:13
[     143ms] [LOG] [astro-mermaid] Initializing mermaid diagrams... @ http://localhost:4321/@id/astro:scripts/page.js:52
[     143ms] [LOG] [astro-mermaid] Found 7 mermaid diagrams @ http://localhost:4321/@id/astro:scripts/page.js:55
[     143ms] [LOG] [astro-mermaid] Initializing mermaid diagrams... @ http://localhost:4321/@id/astro:scripts/page.js:52
[     143ms] [LOG] [astro-mermaid] Found 7 mermaid diagrams @ http://localhost:4321/@id/astro:scripts/page.js:55
[     172ms] [LOG] [astro-mermaid] Using theme: default from html @ http://localhost:4321/@id/astro:scripts/page.js:73
[     173ms] [LOG] [astro-mermaid] Rendering diagram: mermaid-tklfatfkb @ http://localhost:4321/@id/astro:scripts/page.js:101
[     175ms] [LOG] [astro-mermaid] Using theme: default from html @ http://localhost:4321/@id/astro:scripts/page.js:73
[     176ms] [LOG] [astro-mermaid] Rendering diagram: mermaid-8y9g8r3c5 @ http://localhost:4321/@id/astro:scripts/page.js:101
[     176ms] [LOG] [astro-mermaid] Using theme: default from html @ http://localhost:4321/@id/astro:scripts/page.js:73
[     176ms] [LOG] [astro-mermaid] Rendering diagram: mermaid-omcu9g7vl @ http://localhost:4321/@id/astro:scripts/page.js:101
[     272ms] [LOG] [astro-mermaid] Successfully rendered diagram: mermaid-tklfatfkb @ http://localhost:4321/@id/astro:scripts/page.js:113
[     272ms] [LOG] [astro-mermaid] Rendering diagram: mermaid-t248o17nn @ http://localhost:4321/@id/astro:scripts/page.js:101
[     359ms] [LOG] [astro-mermaid] Successfully rendered diagram: mermaid-8y9g8r3c5 @ http://localhost:4321/@id/astro:scripts/page.js:113
[     359ms] [LOG] [astro-mermaid] Rendering diagram: mermaid-wc3vuqbpc @ http://localhost:4321/@id/astro:scripts/page.js:101
[     410ms] [LOG] [astro-mermaid] Successfully rendered diagram: mermaid-omcu9g7vl @ http://localhost:4321/@id/astro:scripts/page.js:113
[     410ms] [LOG] [astro-mermaid] Rendering diagram: mermaid-6oluf4rao @ http://localhost:4321/@id/astro:scripts/page.js:101
[     436ms] [LOG] [astro-mermaid] Successfully rendered diagram: mermaid-t248o17nn @ http://localhost:4321/@id/astro:scripts/page.js:113
[     436ms] [LOG] [astro-mermaid] Rendering diagram: mermaid-gpu4ymzjm @ http://localhost:4321/@id/astro:scripts/page.js:101
[     470ms] [LOG] [astro-mermaid] Successfully rendered diagram: mermaid-wc3vuqbpc @ http://localhost:4321/@id/astro:scripts/page.js:113
[     470ms] [LOG] [astro-mermaid] Rendering diagram: mermaid-eyxj5l06j @ http://localhost:4321/@id/astro:scripts/page.js:101
[     503ms] [LOG] [astro-mermaid] Successfully rendered diagram: mermaid-6oluf4rao @ http://localhost:4321/@id/astro:scripts/page.js:113
[     503ms] [LOG] [astro-mermaid] Rendering diagram: mermaid-qsdtc47dn @ http://localhost:4321/@id/astro:scripts/page.js:101
[     532ms] [LOG] [astro-mermaid] Successfully rendered diagram: mermaid-gpu4ymzjm @ http://localhost:4321/@id/astro:scripts/page.js:113
[     532ms] [LOG] [astro-mermaid] Rendering diagram: mermaid-gsn6hsq4q @ http://localhost:4321/@id/astro:scripts/page.js:101
[     552ms] [LOG] [astro-mermaid] Successfully rendered diagram: mermaid-eyxj5l06j @ http://localhost:4321/@id/astro:scripts/page.js:113
[     552ms] [LOG] [astro-mermaid] Rendering diagram: mermaid-6ipxm394c @ http://localhost:4321/@id/astro:scripts/page.js:101
[     571ms] [LOG] [astro-mermaid] Successfully rendered diagram: mermaid-qsdtc47dn @ http://localhost:4321/@id/astro:scripts/page.js:113
[     571ms] [LOG] [astro-mermaid] Rendering diagram: mermaid-bl8kyq6h5 @ http://localhost:4321/@id/astro:scripts/page.js:101
[     587ms] [LOG] [astro-mermaid] Successfully rendered diagram: mermaid-gsn6hsq4q @ http://localhost:4321/@id/astro:scripts/page.js:113
[     587ms] [LOG] [astro-mermaid] Rendering diagram: mermaid-aclivjv9v @ http://localhost:4321/@id/astro:scripts/page.js:101
[     605ms] [LOG] [astro-mermaid] Successfully rendered diagram: mermaid-6ipxm394c @ http://localhost:4321/@id/astro:scripts/page.js:113
[     605ms] [LOG] [astro-mermaid] Rendering diagram: mermaid-uxcs055wz @ http://localhost:4321/@id/astro:scripts/page.js:101
[     625ms] [LOG] [astro-mermaid] Successfully rendered diagram: mermaid-bl8kyq6h5 @ http://localhost:4321/@id/astro:scripts/page.js:113
[     625ms] [LOG] [astro-mermaid] Rendering diagram: mermaid-sb3ahpjbh @ http://localhost:4321/@id/astro:scripts/page.js:101
[     643ms] [LOG] [astro-mermaid] Successfully rendered diagram: mermaid-aclivjv9v @ http://localhost:4321/@id/astro:scripts/page.js:113
[     643ms] [LOG] [astro-mermaid] Rendering diagram: mermaid-sr90z7p3z @ http://localhost:4321/@id/astro:scripts/page.js:101
[     660ms] [LOG] [astro-mermaid] Successfully rendered diagram: mermaid-uxcs055wz @ http://localhost:4321/@id/astro:scripts/page.js:113
[     660ms] [LOG] [astro-mermaid] Rendering diagram: mermaid-b3qrkpfkj @ http://localhost:4321/@id/astro:scripts/page.js:101
[     677ms] [LOG] [astro-mermaid] Successfully rendered diagram: mermaid-sb3ahpjbh @ http://localhost:4321/@id/astro:scripts/page.js:113
[     677ms] [LOG] [astro-mermaid] Rendering diagram: mermaid-ti6s3cc3w @ http://localhost:4321/@id/astro:scripts/page.js:101
[     692ms] [LOG] [astro-mermaid] Successfully rendered diagram: mermaid-sr90z7p3z @ http://localhost:4321/@id/astro:scripts/page.js:113
[     692ms] [LOG] [astro-mermaid] Rendering diagram: mermaid-4dqj1osjc @ http://localhost:4321/@id/astro:scripts/page.js:101
[     708ms] [LOG] [astro-mermaid] Successfully rendered diagram: mermaid-b3qrkpfkj @ http://localhost:4321/@id/astro:scripts/page.js:113
[     708ms] [LOG] [astro-mermaid] Rendering diagram: mermaid-awfe80q0z @ http://localhost:4321/@id/astro:scripts/page.js:101
[     725ms] [LOG] [astro-mermaid] Successfully rendered diagram: mermaid-ti6s3cc3w @ http://localhost:4321/@id/astro:scripts/page.js:113
[     725ms] [LOG] [astro-mermaid] Rendering diagram: mermaid-261cg13fw @ http://localhost:4321/@id/astro:scripts/page.js:101
[     757ms] [LOG] [astro-mermaid] Successfully rendered diagram: mermaid-4dqj1osjc @ http://localhost:4321/@id/astro:scripts/page.js:113
[     783ms] [LOG] [astro-mermaid] Successfully rendered diagram: mermaid-awfe80q0z @ http://localhost:4321/@id/astro:scripts/page.js:113
[     807ms] [LOG] [astro-mermaid] Successfully rendered diagram: mermaid-261cg13fw @ http://localhost:4321/@id/astro:scripts/page.js:113
[  161572ms] [LOG] [astro-mermaid] Mermaid diagrams detected on initial load @ http://localhost:4321/@id/astro:scripts/page.js:127
[  161573ms] [LOG] [astro-mermaid] Initializing mermaid diagrams... @ http://localhost:4321/@id/astro:scripts/page.js:52
[  161573ms] [LOG] [astro-mermaid] Found 7 mermaid diagrams @ http://localhost:4321/@id/astro:scripts/page.js:55
[  161573ms] [LOG] [astro-mermaid] Loading mermaid.js... @ http://localhost:4321/@id/astro:scripts/page.js:13
[  161575ms] [LOG] [astro-mermaid] Initializing mermaid diagrams... @ http://localhost:4321/@id/astro:scripts/page.js:52
[  161575ms] [LOG] [astro-mermaid] Found 7 mermaid diagrams @ http://localhost:4321/@id/astro:scripts/page.js:55
[  161575ms] [LOG] [astro-mermaid] Initializing mermaid diagrams... @ http://localhost:4321/@id/astro:scripts/page.js:52
[  161575ms] [LOG] [astro-mermaid] Found 7 mermaid diagrams @ http://localhost:4321/@id/astro:scripts/page.js:55
[  161621ms] [LOG] [astro-mermaid] Using theme: default from html @ http://localhost:4321/@id/astro:scripts/page.js:73
[  161622ms] [LOG] [astro-mermaid] Rendering diagram: mermaid-9cdfk4f4c @ http://localhost:4321/@id/astro:scripts/page.js:101
[  161623ms] [LOG] [astro-mermaid] Using theme: default from html @ http://localhost:4321/@id/astro:scripts/page.js:73
[  161624ms] [LOG] [astro-mermaid] Rendering diagram: mermaid-ldewzozd8 @ http://localhost:4321/@id/astro:scripts/page.js:101
[  161624ms] [LOG] [astro-mermaid] Using theme: default from html @ http://localhost:4321/@id/astro:scripts/page.js:73
[  161625ms] [LOG] [astro-mermaid] Rendering diagram: mermaid-44hja1v7y @ http://localhost:4321/@id/astro:scripts/page.js:101
[  161729ms] [LOG] [astro-mermaid] Successfully rendered diagram: mermaid-9cdfk4f4c @ http://localhost:4321/@id/astro:scripts/page.js:113
[  161729ms] [LOG] [astro-mermaid] Rendering diagram: mermaid-v9hsj94sv @ http://localhost:4321/@id/astro:scripts/page.js:101
[  161786ms] [LOG] [astro-mermaid] Successfully rendered diagram: mermaid-ldewzozd8 @ http://localhost:4321/@id/astro:scripts/page.js:113
[  161786ms] [LOG] [astro-mermaid] Rendering diagram: mermaid-9q7xfgybh @ http://localhost:4321/@id/astro:scripts/page.js:101
[  161839ms] [LOG] [astro-mermaid] Successfully rendered diagram: mermaid-44hja1v7y @ http://localhost:4321/@id/astro:scripts/page.js:113
[  161839ms] [LOG] [astro-mermaid] Rendering diagram: mermaid-34afllsw5 @ http://localhost:4321/@id/astro:scripts/page.js:101
[  161864ms] [LOG] [astro-mermaid] Successfully rendered diagram: mermaid-v9hsj94sv @ http://localhost:4321/@id/astro:scripts/page.js:113
[  161864ms] [LOG] [astro-mermaid] Rendering diagram: mermaid-t56b01xl5 @ http://localhost:4321/@id/astro:scripts/page.js:101
[  161892ms] [LOG] [astro-mermaid] Successfully rendered diagram: mermaid-9q7xfgybh @ http://localhost:4321/@id/astro:scripts/page.js:113
[  161892ms] [LOG] [astro-mermaid] Rendering diagram: mermaid-b7mhwbd11 @ http://localhost:4321/@id/astro:scripts/page.js:101
[  161926ms] [LOG] [astro-mermaid] Successfully rendered diagram: mermaid-34afllsw5 @ http://localhost:4321/@id/astro:scripts/page.js:113
[  161926ms] [LOG] [astro-mermaid] Rendering diagram: mermaid-mawxmbtq2 @ http://localhost:4321/@id/astro:scripts/page.js:101
[  161974ms] [LOG] [astro-mermaid] Successfully rendered diagram: mermaid-t56b01xl5 @ http://localhost:4321/@id/astro:scripts/page.js:113
[  161974ms] [LOG] [astro-mermaid] Rendering diagram: mermaid-jwh7nggvs @ http://localhost:4321/@id/astro:scripts/page.js:101
[  162017ms] [LOG] [astro-mermaid] Successfully rendered diagram: mermaid-b7mhwbd11 @ http://localhost:4321/@id/astro:scripts/page.js:113
[  162017ms] [LOG] [astro-mermaid] Rendering diagram: mermaid-49f9aud1g @ http://localhost:4321/@id/astro:scripts/page.js:101
[  162075ms] [LOG] [astro-mermaid] Successfully rendered diagram: mermaid-mawxmbtq2 @ http://localhost:4321/@id/astro:scripts/page.js:113
[  162075ms] [LOG] [astro-mermaid] Rendering diagram: mermaid-x651vmq8o @ http://localhost:4321/@id/astro:scripts/page.js:101
[  162107ms] [LOG] [astro-mermaid] Successfully rendered diagram: mermaid-jwh7nggvs @ http://localhost:4321/@id/astro:scripts/page.js:113
[  162108ms] [LOG] [astro-mermaid] Rendering diagram: mermaid-7a2r5ss9s @ http://localhost:4321/@id/astro:scripts/page.js:101
[  162131ms] [LOG] [astro-mermaid] Successfully rendered diagram: mermaid-49f9aud1g @ http://localhost:4321/@id/astro:scripts/page.js:113
[  162131ms] [LOG] [astro-mermaid] Rendering diagram: mermaid-thnid651x @ http://localhost:4321/@id/astro:scripts/page.js:101
[  162153ms] [LOG] [astro-mermaid] Successfully rendered diagram: mermaid-x651vmq8o @ http://localhost:4321/@id/astro:scripts/page.js:113
[  162154ms] [LOG] [astro-mermaid] Rendering diagram: mermaid-xckfd3gjn @ http://localhost:4321/@id/astro:scripts/page.js:101
[  162181ms] [LOG] [astro-mermaid] Successfully rendered diagram: mermaid-7a2r5ss9s @ http://localhost:4321/@id/astro:scripts/page.js:113
[  162181ms] [LOG] [astro-mermaid] Rendering diagram: mermaid-a0zxpb99x @ http://localhost:4321/@id/astro:scripts/page.js:101
[  162200ms] [LOG] [astro-mermaid] Successfully rendered diagram: mermaid-thnid651x @ http://localhost:4321/@id/astro:scripts/page.js:113
[  162200ms] [LOG] [astro-mermaid] Rendering diagram: mermaid-aaalacn1n @ http://localhost:4321/@id/astro:scripts/page.js:101
[  162220ms] [LOG] [astro-mermaid] Successfully rendered diagram: mermaid-xckfd3gjn @ http://localhost:4321/@id/astro:scripts/page.js:113
[  162220ms] [LOG] [astro-mermaid] Rendering diagram: mermaid-gk409yv8h @ http://localhost:4321/@id/astro:scripts/page.js:101
[  162236ms] [LOG] [astro-mermaid] Successfully rendered diagram: mermaid-a0zxpb99x @ http://localhost:4321/@id/astro:scripts/page.js:113
[  162237ms] [LOG] [astro-mermaid] Rendering diagram: mermaid-9g0gfd6ni @ http://localhost:4321/@id/astro:scripts/page.js:101
[  162256ms] [LOG] [astro-mermaid] Successfully rendered diagram: mermaid-aaalacn1n @ http://localhost:4321/@id/astro:scripts/page.js:113
[  162256ms] [LOG] [astro-mermaid] Rendering diagram: mermaid-2d7stcyqr @ http://localhost:4321/@id/astro:scripts/page.js:101
[  162274ms] [LOG] [astro-mermaid] Successfully rendered diagram: mermaid-gk409yv8h @ http://localhost:4321/@id/astro:scripts/page.js:113
[  162274ms] [LOG] [astro-mermaid] Rendering diagram: mermaid-4qf12a8a5 @ http://localhost:4321/@id/astro:scripts/page.js:101
[  162301ms] [LOG] [astro-mermaid] Successfully rendered diagram: mermaid-9g0gfd6ni @ http://localhost:4321/@id/astro:scripts/page.js:113
[  162328ms] [LOG] [astro-mermaid] Successfully rendered diagram: mermaid-2d7stcyqr @ http://localhost:4321/@id/astro:scripts/page.js:113
[  162352ms] [LOG] [astro-mermaid] Successfully rendered diagram: mermaid-4qf12a8a5 @ http://localhost:4321/@id/astro:scripts/page.js:113
[  167407ms] [LOG] [astro-mermaid] Mermaid diagrams detected on initial load @ http://localhost:4321/@id/astro:scripts/page.js:127
[  167407ms] [LOG] [astro-mermaid] Initializing mermaid diagrams... @ http://localhost:4321/@id/astro:scripts/page.js:52
[  167407ms] [LOG] [astro-mermaid] Found 7 mermaid diagrams @ http://localhost:4321/@id/astro:scripts/page.js:55
[  167407ms] [LOG] [astro-mermaid] Loading mermaid.js... @ http://localhost:4321/@id/astro:scripts/page.js:13
[  167409ms] [LOG] [astro-mermaid] Initializing mermaid diagrams... @ http://localhost:4321/@id/astro:scripts/page.js:52
[  167409ms] [LOG] [astro-mermaid] Found 7 mermaid diagrams @ http://localhost:4321/@id/astro:scripts/page.js:55
[  167409ms] [LOG] [astro-mermaid] Initializing mermaid diagrams... @ http://localhost:4321/@id/astro:scripts/page.js:52
[  167409ms] [LOG] [astro-mermaid] Found 7 mermaid diagrams @ http://localhost:4321/@id/astro:scripts/page.js:55
[  167433ms] [LOG] [astro-mermaid] Using theme: default from html @ http://localhost:4321/@id/astro:scripts/page.js:73
[  167434ms] [LOG] [astro-mermaid] Rendering diagram: mermaid-6b3mulo67 @ http://localhost:4321/@id/astro:scripts/page.js:101
[  167435ms] [LOG] [astro-mermaid] Using theme: default from html @ http://localhost:4321/@id/astro:scripts/page.js:73
[  167436ms] [LOG] [astro-mermaid] Rendering diagram: mermaid-3zihspo7o @ http://localhost:4321/@id/astro:scripts/page.js:101
[  167436ms] [LOG] [astro-mermaid] Using theme: default from html @ http://localhost:4321/@id/astro:scripts/page.js:73
[  167436ms] [LOG] [astro-mermaid] Rendering diagram: mermaid-b4iithc9q @ http://localhost:4321/@id/astro:scripts/page.js:101
[  167508ms] [LOG] [astro-mermaid] Successfully rendered diagram: mermaid-6b3mulo67 @ http://localhost:4321/@id/astro:scripts/page.js:113
[  167508ms] [LOG] [astro-mermaid] Rendering diagram: mermaid-uakm8qhu0 @ http://localhost:4321/@id/astro:scripts/page.js:101
[  167562ms] [LOG] [astro-mermaid] Successfully rendered diagram: mermaid-3zihspo7o @ http://localhost:4321/@id/astro:scripts/page.js:113
[  167562ms] [LOG] [astro-mermaid] Rendering diagram: mermaid-iwews5vxm @ http://localhost:4321/@id/astro:scripts/page.js:101
[  167610ms] [LOG] [astro-mermaid] Successfully rendered diagram: mermaid-b4iithc9q @ http://localhost:4321/@id/astro:scripts/page.js:113
[  167610ms] [LOG] [astro-mermaid] Rendering diagram: mermaid-c1pl7c3b7 @ http://localhost:4321/@id/astro:scripts/page.js:101
[  167635ms] [LOG] [astro-mermaid] Successfully rendered diagram: mermaid-uakm8qhu0 @ http://localhost:4321/@id/astro:scripts/page.js:113
[  167635ms] [LOG] [astro-mermaid] Rendering diagram: mermaid-fayxam2yi @ http://localhost:4321/@id/astro:scripts/page.js:101
[  167658ms] [LOG] [astro-mermaid] Successfully rendered diagram: mermaid-iwews5vxm @ http://localhost:4321/@id/astro:scripts/page.js:113
[  167658ms] [LOG] [astro-mermaid] Rendering diagram: mermaid-qkcem02n5 @ http://localhost:4321/@id/astro:scripts/page.js:101
[  167678ms] [LOG] [astro-mermaid] Successfully rendered diagram: mermaid-c1pl7c3b7 @ http://localhost:4321/@id/astro:scripts/page.js:113
[  167679ms] [LOG] [astro-mermaid] Rendering diagram: mermaid-5w3i9dd5y @ http://localhost:4321/@id/astro:scripts/page.js:101
[  167696ms] [LOG] [astro-mermaid] Successfully rendered diagram: mermaid-fayxam2yi @ http://localhost:4321/@id/astro:scripts/page.js:113
[  167697ms] [LOG] [astro-mermaid] Rendering diagram: mermaid-1xztfvadd @ http://localhost:4321/@id/astro:scripts/page.js:101
[  167715ms] [LOG] [astro-mermaid] Successfully rendered diagram: mermaid-qkcem02n5 @ http://localhost:4321/@id/astro:scripts/page.js:113
[  167715ms] [LOG] [astro-mermaid] Rendering diagram: mermaid-nglg0m0wv @ http://localhost:4321/@id/astro:scripts/page.js:101
[  167732ms] [LOG] [astro-mermaid] Successfully rendered diagram: mermaid-5w3i9dd5y @ http://localhost:4321/@id/astro:scripts/page.js:113
[  167732ms] [LOG] [astro-mermaid] Rendering diagram: mermaid-4qgv24hcx @ http://localhost:4321/@id/astro:scripts/page.js:101
[  167751ms] [LOG] [astro-mermaid] Successfully rendered diagram: mermaid-1xztfvadd @ http://localhost:4321/@id/astro:scripts/page.js:113
[  167752ms] [LOG] [astro-mermaid] Rendering diagram: mermaid-6niv0t3fs @ http://localhost:4321/@id/astro:scripts/page.js:101
[  167780ms] [LOG] [astro-mermaid] Successfully rendered diagram: mermaid-nglg0m0wv @ http://localhost:4321/@id/astro:scripts/page.js:113
[  167780ms] [LOG] [astro-mermaid] Rendering diagram: mermaid-5rkmf0omd @ http://localhost:4321/@id/astro:scripts/page.js:101
[  167796ms] [LOG] [astro-mermaid] Successfully rendered diagram: mermaid-4qgv24hcx @ http://localhost:4321/@id/astro:scripts/page.js:113
[  167796ms] [LOG] [astro-mermaid] Rendering diagram: mermaid-dw9m7m99v @ http://localhost:4321/@id/astro:scripts/page.js:101
[  167817ms] [LOG] [astro-mermaid] Successfully rendered diagram: mermaid-6niv0t3fs @ http://localhost:4321/@id/astro:scripts/page.js:113
[  167817ms] [LOG] [astro-mermaid] Rendering diagram: mermaid-xu9n2yrcd @ http://localhost:4321/@id/astro:scripts/page.js:101
[  167836ms] [LOG] [astro-mermaid] Successfully rendered diagram: mermaid-5rkmf0omd @ http://localhost:4321/@id/astro:scripts/page.js:113
[  167836ms] [LOG] [astro-mermaid] Rendering diagram: mermaid-p1fu2ypqw @ http://localhost:4321/@id/astro:scripts/page.js:101
[  167854ms] [LOG] [astro-mermaid] Successfully rendered diagram: mermaid-dw9m7m99v @ http://localhost:4321/@id/astro:scripts/page.js:113
[  167854ms] [LOG] [astro-mermaid] Rendering diagram: mermaid-5eafkmopk @ http://localhost:4321/@id/astro:scripts/page.js:101
[  167870ms] [LOG] [astro-mermaid] Successfully rendered diagram: mermaid-xu9n2yrcd @ http://localhost:4321/@id/astro:scripts/page.js:113
[  167870ms] [LOG] [astro-mermaid] Rendering diagram: mermaid-nvbhamag5 @ http://localhost:4321/@id/astro:scripts/page.js:101
[  167889ms] [LOG] [astro-mermaid] Successfully rendered diagram: mermaid-p1fu2ypqw @ http://localhost:4321/@id/astro:scripts/page.js:113
[  167889ms] [LOG] [astro-mermaid] Rendering diagram: mermaid-fgz5t0iv5 @ http://localhost:4321/@id/astro:scripts/page.js:101
[  167906ms] [LOG] [astro-mermaid] Successfully rendered diagram: mermaid-5eafkmopk @ http://localhost:4321/@id/astro:scripts/page.js:113
[  167906ms] [LOG] [astro-mermaid] Rendering diagram: mermaid-4nrgoohle @ http://localhost:4321/@id/astro:scripts/page.js:101
[  167941ms] [LOG] [astro-mermaid] Successfully rendered diagram: mermaid-nvbhamag5 @ http://localhost:4321/@id/astro:scripts/page.js:113
[  167969ms] [LOG] [astro-mermaid] Successfully rendered diagram: mermaid-fgz5t0iv5 @ http://localhost:4321/@id/astro:scripts/page.js:113
[  167998ms] [LOG] [astro-mermaid] Successfully rendered diagram: mermaid-4nrgoohle @ http://localhost:4321/@id/astro:scripts/page.js:113
[  189443ms] [LOG] [astro-mermaid] Mermaid diagrams detected on initial load @ http://localhost:4321/@id/astro:scripts/page.js:127
[  189443ms] [LOG] [astro-mermaid] Initializing mermaid diagrams... @ http://localhost:4321/@id/astro:scripts/page.js:52
[  189444ms] [LOG] [astro-mermaid] Found 7 mermaid diagrams @ http://localhost:4321/@id/astro:scripts/page.js:55
[  189444ms] [LOG] [astro-mermaid] Loading mermaid.js... @ http://localhost:4321/@id/astro:scripts/page.js:13
[  189446ms] [LOG] [astro-mermaid] Initializing mermaid diagrams... @ http://localhost:4321/@id/astro:scripts/page.js:52
[  189446ms] [LOG] [astro-mermaid] Found 7 mermaid diagrams @ http://localhost:4321/@id/astro:scripts/page.js:55
[  189446ms] [LOG] [astro-mermaid] Initializing mermaid diagrams... @ http://localhost:4321/@id/astro:scripts/page.js:52
[  189446ms] [LOG] [astro-mermaid] Found 7 mermaid diagrams @ http://localhost:4321/@id/astro:scripts/page.js:55
[  189473ms] [LOG] [astro-mermaid] Using theme: default from html @ http://localhost:4321/@id/astro:scripts/page.js:73
[  189474ms] [LOG] [astro-mermaid] Rendering diagram: mermaid-7897m2nu4 @ http://localhost:4321/@id/astro:scripts/page.js:101
[  189475ms] [LOG] [astro-mermaid] Using theme: default from html @ http://localhost:4321/@id/astro:scripts/page.js:73
[  189475ms] [LOG] [astro-mermaid] Rendering diagram: mermaid-vr4lgtugd @ http://localhost:4321/@id/astro:scripts/page.js:101
[  189475ms] [LOG] [astro-mermaid] Using theme: default from html @ http://localhost:4321/@id/astro:scripts/page.js:73
[  189476ms] [LOG] [astro-mermaid] Rendering diagram: mermaid-gd2v46wmb @ http://localhost:4321/@id/astro:scripts/page.js:101
[  189558ms] [LOG] [astro-mermaid] Successfully rendered diagram: mermaid-7897m2nu4 @ http://localhost:4321/@id/astro:scripts/page.js:113
[  189558ms] [LOG] [astro-mermaid] Rendering diagram: mermaid-drzg8cuow @ http://localhost:4321/@id/astro:scripts/page.js:101
[  189612ms] [LOG] [astro-mermaid] Successfully rendered diagram: mermaid-vr4lgtugd @ http://localhost:4321/@id/astro:scripts/page.js:113
[  189613ms] [LOG] [astro-mermaid] Rendering diagram: mermaid-jr5lu7pkt @ http://localhost:4321/@id/astro:scripts/page.js:101
[  189662ms] [LOG] [astro-mermaid] Successfully rendered diagram: mermaid-gd2v46wmb @ http://localhost:4321/@id/astro:scripts/page.js:113
[  189662ms] [LOG] [astro-mermaid] Rendering diagram: mermaid-iijimjeft @ http://localhost:4321/@id/astro:scripts/page.js:101
[  189688ms] [LOG] [astro-mermaid] Successfully rendered diagram: mermaid-drzg8cuow @ http://localhost:4321/@id/astro:scripts/page.js:113
[  189688ms] [LOG] [astro-mermaid] Rendering diagram: mermaid-cld3ljd7y @ http://localhost:4321/@id/astro:scripts/page.js:101
[  189711ms] [LOG] [astro-mermaid] Successfully rendered diagram: mermaid-jr5lu7pkt @ http://localhost:4321/@id/astro:scripts/page.js:113
[  189711ms] [LOG] [astro-mermaid] Rendering diagram: mermaid-bgji4c6i8 @ http://localhost:4321/@id/astro:scripts/page.js:101
[  189734ms] [LOG] [astro-mermaid] Successfully rendered diagram: mermaid-iijimjeft @ http://localhost:4321/@id/astro:scripts/page.js:113
[  189734ms] [LOG] [astro-mermaid] Rendering diagram: mermaid-wfi7l7zk6 @ http://localhost:4321/@id/astro:scripts/page.js:101
[  189752ms] [LOG] [astro-mermaid] Successfully rendered diagram: mermaid-cld3ljd7y @ http://localhost:4321/@id/astro:scripts/page.js:113
[  189752ms] [LOG] [astro-mermaid] Rendering diagram: mermaid-cbfc8a3qj @ http://localhost:4321/@id/astro:scripts/page.js:101
[  189771ms] [LOG] [astro-mermaid] Successfully rendered diagram: mermaid-bgji4c6i8 @ http://localhost:4321/@id/astro:scripts/page.js:113
[  189771ms] [LOG] [astro-mermaid] Rendering diagram: mermaid-u01emsdkt @ http://localhost:4321/@id/astro:scripts/page.js:101
[  189790ms] [LOG] [astro-mermaid] Successfully rendered diagram: mermaid-wfi7l7zk6 @ http://localhost:4321/@id/astro:scripts/page.js:113
[  189790ms] [LOG] [astro-mermaid] Rendering diagram: mermaid-n8g0et9kk @ http://localhost:4321/@id/astro:scripts/page.js:101
[  189806ms] [LOG] [astro-mermaid] Successfully rendered diagram: mermaid-cbfc8a3qj @ http://localhost:4321/@id/astro:scripts/page.js:113
[  189806ms] [LOG] [astro-mermaid] Rendering diagram: mermaid-k7c8bn5nb @ http://localhost:4321/@id/astro:scripts/page.js:101
[  189835ms] [LOG] [astro-mermaid] Successfully rendered diagram: mermaid-u01emsdkt @ http://localhost:4321/@id/astro:scripts/page.js:113
[  189835ms] [LOG] [astro-mermaid] Rendering diagram: mermaid-kmdnsu5uj @ http://localhost:4321/@id/astro:scripts/page.js:101
[  189853ms] [LOG] [astro-mermaid] Successfully rendered diagram: mermaid-n8g0et9kk @ http://localhost:4321/@id/astro:scripts/page.js:113
[  189853ms] [LOG] [astro-mermaid] Rendering diagram: mermaid-lw5bl8gkc @ http://localhost:4321/@id/astro:scripts/page.js:101
[  189871ms] [LOG] [astro-mermaid] Successfully rendered diagram: mermaid-k7c8bn5nb @ http://localhost:4321/@id/astro:scripts/page.js:113
[  189871ms] [LOG] [astro-mermaid] Rendering diagram: mermaid-2ju18q2pz @ http://localhost:4321/@id/astro:scripts/page.js:101
[  189888ms] [LOG] [astro-mermaid] Successfully rendered diagram: mermaid-kmdnsu5uj @ http://localhost:4321/@id/astro:scripts/page.js:113
[  189888ms] [LOG] [astro-mermaid] Rendering diagram: mermaid-6mge7jvof @ http://localhost:4321/@id/astro:scripts/page.js:101
[  189915ms] [LOG] [astro-mermaid] Successfully rendered diagram: mermaid-lw5bl8gkc @ http://localhost:4321/@id/astro:scripts/page.js:113
[  189915ms] [LOG] [astro-mermaid] Rendering diagram: mermaid-rj3kn0cf4 @ http://localhost:4321/@id/astro:scripts/page.js:101
[  189931ms] [LOG] [astro-mermaid] Successfully rendered diagram: mermaid-2ju18q2pz @ http://localhost:4321/@id/astro:scripts/page.js:113
[  189931ms] [LOG] [astro-mermaid] Rendering diagram: mermaid-1bxgyn3sd @ http://localhost:4321/@id/astro:scripts/page.js:101
[  189948ms] [LOG] [astro-mermaid] Successfully rendered diagram: mermaid-6mge7jvof @ http://localhost:4321/@id/astro:scripts/page.js:113
[  189948ms] [LOG] [astro-mermaid] Rendering diagram: mermaid-1at1v5qlz @ http://localhost:4321/@id/astro:scripts/page.js:101
[  189966ms] [LOG] [astro-mermaid] Successfully rendered diagram: mermaid-rj3kn0cf4 @ http://localhost:4321/@id/astro:scripts/page.js:113
[  189966ms] [LOG] [astro-mermaid] Rendering diagram: mermaid-2jc0al6j6 @ http://localhost:4321/@id/astro:scripts/page.js:101
[  189994ms] [LOG] [astro-mermaid] Successfully rendered diagram: mermaid-1bxgyn3sd @ http://localhost:4321/@id/astro:scripts/page.js:113
[  190023ms] [LOG] [astro-mermaid] Successfully rendered diagram: mermaid-1at1v5qlz @ http://localhost:4321/@id/astro:scripts/page.js:113
[  190055ms] [LOG] [astro-mermaid] Successfully rendered diagram: mermaid-2jc0al6j6 @ http://localhost:4321/@id/astro:scripts/page.js:113
[  207875ms] [LOG] [astro-mermaid] Mermaid diagrams detected on initial load @ http://localhost:4321/@id/astro:scripts/page.js:127
[  207875ms] [LOG] [astro-mermaid] Initializing mermaid diagrams... @ http://localhost:4321/@id/astro:scripts/page.js:52
[  207875ms] [LOG] [astro-mermaid] Found 7 mermaid diagrams @ http://localhost:4321/@id/astro:scripts/page.js:55
[  207875ms] [LOG] [astro-mermaid] Loading mermaid.js... @ http://localhost:4321/@id/astro:scripts/page.js:13
[  207877ms] [LOG] [astro-mermaid] Initializing mermaid diagrams... @ http://localhost:4321/@id/astro:scripts/page.js:52
[  207877ms] [LOG] [astro-mermaid] Found 7 mermaid diagrams @ http://localhost:4321/@id/astro:scripts/page.js:55
[  207877ms] [LOG] [astro-mermaid] Initializing mermaid diagrams... @ http://localhost:4321/@id/astro:scripts/page.js:52
[  207877ms] [LOG] [astro-mermaid] Found 7 mermaid diagrams @ http://localhost:4321/@id/astro:scripts/page.js:55
[  207910ms] [LOG] [astro-mermaid] Using theme: default from html @ http://localhost:4321/@id/astro:scripts/page.js:73
[  207911ms] [LOG] [astro-mermaid] Rendering diagram: mermaid-2b4fqv298 @ http://localhost:4321/@id/astro:scripts/page.js:101
[  207913ms] [LOG] [astro-mermaid] Using theme: default from html @ http://localhost:4321/@id/astro:scripts/page.js:73
[  207914ms] [LOG] [astro-mermaid] Rendering diagram: mermaid-j4iu6zhb9 @ http://localhost:4321/@id/astro:scripts/page.js:101
[  207914ms] [LOG] [astro-mermaid] Using theme: default from html @ http://localhost:4321/@id/astro:scripts/page.js:73
[  207915ms] [LOG] [astro-mermaid] Rendering diagram: mermaid-8v27myo3p @ http://localhost:4321/@id/astro:scripts/page.js:101
[  208015ms] [LOG] [astro-mermaid] Successfully rendered diagram: mermaid-2b4fqv298 @ http://localhost:4321/@id/astro:scripts/page.js:113
[  208015ms] [LOG] [astro-mermaid] Rendering diagram: mermaid-8hrt1x6zc @ http://localhost:4321/@id/astro:scripts/page.js:101
[  208087ms] [LOG] [astro-mermaid] Successfully rendered diagram: mermaid-j4iu6zhb9 @ http://localhost:4321/@id/astro:scripts/page.js:113
[  208087ms] [LOG] [astro-mermaid] Rendering diagram: mermaid-hugx0qrp6 @ http://localhost:4321/@id/astro:scripts/page.js:101
[  208142ms] [LOG] [astro-mermaid] Successfully rendered diagram: mermaid-8v27myo3p @ http://localhost:4321/@id/astro:scripts/page.js:113
[  208142ms] [LOG] [astro-mermaid] Rendering diagram: mermaid-m4mlzfst1 @ http://localhost:4321/@id/astro:scripts/page.js:101
[  208167ms] [LOG] [astro-mermaid] Successfully rendered diagram: mermaid-8hrt1x6zc @ http://localhost:4321/@id/astro:scripts/page.js:113
[  208167ms] [LOG] [astro-mermaid] Rendering diagram: mermaid-o4z1p32f5 @ http://localhost:4321/@id/astro:scripts/page.js:101
[  208192ms] [LOG] [astro-mermaid] Successfully rendered diagram: mermaid-hugx0qrp6 @ http://localhost:4321/@id/astro:scripts/page.js:113
[  208192ms] [LOG] [astro-mermaid] Rendering diagram: mermaid-d4u7tqljb @ http://localhost:4321/@id/astro:scripts/page.js:101
[  208222ms] [LOG] [astro-mermaid] Successfully rendered diagram: mermaid-m4mlzfst1 @ http://localhost:4321/@id/astro:scripts/page.js:113
[  208222ms] [LOG] [astro-mermaid] Rendering diagram: mermaid-k20uz43op @ http://localhost:4321/@id/astro:scripts/page.js:101
[  208250ms] [LOG] [astro-mermaid] Successfully rendered diagram: mermaid-o4z1p32f5 @ http://localhost:4321/@id/astro:scripts/page.js:113
[  208250ms] [LOG] [astro-mermaid] Rendering diagram: mermaid-8rd1l3d1d @ http://localhost:4321/@id/astro:scripts/page.js:101
[  208289ms] [LOG] [astro-mermaid] Successfully rendered diagram: mermaid-d4u7tqljb @ http://localhost:4321/@id/astro:scripts/page.js:113
[  208289ms] [LOG] [astro-mermaid] Rendering diagram: mermaid-71ch0x5mo @ http://localhost:4321/@id/astro:scripts/page.js:101
[  208309ms] [LOG] [astro-mermaid] Successfully rendered diagram: mermaid-k20uz43op @ http://localhost:4321/@id/astro:scripts/page.js:113
[  208309ms] [LOG] [astro-mermaid] Rendering diagram: mermaid-rwxg3j1zw @ http://localhost:4321/@id/astro:scripts/page.js:101
[  208329ms] [LOG] [astro-mermaid] Successfully rendered diagram: mermaid-8rd1l3d1d @ http://localhost:4321/@id/astro:scripts/page.js:113
[  208329ms] [LOG] [astro-mermaid] Rendering diagram: mermaid-57y50p9t5 @ http://localhost:4321/@id/astro:scripts/page.js:101
[  208348ms] [LOG] [astro-mermaid] Successfully rendered diagram: mermaid-71ch0x5mo @ http://localhost:4321/@id/astro:scripts/page.js:113
[  208348ms] [LOG] [astro-mermaid] Rendering diagram: mermaid-a1wekhlw5 @ http://localhost:4321/@id/astro:scripts/page.js:101
[  208365ms] [LOG] [astro-mermaid] Successfully rendered diagram: mermaid-rwxg3j1zw @ http://localhost:4321/@id/astro:scripts/page.js:113
[  208365ms] [LOG] [astro-mermaid] Rendering diagram: mermaid-pgogx8686 @ http://localhost:4321/@id/astro:scripts/page.js:101
[  208388ms] [LOG] [astro-mermaid] Successfully rendered diagram: mermaid-57y50p9t5 @ http://localhost:4321/@id/astro:scripts/page.js:113
[  208388ms] [LOG] [astro-mermaid] Rendering diagram: mermaid-ich8ur8nu @ http://localhost:4321/@id/astro:scripts/page.js:101
[  208405ms] [LOG] [astro-mermaid] Successfully rendered diagram: mermaid-a1wekhlw5 @ http://localhost:4321/@id/astro:scripts/page.js:113
[  208405ms] [LOG] [astro-mermaid] Rendering diagram: mermaid-u6nwef7q5 @ http://localhost:4321/@id/astro:scripts/page.js:101
[  208422ms] [LOG] [astro-mermaid] Successfully rendered diagram: mermaid-pgogx8686 @ http://localhost:4321/@id/astro:scripts/page.js:113
[  208422ms] [LOG] [astro-mermaid] Rendering diagram: mermaid-afwputq2z @ http://localhost:4321/@id/astro:scripts/page.js:101
[  208439ms] [LOG] [astro-mermaid] Successfully rendered diagram: mermaid-ich8ur8nu @ http://localhost:4321/@id/astro:scripts/page.js:113
[  208439ms] [LOG] [astro-mermaid] Rendering diagram: mermaid-lznaj4k7e @ http://localhost:4321/@id/astro:scripts/page.js:101
[  208455ms] [LOG] [astro-mermaid] Successfully rendered diagram: mermaid-u6nwef7q5 @ http://localhost:4321/@id/astro:scripts/page.js:113
[  208455ms] [LOG] [astro-mermaid] Rendering diagram: mermaid-phosw0p91 @ http://localhost:4321/@id/astro:scripts/page.js:101
[  208473ms] [LOG] [astro-mermaid] Successfully rendered diagram: mermaid-afwputq2z @ http://localhost:4321/@id/astro:scripts/page.js:113
[  208473ms] [LOG] [astro-mermaid] Rendering diagram: mermaid-bd7xu66jg @ http://localhost:4321/@id/astro:scripts/page.js:101
[  208497ms] [LOG] [astro-mermaid] Successfully rendered diagram: mermaid-lznaj4k7e @ http://localhost:4321/@id/astro:scripts/page.js:113
[  208525ms] [LOG] [astro-mermaid] Successfully rendered diagram: mermaid-phosw0p91 @ http://localhost:4321/@id/astro:scripts/page.js:113
[  208549ms] [LOG] [astro-mermaid] Successfully rendered diagram: mermaid-bd7xu66jg @ http://localhost:4321/@id/astro:scripts/page.js:113
