[     112ms] [LOG] [astro-mermaid] Mermaid diagrams detected on initial load @ http://localhost:4321/@id/astro:scripts/page.js:127
[     112ms] [LOG] [astro-mermaid] Initializing mermaid diagrams... @ http://localhost:4321/@id/astro:scripts/page.js:52
[     112ms] [LOG] [astro-mermaid] Found 7 mermaid diagrams @ http://localhost:4321/@id/astro:scripts/page.js:55
[     112ms] [LOG] [astro-mermaid] Loading mermaid.js... @ http://localhost:4321/@id/astro:scripts/page.js:13
[     114ms] [LOG] [astro-mermaid] Initializing mermaid diagrams... @ http://localhost:4321/@id/astro:scripts/page.js:52
[     114ms] [LOG] [astro-mermaid] Found 7 mermaid diagrams @ http://localhost:4321/@id/astro:scripts/page.js:55
[     114ms] [LOG] [astro-mermaid] Initializing mermaid diagrams... @ http://localhost:4321/@id/astro:scripts/page.js:52
[     114ms] [LOG] [astro-mermaid] Found 7 mermaid diagrams @ http://localhost:4321/@id/astro:scripts/page.js:55
[     141ms] [LOG] [astro-mermaid] Using theme: default from html @ http://localhost:4321/@id/astro:scripts/page.js:73
[     142ms] [LOG] [astro-mermaid] Rendering diagram: mermaid-6tv0bbt01 @ http://localhost:4321/@id/astro:scripts/page.js:101
[     142ms] [LOG] [astro-mermaid] Using theme: default from html @ http://localhost:4321/@id/astro:scripts/page.js:73
[     143ms] [LOG] [astro-mermaid] Rendering diagram: mermaid-6ezqdrma0 @ http://localhost:4321/@id/astro:scripts/page.js:101
[     143ms] [LOG] [astro-mermaid] Using theme: default from html @ http://localhost:4321/@id/astro:scripts/page.js:73
[     144ms] [LOG] [astro-mermaid] Rendering diagram: mermaid-nisfxb1zk @ http://localhost:4321/@id/astro:scripts/page.js:101
[     242ms] [LOG] [astro-mermaid] Successfully rendered diagram: mermaid-6tv0bbt01 @ http://localhost:4321/@id/astro:scripts/page.js:113
[     242ms] [LOG] [astro-mermaid] Rendering diagram: mermaid-kj1qct24m @ http://localhost:4321/@id/astro:scripts/page.js:101
[     299ms] [LOG] [astro-mermaid] Successfully rendered diagram: mermaid-6ezqdrma0 @ http://localhost:4321/@id/astro:scripts/page.js:113
[     299ms] [LOG] [astro-mermaid] Rendering diagram: mermaid-2fna5o93r @ http://localhost:4321/@id/astro:scripts/page.js:101
[     349ms] [LOG] [astro-mermaid] Successfully rendered diagram: mermaid-nisfxb1zk @ http://localhost:4321/@id/astro:scripts/page.js:113
[     349ms] [LOG] [astro-mermaid] Rendering diagram: mermaid-q64c6krdp @ http://localhost:4321/@id/astro:scripts/page.js:101
[     378ms] [LOG] [astro-mermaid] Successfully rendered diagram: mermaid-kj1qct24m @ http://localhost:4321/@id/astro:scripts/page.js:113
[     378ms] [LOG] [astro-mermaid] Rendering diagram: mermaid-esautvr6e @ http://localhost:4321/@id/astro:scripts/page.js:101
[     402ms] [LOG] [astro-mermaid] Successfully rendered diagram: mermaid-2fna5o93r @ http://localhost:4321/@id/astro:scripts/page.js:113
[     402ms] [LOG] [astro-mermaid] Rendering diagram: mermaid-uud32sq7a @ http://localhost:4321/@id/astro:scripts/page.js:101
[     424ms] [LOG] [astro-mermaid] Successfully rendered diagram: mermaid-q64c6krdp @ http://localhost:4321/@id/astro:scripts/page.js:113
[     424ms] [LOG] [astro-mermaid] Rendering diagram: mermaid-en4ap3xnj @ http://localhost:4321/@id/astro:scripts/page.js:101
[     443ms] [LOG] [astro-mermaid] Successfully rendered diagram: mermaid-esautvr6e @ http://localhost:4321/@id/astro:scripts/page.js:113
[     443ms] [LOG] [astro-mermaid] Rendering diagram: mermaid-7s0rzua2h @ http://localhost:4321/@id/astro:scripts/page.js:101
[     461ms] [LOG] [astro-mermaid] Successfully rendered diagram: mermaid-uud32sq7a @ http://localhost:4321/@id/astro:scripts/page.js:113
[     461ms] [LOG] [astro-mermaid] Rendering diagram: mermaid-ik3cj3yxu @ http://localhost:4321/@id/astro:scripts/page.js:101
[     495ms] [LOG] [astro-mermaid] Successfully rendered diagram: mermaid-en4ap3xnj @ http://localhost:4321/@id/astro:scripts/page.js:113
[     495ms] [LOG] [astro-mermaid] Rendering diagram: mermaid-68junp7r1 @ http://localhost:4321/@id/astro:scripts/page.js:101
[     512ms] [LOG] [astro-mermaid] Successfully rendered diagram: mermaid-7s0rzua2h @ http://localhost:4321/@id/astro:scripts/page.js:113
[     512ms] [LOG] [astro-mermaid] Rendering diagram: mermaid-novd9l5wd @ http://localhost:4321/@id/astro:scripts/page.js:101
[     529ms] [LOG] [astro-mermaid] Successfully rendered diagram: mermaid-ik3cj3yxu @ http://localhost:4321/@id/astro:scripts/page.js:113
[     529ms] [LOG] [astro-mermaid] Rendering diagram: mermaid-qllf70b7i @ http://localhost:4321/@id/astro:scripts/page.js:101
[     547ms] [LOG] [astro-mermaid] Successfully rendered diagram: mermaid-68junp7r1 @ http://localhost:4321/@id/astro:scripts/page.js:113
[     547ms] [LOG] [astro-mermaid] Rendering diagram: mermaid-gflvw9eok @ http://localhost:4321/@id/astro:scripts/page.js:101
[     567ms] [LOG] [astro-mermaid] Successfully rendered diagram: mermaid-novd9l5wd @ http://localhost:4321/@id/astro:scripts/page.js:113
[     567ms] [LOG] [astro-mermaid] Rendering diagram: mermaid-xl5su3de7 @ http://localhost:4321/@id/astro:scripts/page.js:101
[     584ms] [LOG] [astro-mermaid] Successfully rendered diagram: mermaid-qllf70b7i @ http://localhost:4321/@id/astro:scripts/page.js:113
[     584ms] [LOG] [astro-mermaid] Rendering diagram: mermaid-zg7iklg0y @ http://localhost:4321/@id/astro:scripts/page.js:101
[     601ms] [LOG] [astro-mermaid] Successfully rendered diagram: mermaid-gflvw9eok @ http://localhost:4321/@id/astro:scripts/page.js:113
[     601ms] [LOG] [astro-mermaid] Rendering diagram: mermaid-x5s47jpf6 @ http://localhost:4321/@id/astro:scripts/page.js:101
[     618ms] [LOG] [astro-mermaid] Successfully rendered diagram: mermaid-xl5su3de7 @ http://localhost:4321/@id/astro:scripts/page.js:113
[     618ms] [LOG] [astro-mermaid] Rendering diagram: mermaid-6dh300ka2 @ http://localhost:4321/@id/astro:scripts/page.js:101
[     633ms] [LOG] [astro-mermaid] Successfully rendered diagram: mermaid-zg7iklg0y @ http://localhost:4321/@id/astro:scripts/page.js:113
[     633ms] [LOG] [astro-mermaid] Rendering diagram: mermaid-e07m1kmp8 @ http://localhost:4321/@id/astro:scripts/page.js:101
[     650ms] [LOG] [astro-mermaid] Successfully rendered diagram: mermaid-x5s47jpf6 @ http://localhost:4321/@id/astro:scripts/page.js:113
[     650ms] [LOG] [astro-mermaid] Rendering diagram: mermaid-nemdqvr5w @ http://localhost:4321/@id/astro:scripts/page.js:101
[     684ms] [LOG] [astro-mermaid] Successfully rendered diagram: mermaid-6dh300ka2 @ http://localhost:4321/@id/astro:scripts/page.js:113
[     708ms] [LOG] [astro-mermaid] Successfully rendered diagram: mermaid-e07m1kmp8 @ http://localhost:4321/@id/astro:scripts/page.js:113
[     731ms] [LOG] [astro-mermaid] Successfully rendered diagram: mermaid-nemdqvr5w @ http://localhost:4321/@id/astro:scripts/page.js:113
[  572417ms] [LOG] [astro-mermaid] Mermaid diagrams detected on initial load @ http://localhost:4321/@id/astro:scripts/page.js:127
[  572417ms] [LOG] [astro-mermaid] Initializing mermaid diagrams... @ http://localhost:4321/@id/astro:scripts/page.js:52
[  572417ms] [LOG] [astro-mermaid] Found 7 mermaid diagrams @ http://localhost:4321/@id/astro:scripts/page.js:55
[  572417ms] [LOG] [astro-mermaid] Loading mermaid.js... @ http://localhost:4321/@id/astro:scripts/page.js:13
[  572418ms] [LOG] [astro-mermaid] Initializing mermaid diagrams... @ http://localhost:4321/@id/astro:scripts/page.js:52
[  572418ms] [LOG] [astro-mermaid] Found 7 mermaid diagrams @ http://localhost:4321/@id/astro:scripts/page.js:55
[  572418ms] [LOG] [astro-mermaid] Initializing mermaid diagrams... @ http://localhost:4321/@id/astro:scripts/page.js:52
[  572418ms] [LOG] [astro-mermaid] Found 7 mermaid diagrams @ http://localhost:4321/@id/astro:scripts/page.js:55
[  572449ms] [LOG] [astro-mermaid] Using theme: default from html @ http://localhost:4321/@id/astro:scripts/page.js:73
[  572450ms] [LOG] [astro-mermaid] Rendering diagram: mermaid-rvgj1hfo3 @ http://localhost:4321/@id/astro:scripts/page.js:101
[  572452ms] [LOG] [astro-mermaid] Using theme: default from html @ http://localhost:4321/@id/astro:scripts/page.js:73
[  572453ms] [LOG] [astro-mermaid] Rendering diagram: mermaid-4f8mx79kg @ http://localhost:4321/@id/astro:scripts/page.js:101
[  572453ms] [LOG] [astro-mermaid] Using theme: default from html @ http://localhost:4321/@id/astro:scripts/page.js:73
[  572453ms] [LOG] [astro-mermaid] Rendering diagram: mermaid-gyeta3q8k @ http://localhost:4321/@id/astro:scripts/page.js:101
[  572561ms] [LOG] [astro-mermaid] Successfully rendered diagram: mermaid-rvgj1hfo3 @ http://localhost:4321/@id/astro:scripts/page.js:113
[  572562ms] [LOG] [astro-mermaid] Rendering diagram: mermaid-pmxrm22z9 @ http://localhost:4321/@id/astro:scripts/page.js:101
[  572623ms] [LOG] [astro-mermaid] Successfully rendered diagram: mermaid-4f8mx79kg @ http://localhost:4321/@id/astro:scripts/page.js:113
[  572623ms] [LOG] [astro-mermaid] Rendering diagram: mermaid-mg9m6yxy2 @ http://localhost:4321/@id/astro:scripts/page.js:101
[  572680ms] [LOG] [astro-mermaid] Successfully rendered diagram: mermaid-gyeta3q8k @ http://localhost:4321/@id/astro:scripts/page.js:113
[  572680ms] [LOG] [astro-mermaid] Rendering diagram: mermaid-dn946odue @ http://localhost:4321/@id/astro:scripts/page.js:101
[  572706ms] [LOG] [astro-mermaid] Successfully rendered diagram: mermaid-pmxrm22z9 @ http://localhost:4321/@id/astro:scripts/page.js:113
[  572706ms] [LOG] [astro-mermaid] Rendering diagram: mermaid-43gx1eybh @ http://localhost:4321/@id/astro:scripts/page.js:101
[  572732ms] [LOG] [astro-mermaid] Successfully rendered diagram: mermaid-mg9m6yxy2 @ http://localhost:4321/@id/astro:scripts/page.js:113
[  572732ms] [LOG] [astro-mermaid] Rendering diagram: mermaid-o3h0tmc0f @ http://localhost:4321/@id/astro:scripts/page.js:101
[  572765ms] [LOG] [astro-mermaid] Successfully rendered diagram: mermaid-dn946odue @ http://localhost:4321/@id/astro:scripts/page.js:113
[  572765ms] [LOG] [astro-mermaid] Rendering diagram: mermaid-87wr4h667 @ http://localhost:4321/@id/astro:scripts/page.js:101
[  572795ms] [LOG] [astro-mermaid] Successfully rendered diagram: mermaid-43gx1eybh @ http://localhost:4321/@id/astro:scripts/page.js:113
[  572795ms] [LOG] [astro-mermaid] Rendering diagram: mermaid-q2jdcgili @ http://localhost:4321/@id/astro:scripts/page.js:101
[  572833ms] [LOG] [astro-mermaid] Successfully rendered diagram: mermaid-o3h0tmc0f @ http://localhost:4321/@id/astro:scripts/page.js:113
[  572833ms] [LOG] [astro-mermaid] Rendering diagram: mermaid-0mxq0okv1 @ http://localhost:4321/@id/astro:scripts/page.js:101
[  572857ms] [LOG] [astro-mermaid] Successfully rendered diagram: mermaid-87wr4h667 @ http://localhost:4321/@id/astro:scripts/page.js:113
[  572857ms] [LOG] [astro-mermaid] Rendering diagram: mermaid-i8mwkdmm9 @ http://localhost:4321/@id/astro:scripts/page.js:101
[  572874ms] [LOG] [astro-mermaid] Successfully rendered diagram: mermaid-q2jdcgili @ http://localhost:4321/@id/astro:scripts/page.js:113
[  572874ms] [LOG] [astro-mermaid] Rendering diagram: mermaid-jeyg2kzlb @ http://localhost:4321/@id/astro:scripts/page.js:101
[  572894ms] [LOG] [astro-mermaid] Successfully rendered diagram: mermaid-0mxq0okv1 @ http://localhost:4321/@id/astro:scripts/page.js:113
[  572895ms] [LOG] [astro-mermaid] Rendering diagram: mermaid-bsuhcfjoz @ http://localhost:4321/@id/astro:scripts/page.js:101
[  572913ms] [LOG] [astro-mermaid] Successfully rendered diagram: mermaid-i8mwkdmm9 @ http://localhost:4321/@id/astro:scripts/page.js:113
[  572913ms] [LOG] [astro-mermaid] Rendering diagram: mermaid-ne45pb70k @ http://localhost:4321/@id/astro:scripts/page.js:101
[  572938ms] [LOG] [astro-mermaid] Successfully rendered diagram: mermaid-jeyg2kzlb @ http://localhost:4321/@id/astro:scripts/page.js:113
[  572938ms] [LOG] [astro-mermaid] Rendering diagram: mermaid-2ns193rj3 @ http://localhost:4321/@id/astro:scripts/page.js:101
[  572957ms] [LOG] [astro-mermaid] Successfully rendered diagram: mermaid-bsuhcfjoz @ http://localhost:4321/@id/astro:scripts/page.js:113
[  572957ms] [LOG] [astro-mermaid] Rendering diagram: mermaid-81hl650cl @ http://localhost:4321/@id/astro:scripts/page.js:101
[  572976ms] [LOG] [astro-mermaid] Successfully rendered diagram: mermaid-ne45pb70k @ http://localhost:4321/@id/astro:scripts/page.js:113
[  572976ms] [LOG] [astro-mermaid] Rendering diagram: mermaid-2z1o00bcx @ http://localhost:4321/@id/astro:scripts/page.js:101
[  572993ms] [LOG] [astro-mermaid] Successfully rendered diagram: mermaid-2ns193rj3 @ http://localhost:4321/@id/astro:scripts/page.js:113
[  572993ms] [LOG] [astro-mermaid] Rendering diagram: mermaid-bivk500op @ http://localhost:4321/@id/astro:scripts/page.js:101
[  573009ms] [LOG] [astro-mermaid] Successfully rendered diagram: mermaid-81hl650cl @ http://localhost:4321/@id/astro:scripts/page.js:113
[  573009ms] [LOG] [astro-mermaid] Rendering diagram: mermaid-d00sy3fbh @ http://localhost:4321/@id/astro:scripts/page.js:101
[  573029ms] [LOG] [astro-mermaid] Successfully rendered diagram: mermaid-2z1o00bcx @ http://localhost:4321/@id/astro:scripts/page.js:113
[  573029ms] [LOG] [astro-mermaid] Rendering diagram: mermaid-qrw8ioku7 @ http://localhost:4321/@id/astro:scripts/page.js:101
[  573055ms] [LOG] [astro-mermaid] Successfully rendered diagram: mermaid-bivk500op @ http://localhost:4321/@id/astro:scripts/page.js:113
[  573088ms] [LOG] [astro-mermaid] Successfully rendered diagram: mermaid-d00sy3fbh @ http://localhost:4321/@id/astro:scripts/page.js:113
[  573112ms] [LOG] [astro-mermaid] Successfully rendered diagram: mermaid-qrw8ioku7 @ http://localhost:4321/@id/astro:scripts/page.js:113
[  584809ms] [LOG] [astro-mermaid] Mermaid diagrams detected on initial load @ http://localhost:4321/@id/astro:scripts/page.js:127
[  584809ms] [LOG] [astro-mermaid] Initializing mermaid diagrams... @ http://localhost:4321/@id/astro:scripts/page.js:52
[  584809ms] [LOG] [astro-mermaid] Found 7 mermaid diagrams @ http://localhost:4321/@id/astro:scripts/page.js:55
[  584809ms] [LOG] [astro-mermaid] Loading mermaid.js... @ http://localhost:4321/@id/astro:scripts/page.js:13
[  584813ms] [LOG] [astro-mermaid] Initializing mermaid diagrams... @ http://localhost:4321/@id/astro:scripts/page.js:52
[  584813ms] [LOG] [astro-mermaid] Found 7 mermaid diagrams @ http://localhost:4321/@id/astro:scripts/page.js:55
[  584813ms] [LOG] [astro-mermaid] Initializing mermaid diagrams... @ http://localhost:4321/@id/astro:scripts/page.js:52
[  584813ms] [LOG] [astro-mermaid] Found 7 mermaid diagrams @ http://localhost:4321/@id/astro:scripts/page.js:55
[  584832ms] [LOG] [astro-mermaid] Using theme: default from html @ http://localhost:4321/@id/astro:scripts/page.js:73
[  584833ms] [LOG] [astro-mermaid] Rendering diagram: mermaid-lzdv0uywe @ http://localhost:4321/@id/astro:scripts/page.js:101
[  584834ms] [LOG] [astro-mermaid] Using theme: default from html @ http://localhost:4321/@id/astro:scripts/page.js:73
[  584835ms] [LOG] [astro-mermaid] Rendering diagram: mermaid-44hm4srtk @ http://localhost:4321/@id/astro:scripts/page.js:101
[  584836ms] [LOG] [astro-mermaid] Using theme: default from html @ http://localhost:4321/@id/astro:scripts/page.js:73
[  584837ms] [LOG] [astro-mermaid] Rendering diagram: mermaid-sxfr8ew31 @ http://localhost:4321/@id/astro:scripts/page.js:101
[  584927ms] [LOG] [astro-mermaid] Successfully rendered diagram: mermaid-lzdv0uywe @ http://localhost:4321/@id/astro:scripts/page.js:113
[  584927ms] [LOG] [astro-mermaid] Rendering diagram: mermaid-24g9z5r0p @ http://localhost:4321/@id/astro:scripts/page.js:101
[  584988ms] [LOG] [astro-mermaid] Successfully rendered diagram: mermaid-44hm4srtk @ http://localhost:4321/@id/astro:scripts/page.js:113
[  584988ms] [LOG] [astro-mermaid] Rendering diagram: mermaid-euv8mhz1l @ http://localhost:4321/@id/astro:scripts/page.js:101
[  585041ms] [LOG] [astro-mermaid] Successfully rendered diagram: mermaid-sxfr8ew31 @ http://localhost:4321/@id/astro:scripts/page.js:113
[  585041ms] [LOG] [astro-mermaid] Rendering diagram: mermaid-vfnz3digu @ http://localhost:4321/@id/astro:scripts/page.js:101
[  585067ms] [LOG] [astro-mermaid] Successfully rendered diagram: mermaid-24g9z5r0p @ http://localhost:4321/@id/astro:scripts/page.js:113
[  585067ms] [LOG] [astro-mermaid] Rendering diagram: mermaid-ytsutd0ru @ http://localhost:4321/@id/astro:scripts/page.js:101
[  585092ms] [LOG] [astro-mermaid] Successfully rendered diagram: mermaid-euv8mhz1l @ http://localhost:4321/@id/astro:scripts/page.js:113
[  585093ms] [LOG] [astro-mermaid] Rendering diagram: mermaid-815tnen7e @ http://localhost:4321/@id/astro:scripts/page.js:101
[  585116ms] [LOG] [astro-mermaid] Successfully rendered diagram: mermaid-vfnz3digu @ http://localhost:4321/@id/astro:scripts/page.js:113
[  585116ms] [LOG] [astro-mermaid] Rendering diagram: mermaid-0o3drksdx @ http://localhost:4321/@id/astro:scripts/page.js:101
[  585137ms] [LOG] [astro-mermaid] Successfully rendered diagram: mermaid-ytsutd0ru @ http://localhost:4321/@id/astro:scripts/page.js:113
[  585137ms] [LOG] [astro-mermaid] Rendering diagram: mermaid-6jarv07u6 @ http://localhost:4321/@id/astro:scripts/page.js:101
[  585160ms] [LOG] [astro-mermaid] Successfully rendered diagram: mermaid-815tnen7e @ http://localhost:4321/@id/astro:scripts/page.js:113
[  585160ms] [LOG] [astro-mermaid] Rendering diagram: mermaid-3vz9struj @ http://localhost:4321/@id/astro:scripts/page.js:101
[  585179ms] [LOG] [astro-mermaid] Successfully rendered diagram: mermaid-0o3drksdx @ http://localhost:4321/@id/astro:scripts/page.js:113
[  585179ms] [LOG] [astro-mermaid] Rendering diagram: mermaid-5e1tpd636 @ http://localhost:4321/@id/astro:scripts/page.js:101
[  585197ms] [LOG] [astro-mermaid] Successfully rendered diagram: mermaid-6jarv07u6 @ http://localhost:4321/@id/astro:scripts/page.js:113
[  585197ms] [LOG] [astro-mermaid] Rendering diagram: mermaid-pa5ldowmb @ http://localhost:4321/@id/astro:scripts/page.js:101
[  585216ms] [LOG] [astro-mermaid] Successfully rendered diagram: mermaid-3vz9struj @ http://localhost:4321/@id/astro:scripts/page.js:113
[  585216ms] [LOG] [astro-mermaid] Rendering diagram: mermaid-frph8a6lf @ http://localhost:4321/@id/astro:scripts/page.js:101
[  585236ms] [LOG] [astro-mermaid] Successfully rendered diagram: mermaid-5e1tpd636 @ http://localhost:4321/@id/astro:scripts/page.js:113
[  585236ms] [LOG] [astro-mermaid] Rendering diagram: mermaid-xzo2mo1r0 @ http://localhost:4321/@id/astro:scripts/page.js:101
[  585266ms] [LOG] [astro-mermaid] Successfully rendered diagram: mermaid-pa5ldowmb @ http://localhost:4321/@id/astro:scripts/page.js:113
[  585266ms] [LOG] [astro-mermaid] Rendering diagram: mermaid-6ep0p4bn4 @ http://localhost:4321/@id/astro:scripts/page.js:101
[  585284ms] [LOG] [astro-mermaid] Successfully rendered diagram: mermaid-frph8a6lf @ http://localhost:4321/@id/astro:scripts/page.js:113
[  585284ms] [LOG] [astro-mermaid] Rendering diagram: mermaid-hryyc3gc7 @ http://localhost:4321/@id/astro:scripts/page.js:101
[  585308ms] [LOG] [astro-mermaid] Successfully rendered diagram: mermaid-xzo2mo1r0 @ http://localhost:4321/@id/astro:scripts/page.js:113
[  585308ms] [LOG] [astro-mermaid] Rendering diagram: mermaid-2ufr6ny4j @ http://localhost:4321/@id/astro:scripts/page.js:101
[  585326ms] [LOG] [astro-mermaid] Successfully rendered diagram: mermaid-6ep0p4bn4 @ http://localhost:4321/@id/astro:scripts/page.js:113
[  585326ms] [LOG] [astro-mermaid] Rendering diagram: mermaid-rzf9apiwt @ http://localhost:4321/@id/astro:scripts/page.js:101
[  585353ms] [LOG] [astro-mermaid] Successfully rendered diagram: mermaid-hryyc3gc7 @ http://localhost:4321/@id/astro:scripts/page.js:113
[  585353ms] [LOG] [astro-mermaid] Rendering diagram: mermaid-y22wuin27 @ http://localhost:4321/@id/astro:scripts/page.js:101
[  585370ms] [LOG] [astro-mermaid] Successfully rendered diagram: mermaid-2ufr6ny4j @ http://localhost:4321/@id/astro:scripts/page.js:113
[  585370ms] [LOG] [astro-mermaid] Rendering diagram: mermaid-s20iw0a82 @ http://localhost:4321/@id/astro:scripts/page.js:101
[  585395ms] [LOG] [astro-mermaid] Successfully rendered diagram: mermaid-rzf9apiwt @ http://localhost:4321/@id/astro:scripts/page.js:113
[  585424ms] [LOG] [astro-mermaid] Successfully rendered diagram: mermaid-y22wuin27 @ http://localhost:4321/@id/astro:scripts/page.js:113
[  585448ms] [LOG] [astro-mermaid] Successfully rendered diagram: mermaid-s20iw0a82 @ http://localhost:4321/@id/astro:scripts/page.js:113
