[      50ms] [ERROR] Failed to load resource: the server responded with a status of 404 (File not found) @ http://localhost:7779/public/skunkworks-logo.png:0
[     106ms] [WARNING] <meta name="apple-mobile-web-app-capable" content="yes"> is deprecated. Please include <meta name="mobile-web-app-capable" content="yes"> @ http://localhost:7779/google-slides-cs-system-presentation-detailed.html:0
[     107ms] [ERROR] Failed to load resource: the server responded with a status of 404 (File not found) @ http://localhost:7779/favicon.ico:0
[     117ms] [VERBOSE] Rendering was performed in a subtree hidden by content-visibility. @ :3102
[     117ms] [VERBOSE] Rendering was performed in a subtree hidden by content-visibility. @ :3102
[     118ms] [VERBOSE] Rendering was performed in a subtree hidden by content-visibility. @ :3102
[     118ms] [VERBOSE] Rendering was performed in a subtree hidden by content-visibility. @ :3102
[     119ms] [VERBOSE] Rendering was performed in a subtree hidden by content-visibility. @ :3102
[     119ms] [VERBOSE] Rendering was performed in a subtree hidden by content-visibility. @ :3102
[     119ms] [VERBOSE] Rendering was performed in a subtree hidden by content-visibility. @ :3102
[     120ms] [VERBOSE] Rendering was performed in a subtree hidden by content-visibility. @ :3102
[     120ms] [VERBOSE] Rendering was performed in a subtree hidden by content-visibility. @ :3102
[     120ms] [VERBOSE] Rendering was performed in a subtree hidden by content-visibility. @ :3102
[     121ms] [VERBOSE] Rendering was performed in a subtree hidden by content-visibility. @ :3102
[     121ms] [VERBOSE] Rendering was performed in a subtree hidden by content-visibility. @ :3102
[     122ms] [VERBOSE] Rendering was performed in a subtree hidden by content-visibility. @ :3102
[     122ms] [VERBOSE] Rendering was performed in a subtree hidden by content-visibility. @ :3102
[     122ms] [VERBOSE] Rendering was performed in a subtree hidden by content-visibility. @ :3102
[     123ms] [VERBOSE] Rendering was performed in a subtree hidden by content-visibility. @ :3102
[     123ms] [VERBOSE] Rendering was performed in a subtree hidden by content-visibility. @ :3102
[     123ms] [VERBOSE] Rendering was performed in a subtree hidden by content-visibility. @ :3102
[     124ms] [VERBOSE] Rendering was performed in a subtree hidden by content-visibility. @ :3102
[     124ms] [VERBOSE] Rendering was performed in a subtree hidden by content-visibility. @ :3102
[     125ms] [VERBOSE] Rendering was performed in a subtree hidden by content-visibility. @ :3102
[     125ms] [VERBOSE] Rendering was performed in a subtree hidden by content-visibility. @ :3102
[     125ms] [VERBOSE] Rendering was performed in a subtree hidden by content-visibility. @ :3102
[     125ms] [VERBOSE] Rendering was performed in a subtree hidden by content-visibility. @ :3102
[     126ms] [VERBOSE] Rendering was performed in a subtree hidden by content-visibility. @ :3102
[     126ms] [VERBOSE] Rendering was performed in a subtree hidden by content-visibility. @ :3102
[     127ms] [VERBOSE] Rendering was performed in a subtree hidden by content-visibility. @ :3102
[     127ms] [VERBOSE] Rendering was performed in a subtree hidden by content-visibility. @ :3102
[     127ms] [VERBOSE] Rendering was performed in a subtree hidden by content-visibility. @ :3102
[     127ms] [VERBOSE] Rendering was performed in a subtree hidden by content-visibility. @ :3102
[     128ms] [VERBOSE] Rendering was performed in a subtree hidden by content-visibility. @ :3102
[     128ms] [VERBOSE] Rendering was performed in a subtree hidden by content-visibility. @ :3102
[     128ms] [VERBOSE] Rendering was performed in a subtree hidden by content-visibility. @ :3102
[     128ms] [VERBOSE] Rendering was performed in a subtree hidden by content-visibility. @ :3102
[     129ms] [VERBOSE] Rendering was performed in a subtree hidden by content-visibility. @ :3102
[     129ms] [VERBOSE] Rendering was performed in a subtree hidden by content-visibility. @ :3102
[    3465ms] [VERBOSE] Rendering was performed in a subtree hidden by content-visibility. @ :3102
[    3465ms] [VERBOSE] Rendering was performed in a subtree hidden by content-visibility. @ :3102
[    3466ms] [VERBOSE] Rendering was performed in a subtree hidden by content-visibility. @ :3102
[    3466ms] [VERBOSE] Rendering was performed in a subtree hidden by content-visibility. @ :3102
[    3466ms] [VERBOSE] Rendering was performed in a subtree hidden by content-visibility. @ :3102
[    3467ms] [VERBOSE] Rendering was performed in a subtree hidden by content-visibility. @ :3102
[    3467ms] [VERBOSE] Rendering was performed in a subtree hidden by content-visibility. @ :3102
[    3467ms] [VERBOSE] Rendering was performed in a subtree hidden by content-visibility. @ :3102
[    3468ms] [VERBOSE] Rendering was performed in a subtree hidden by content-visibility. @ :3102
[    3468ms] [VERBOSE] Rendering was performed in a subtree hidden by content-visibility. @ :3102
[    3468ms] [VERBOSE] Rendering was performed in a subtree hidden by content-visibility. @ :3102
[    3469ms] [VERBOSE] Rendering was performed in a subtree hidden by content-visibility. @ :3102
[    3469ms] [VERBOSE] Rendering was performed in a subtree hidden by content-visibility. @ :3102
[    3470ms] [VERBOSE] Rendering was performed in a subtree hidden by content-visibility. @ :3102
[    3470ms] [VERBOSE] Rendering was performed in a subtree hidden by content-visibility. @ :3102
[    3470ms] [VERBOSE] Rendering was performed in a subtree hidden by content-visibility. @ :3102
[    3471ms] [VERBOSE] Rendering was performed in a subtree hidden by content-visibility. @ :3102
[    3471ms] [VERBOSE] Rendering was performed in a subtree hidden by content-visibility. @ :3102
[    6858ms] [VERBOSE] Rendering was performed in a subtree hidden by content-visibility. @ :3102
[   27084ms] [VERBOSE] Rendering was performed in a subtree hidden by content-visibility. @ :3102
[   32503ms] [VERBOSE] Rendering was performed in a subtree hidden by content-visibility. @ :8
[   32503ms] [VERBOSE] Rendering was performed in a subtree hidden by content-visibility. @ :9
[   46180ms] [VERBOSE] Rendering was performed in a subtree hidden by content-visibility. @ :4
[   46180ms] [VERBOSE] Rendering was performed in a subtree hidden by content-visibility. @ :8
[   46180ms] [VERBOSE] Rendering was performed in a subtree hidden by content-visibility. @ :8
[   46180ms] [VERBOSE] Rendering was performed in a subtree hidden by content-visibility. @ :8
[   46180ms] [VERBOSE] Rendering was performed in a subtree hidden by content-visibility. @ :8
[   46180ms] [VERBOSE] Rendering was performed in a subtree hidden by content-visibility. @ :8
[   46180ms] [VERBOSE] Rendering was performed in a subtree hidden by content-visibility. @ :4
[   46180ms] [VERBOSE] Rendering was performed in a subtree hidden by content-visibility. @ :8
[   46180ms] [VERBOSE] Rendering was performed in a subtree hidden by content-visibility. @ :8
[   46180ms] [VERBOSE] Rendering was performed in a subtree hidden by content-visibility. @ :8
[   46180ms] [VERBOSE] Rendering was performed in a subtree hidden by content-visibility. @ :8
[   46180ms] [VERBOSE] Rendering was performed in a subtree hidden by content-visibility. @ :8
[   46180ms] [VERBOSE] Rendering was performed in a subtree hidden by content-visibility. @ :8
[   46180ms] [VERBOSE] Rendering was performed in a subtree hidden by content-visibility. @ :8
[   46181ms] [VERBOSE] Rendering was performed in a subtree hidden by content-visibility. @ :8
[   46181ms] [VERBOSE] Rendering was performed in a subtree hidden by content-visibility. @ :8
[   46181ms] [VERBOSE] Rendering was performed in a subtree hidden by content-visibility. @ :8
[   46181ms] [VERBOSE] Rendering was performed in a subtree hidden by content-visibility. @ :8
[   46181ms] [VERBOSE] Rendering was performed in a subtree hidden by content-visibility. @ :8
[   46181ms] [VERBOSE] Rendering was performed in a subtree hidden by content-visibility. @ :8
[   46181ms] [VERBOSE] Rendering was performed in a subtree hidden by content-visibility. @ :8
[   46181ms] [VERBOSE] Rendering was performed in a subtree hidden by content-visibility. @ :8
[   46181ms] [VERBOSE] Rendering was performed in a subtree hidden by content-visibility. @ :8
[   46181ms] [VERBOSE] Rendering was performed in a subtree hidden by content-visibility. @ :8
[   46181ms] [VERBOSE] Rendering was performed in a subtree hidden by content-visibility. @ :8
[   46181ms] [VERBOSE] Rendering was performed in a subtree hidden by content-visibility. @ :8
[   46181ms] [VERBOSE] Rendering was performed in a subtree hidden by content-visibility. @ :8
[   46181ms] [VERBOSE] Rendering was performed in a subtree hidden by content-visibility. @ :8
[   46181ms] [VERBOSE] Rendering was performed in a subtree hidden by content-visibility. @ :8
[   46181ms] [VERBOSE] Rendering was performed in a subtree hidden by content-visibility. @ :8
[   46181ms] [VERBOSE] Rendering was performed in a subtree hidden by content-visibility. @ :8
[   46181ms] [VERBOSE] Rendering was performed in a subtree hidden by content-visibility. @ :8
[   46181ms] [VERBOSE] Rendering was performed in a subtree hidden by content-visibility. @ :8
[   46181ms] [VERBOSE] Rendering was performed in a subtree hidden by content-visibility. @ :8
[   46181ms] [VERBOSE] Rendering was performed in a subtree hidden by content-visibility. @ :8
[   46181ms] [VERBOSE] Rendering was performed in a subtree hidden by content-visibility. @ :8
[   46181ms] [VERBOSE] Rendering was performed in a subtree hidden by content-visibility. @ :8
[   46181ms] [VERBOSE] Rendering was performed in a subtree hidden by content-visibility. @ :8
[   46181ms] [VERBOSE] Rendering was performed in a subtree hidden by content-visibility. @ :4
[   46181ms] [VERBOSE] Rendering was performed in a subtree hidden by content-visibility. @ :8
[   46181ms] [VERBOSE] Rendering was performed in a subtree hidden by content-visibility. @ :8
[   46181ms] [VERBOSE] Rendering was performed in a subtree hidden by content-visibility. @ :8
[   46181ms] [VERBOSE] Rendering was performed in a subtree hidden by content-visibility. @ :8
[   46181ms] [VERBOSE] Rendering was performed in a subtree hidden by content-visibility. @ :8
[   46181ms] [VERBOSE] Rendering was performed in a subtree hidden by content-visibility. @ :8
[   46181ms] [VERBOSE] Rendering was performed in a subtree hidden by content-visibility. @ :8
[   46181ms] [VERBOSE] Rendering was performed in a subtree hidden by content-visibility. @ :8
[   46181ms] [VERBOSE] Rendering was performed in a subtree hidden by content-visibility. @ :8
[   46181ms] [VERBOSE] Rendering was performed in a subtree hidden by content-visibility. @ :8
[   46181ms] [VERBOSE] Rendering was performed in a subtree hidden by content-visibility. @ :8
[   46181ms] [VERBOSE] Rendering was performed in a subtree hidden by content-visibility. @ :8
[   46181ms] [VERBOSE] Rendering was performed in a subtree hidden by content-visibility. @ :8
[   46181ms] [VERBOSE] Rendering was performed in a subtree hidden by content-visibility. @ :8
[   46181ms] [VERBOSE] Rendering was performed in a subtree hidden by content-visibility. @ :8
[   46182ms] [VERBOSE] Rendering was performed in a subtree hidden by content-visibility. @ :8
[   46182ms] [VERBOSE] Rendering was performed in a subtree hidden by content-visibility. @ :8
[   46182ms] [VERBOSE] Rendering was performed in a subtree hidden by content-visibility. @ :8
[   46182ms] [VERBOSE] Rendering was performed in a subtree hidden by content-visibility. @ :8
[   46182ms] [VERBOSE] Rendering was performed in a subtree hidden by content-visibility. @ :8
[   46182ms] [VERBOSE] Rendering was performed in a subtree hidden by content-visibility. @ :8
[   46182ms] [VERBOSE] Rendering was performed in a subtree hidden by content-visibility. @ :8
[   46182ms] [VERBOSE] Rendering was performed in a subtree hidden by content-visibility. @ :4
[   46182ms] [VERBOSE] Rendering was performed in a subtree hidden by content-visibility. @ :8
[   46182ms] [VERBOSE] Rendering was performed in a subtree hidden by content-visibility. @ :8
[   46182ms] [VERBOSE] Rendering was performed in a subtree hidden by content-visibility. @ :8
[   46182ms] [VERBOSE] Rendering was performed in a subtree hidden by content-visibility. @ :8
[   46182ms] [VERBOSE] Rendering was performed in a subtree hidden by content-visibility. @ :8
[   46182ms] [VERBOSE] Rendering was performed in a subtree hidden by content-visibility. @ :8
[   46182ms] [VERBOSE] Rendering was performed in a subtree hidden by content-visibility. @ :8
[   46182ms] [VERBOSE] Rendering was performed in a subtree hidden by content-visibility. @ :8
[   46182ms] [VERBOSE] Rendering was performed in a subtree hidden by content-visibility. @ :8
[   46182ms] [VERBOSE] Rendering was performed in a subtree hidden by content-visibility. @ :8
[   46182ms] [VERBOSE] Rendering was performed in a subtree hidden by content-visibility. @ :8
[   46182ms] [VERBOSE] Rendering was performed in a subtree hidden by content-visibility. @ :8
[   46182ms] [VERBOSE] Rendering was performed in a subtree hidden by content-visibility. @ :8
[   46182ms] [VERBOSE] Rendering was performed in a subtree hidden by content-visibility. @ :8
[   46182ms] [VERBOSE] Rendering was performed in a subtree hidden by content-visibility. @ :8
[   46182ms] [VERBOSE] Rendering was performed in a subtree hidden by content-visibility. @ :8
[   46182ms] [VERBOSE] Rendering was performed in a subtree hidden by content-visibility. @ :8
[   46182ms] [VERBOSE] Rendering was performed in a subtree hidden by content-visibility. @ :8
[   46182ms] [VERBOSE] Rendering was performed in a subtree hidden by content-visibility. @ :4
[   46182ms] [VERBOSE] Rendering was performed in a subtree hidden by content-visibility. @ :8
[   46182ms] [VERBOSE] Rendering was performed in a subtree hidden by content-visibility. @ :8
[   46182ms] [VERBOSE] Rendering was performed in a subtree hidden by content-visibility. @ :8
[   46182ms] [VERBOSE] Rendering was performed in a subtree hidden by content-visibility. @ :8
[   46182ms] [VERBOSE] Rendering was performed in a subtree hidden by content-visibility. @ :8
[   46182ms] [VERBOSE] Rendering was performed in a subtree hidden by content-visibility. @ :8
[   46182ms] [VERBOSE] Rendering was performed in a subtree hidden by content-visibility. @ :8
[   46182ms] [VERBOSE] Rendering was performed in a subtree hidden by content-visibility. @ :8
[   46182ms] [VERBOSE] Rendering was performed in a subtree hidden by content-visibility. @ :8
[   46182ms] [VERBOSE] Rendering was performed in a subtree hidden by content-visibility. @ :8
[   46182ms] [VERBOSE] Rendering was performed in a subtree hidden by content-visibility. @ :8
[   46183ms] [VERBOSE] Rendering was performed in a subtree hidden by content-visibility. @ :8
[   46183ms] [VERBOSE] Rendering was performed in a subtree hidden by content-visibility. @ :8
[   46183ms] [VERBOSE] Rendering was performed in a subtree hidden by content-visibility. @ :8
[   46183ms] [VERBOSE] Rendering was performed in a subtree hidden by content-visibility. @ :8
[   46183ms] [VERBOSE] Rendering was performed in a subtree hidden by content-visibility. @ :8
[   46183ms] [VERBOSE] Rendering was performed in a subtree hidden by content-visibility. @ :8
[   46183ms] [VERBOSE] Rendering was performed in a subtree hidden by content-visibility. @ :8
[   46183ms] [VERBOSE] Rendering was performed in a subtree hidden by content-visibility. @ :8
[   46183ms] [VERBOSE] Rendering was performed in a subtree hidden by content-visibility. @ :8
[   46183ms] [VERBOSE] Rendering was performed in a subtree hidden by content-visibility. @ :8
[   46183ms] [VERBOSE] Rendering was performed in a subtree hidden by content-visibility. @ :8
[   46183ms] [VERBOSE] Rendering was performed in a subtree hidden by content-visibility. @ :8
[   46183ms] [VERBOSE] Rendering was performed in a subtree hidden by content-visibility. @ :8
[   46183ms] [VERBOSE] Rendering was performed in a subtree hidden by content-visibility. @ :8
[   46183ms] [VERBOSE] Rendering was performed in a subtree hidden by content-visibility. @ :8
[   46183ms] [VERBOSE] Rendering was performed in a subtree hidden by content-visibility. @ :8
[   46183ms] [VERBOSE] Rendering was performed in a subtree hidden by content-visibility. @ :4
[   46183ms] [VERBOSE] Rendering was performed in a subtree hidden by content-visibility. @ :8
[   46183ms] [VERBOSE] Rendering was performed in a subtree hidden by content-visibility. @ :8
[   46183ms] [VERBOSE] Rendering was performed in a subtree hidden by content-visibility. @ :8
[   46183ms] [VERBOSE] Rendering was performed in a subtree hidden by content-visibility. @ :8
[   46183ms] [VERBOSE] Rendering was performed in a subtree hidden by content-visibility. @ :8
[   46183ms] [VERBOSE] Rendering was performed in a subtree hidden by content-visibility. @ :8
[   46183ms] [VERBOSE] Rendering was performed in a subtree hidden by content-visibility. @ :8
[   46183ms] [VERBOSE] Rendering was performed in a subtree hidden by content-visibility. @ :8
[   46183ms] [VERBOSE] Rendering was performed in a subtree hidden by content-visibility. @ :8
[   46183ms] [VERBOSE] Rendering was performed in a subtree hidden by content-visibility. @ :8
[   46183ms] [VERBOSE] Rendering was performed in a subtree hidden by content-visibility. @ :8
[   46183ms] [VERBOSE] Rendering was performed in a subtree hidden by content-visibility. @ :8
[   46183ms] [VERBOSE] Rendering was performed in a subtree hidden by content-visibility. @ :8
[   46183ms] [VERBOSE] Rendering was performed in a subtree hidden by content-visibility. @ :8
[   46183ms] [VERBOSE] Rendering was performed in a subtree hidden by content-visibility. @ :8
[   46183ms] [VERBOSE] Rendering was performed in a subtree hidden by content-visibility. @ :8
[   46183ms] [VERBOSE] Rendering was performed in a subtree hidden by content-visibility. @ :8
[   46183ms] [VERBOSE] Rendering was performed in a subtree hidden by content-visibility. @ :8
[   46183ms] [VERBOSE] Rendering was performed in a subtree hidden by content-visibility. @ :8
[   46183ms] [VERBOSE] Rendering was performed in a subtree hidden by content-visibility. @ :8
[   46183ms] [VERBOSE] Rendering was performed in a subtree hidden by content-visibility. @ :8
[   46183ms] [VERBOSE] Rendering was performed in a subtree hidden by content-visibility. @ :8
[   46183ms] [VERBOSE] Rendering was performed in a subtree hidden by content-visibility. @ :8
[   46183ms] [VERBOSE] Rendering was performed in a subtree hidden by content-visibility. @ :4
[   46183ms] [VERBOSE] Rendering was performed in a subtree hidden by content-visibility. @ :8
[   46183ms] [VERBOSE] Rendering was performed in a subtree hidden by content-visibility. @ :8
[   46183ms] [VERBOSE] Rendering was performed in a subtree hidden by content-visibility. @ :8
[   46183ms] [VERBOSE] Rendering was performed in a subtree hidden by content-visibility. @ :8
[   46183ms] [VERBOSE] Rendering was performed in a subtree hidden by content-visibility. @ :8
[   46184ms] [VERBOSE] Rendering was performed in a subtree hidden by content-visibility. @ :8
[   46184ms] [VERBOSE] Rendering was performed in a subtree hidden by content-visibility. @ :8
[   46184ms] [VERBOSE] Rendering was performed in a subtree hidden by content-visibility. @ :8
[   46184ms] [VERBOSE] Rendering was performed in a subtree hidden by content-visibility. @ :8
[   46184ms] [VERBOSE] Rendering was performed in a subtree hidden by content-visibility. @ :8
[   46184ms] [VERBOSE] Rendering was performed in a subtree hidden by content-visibility. @ :8
[   46184ms] [VERBOSE] Rendering was performed in a subtree hidden by content-visibility. @ :8
[   46184ms] [VERBOSE] Rendering was performed in a subtree hidden by content-visibility. @ :8
[   46184ms] [VERBOSE] Rendering was performed in a subtree hidden by content-visibility. @ :8
[   46184ms] [VERBOSE] Rendering was performed in a subtree hidden by content-visibility. @ :8
[   46184ms] [VERBOSE] Rendering was performed in a subtree hidden by content-visibility. @ :8
[   46184ms] [VERBOSE] Rendering was performed in a subtree hidden by content-visibility. @ :8
[   46184ms] [VERBOSE] Rendering was performed in a subtree hidden by content-visibility. @ :4
[   46184ms] [VERBOSE] Rendering was performed in a subtree hidden by content-visibility. @ :8
[   46184ms] [VERBOSE] Rendering was performed in a subtree hidden by content-visibility. @ :8
[   46184ms] [VERBOSE] Rendering was performed in a subtree hidden by content-visibility. @ :8
[   46184ms] [VERBOSE] Rendering was performed in a subtree hidden by content-visibility. @ :8
[   46184ms] [VERBOSE] Rendering was performed in a subtree hidden by content-visibility. @ :8
[   46184ms] [VERBOSE] Rendering was performed in a subtree hidden by content-visibility. @ :8
[   46184ms] [VERBOSE] Rendering was performed in a subtree hidden by content-visibility. @ :8
[   46184ms] [VERBOSE] Rendering was performed in a subtree hidden by content-visibility. @ :8
[   46184ms] [VERBOSE] Rendering was performed in a subtree hidden by content-visibility. @ :8
[   46184ms] [VERBOSE] Rendering was performed in a subtree hidden by content-visibility. @ :8
[   46184ms] [VERBOSE] Rendering was performed in a subtree hidden by content-visibility. @ :8
[   46184ms] [VERBOSE] Rendering was performed in a subtree hidden by content-visibility. @ :8
[   46184ms] [VERBOSE] Rendering was performed in a subtree hidden by content-visibility. @ :8
[   46184ms] [VERBOSE] Rendering was performed in a subtree hidden by content-visibility. @ :8
[   46184ms] [VERBOSE] Rendering was performed in a subtree hidden by content-visibility. @ :8
[   46184ms] [VERBOSE] Rendering was performed in a subtree hidden by content-visibility. @ :8
[   46184ms] [VERBOSE] Rendering was performed in a subtree hidden by content-visibility. @ :8
[   46184ms] [VERBOSE] Rendering was performed in a subtree hidden by content-visibility. @ :4
[   46184ms] [VERBOSE] Rendering was performed in a subtree hidden by content-visibility. @ :8
[   46184ms] [VERBOSE] Rendering was performed in a subtree hidden by content-visibility. @ :8
[   46184ms] [VERBOSE] Rendering was performed in a subtree hidden by content-visibility. @ :8
[   46184ms] [VERBOSE] Rendering was performed in a subtree hidden by content-visibility. @ :8
[   46184ms] [VERBOSE] Rendering was performed in a subtree hidden by content-visibility. @ :8
[   46184ms] [VERBOSE] Rendering was performed in a subtree hidden by content-visibility. @ :8
[   46184ms] [VERBOSE] Rendering was performed in a subtree hidden by content-visibility. @ :8
[   46184ms] [VERBOSE] Rendering was performed in a subtree hidden by content-visibility. @ :8
[   46184ms] [VERBOSE] Rendering was performed in a subtree hidden by content-visibility. @ :8
[   46184ms] [VERBOSE] Rendering was performed in a subtree hidden by content-visibility. @ :8
[   46184ms] [VERBOSE] Rendering was performed in a subtree hidden by content-visibility. @ :8
[   46184ms] [VERBOSE] Rendering was performed in a subtree hidden by content-visibility. @ :8
[   46184ms] [VERBOSE] Rendering was performed in a subtree hidden by content-visibility. @ :8
[   46184ms] [VERBOSE] Rendering was performed in a subtree hidden by content-visibility. @ :8
[   46184ms] [VERBOSE] Rendering was performed in a subtree hidden by content-visibility. @ :8
[   46184ms] [VERBOSE] Rendering was performed in a subtree hidden by content-visibility. @ :8
[   46184ms] [VERBOSE] Rendering was performed in a subtree hidden by content-visibility. @ :8
[   46184ms] [VERBOSE] Rendering was performed in a subtree hidden by content-visibility. @ :8
[   46185ms] [VERBOSE] Rendering was performed in a subtree hidden by content-visibility. @ :8
[   46185ms] [VERBOSE] Rendering was performed in a subtree hidden by content-visibility. @ :4
[   46185ms] [VERBOSE] Rendering was performed in a subtree hidden by content-visibility. @ :8
[   46185ms] [VERBOSE] Rendering was performed in a subtree hidden by content-visibility. @ :8
[   46185ms] [VERBOSE] Rendering was performed in a subtree hidden by content-visibility. @ :8
[   46185ms] [VERBOSE] Rendering was performed in a subtree hidden by content-visibility. @ :8
[   46185ms] [VERBOSE] Rendering was performed in a subtree hidden by content-visibility. @ :8
[   46185ms] [VERBOSE] Rendering was performed in a subtree hidden by content-visibility. @ :8
[   46185ms] [VERBOSE] Rendering was performed in a subtree hidden by content-visibility. @ :8
[   46185ms] [VERBOSE] Rendering was performed in a subtree hidden by content-visibility. @ :8
[   46185ms] [VERBOSE] Rendering was performed in a subtree hidden by content-visibility. @ :8
[   46185ms] [VERBOSE] Rendering was performed in a subtree hidden by content-visibility. @ :8
[   46185ms] [VERBOSE] Rendering was performed in a subtree hidden by content-visibility. @ :8
[   46185ms] [VERBOSE] Rendering was performed in a subtree hidden by content-visibility. @ :8
[   46185ms] [VERBOSE] Rendering was performed in a subtree hidden by content-visibility. @ :8
[   46185ms] [VERBOSE] Rendering was performed in a subtree hidden by content-visibility. @ :8
[   46185ms] [VERBOSE] Rendering was performed in a subtree hidden by content-visibility. @ :8
[   46185ms] [VERBOSE] Rendering was performed in a subtree hidden by content-visibility. @ :8
[   46185ms] [VERBOSE] Rendering was performed in a subtree hidden by content-visibility. @ :8
[   46185ms] [VERBOSE] Rendering was performed in a subtree hidden by content-visibility. @ :8
[   46185ms] [VERBOSE] Rendering was performed in a subtree hidden by content-visibility. @ :8
[   46185ms] [VERBOSE] Rendering was performed in a subtree hidden by content-visibility. @ :8
[   46185ms] [VERBOSE] Rendering was performed in a subtree hidden by content-visibility. @ :8
[   46185ms] [VERBOSE] Rendering was performed in a subtree hidden by content-visibility. @ :4
[   46185ms] [VERBOSE] Rendering was performed in a subtree hidden by content-visibility. @ :8
[   46185ms] [VERBOSE] Rendering was performed in a subtree hidden by content-visibility. @ :8
[   46185ms] [VERBOSE] Rendering was performed in a subtree hidden by content-visibility. @ :8
[   46185ms] [VERBOSE] Rendering was performed in a subtree hidden by content-visibility. @ :8
[   46185ms] [VERBOSE] Rendering was performed in a subtree hidden by content-visibility. @ :8
[   46185ms] [VERBOSE] Rendering was performed in a subtree hidden by content-visibility. @ :8
[   46185ms] [VERBOSE] Rendering was performed in a subtree hidden by content-visibility. @ :8
[   46185ms] [VERBOSE] Rendering was performed in a subtree hidden by content-visibility. @ :8
[   46185ms] [VERBOSE] Rendering was performed in a subtree hidden by content-visibility. @ :8
[   46185ms] [VERBOSE] Rendering was performed in a subtree hidden by content-visibility. @ :8
[   46185ms] [VERBOSE] Rendering was performed in a subtree hidden by content-visibility. @ :8
[   46185ms] [VERBOSE] Rendering was performed in a subtree hidden by content-visibility. @ :8
[   46185ms] [VERBOSE] Rendering was performed in a subtree hidden by content-visibility. @ :8
[   46185ms] [VERBOSE] Rendering was performed in a subtree hidden by content-visibility. @ :8
[   46185ms] [VERBOSE] Rendering was performed in a subtree hidden by content-visibility. @ :8
[   46185ms] [VERBOSE] Rendering was performed in a subtree hidden by content-visibility. @ :8
[   46185ms] [VERBOSE] Rendering was performed in a subtree hidden by content-visibility. @ :4
[   46185ms] [VERBOSE] Rendering was performed in a subtree hidden by content-visibility. @ :8
[   46185ms] [VERBOSE] Rendering was performed in a subtree hidden by content-visibility. @ :8
[   46185ms] [VERBOSE] Rendering was performed in a subtree hidden by content-visibility. @ :8
[   46185ms] [VERBOSE] Rendering was performed in a subtree hidden by content-visibility. @ :8
[   46185ms] [VERBOSE] Rendering was performed in a subtree hidden by content-visibility. @ :8
[   46185ms] [VERBOSE] Rendering was performed in a subtree hidden by content-visibility. @ :8
[   46186ms] [VERBOSE] Rendering was performed in a subtree hidden by content-visibility. @ :8
[   46186ms] [VERBOSE] Rendering was performed in a subtree hidden by content-visibility. @ :8
[   46186ms] [VERBOSE] Rendering was performed in a subtree hidden by content-visibility. @ :8
[   46186ms] [VERBOSE] Rendering was performed in a subtree hidden by content-visibility. @ :8
[   46186ms] [VERBOSE] Rendering was performed in a subtree hidden by content-visibility. @ :8
[   46186ms] [VERBOSE] Rendering was performed in a subtree hidden by content-visibility. @ :8
[   46186ms] [VERBOSE] Rendering was performed in a subtree hidden by content-visibility. @ :8
[   46186ms] [VERBOSE] Rendering was performed in a subtree hidden by content-visibility. @ :8
[   46186ms] [VERBOSE] Rendering was performed in a subtree hidden by content-visibility. @ :8
[   46186ms] [VERBOSE] Rendering was performed in a subtree hidden by content-visibility. @ :8
[   46186ms] [VERBOSE] Rendering was performed in a subtree hidden by content-visibility. @ :8
[   46186ms] [VERBOSE] Rendering was performed in a subtree hidden by content-visibility. @ :8
[   46186ms] [VERBOSE] Rendering was performed in a subtree hidden by content-visibility. @ :8
[   46186ms] [VERBOSE] Rendering was performed in a subtree hidden by content-visibility. @ :8
[   46186ms] [VERBOSE] Rendering was performed in a subtree hidden by content-visibility. @ :8
[   46186ms] [VERBOSE] Rendering was performed in a subtree hidden by content-visibility. @ :8
[   46186ms] [VERBOSE] Rendering was performed in a subtree hidden by content-visibility. @ :8
[   46186ms] [VERBOSE] Rendering was performed in a subtree hidden by content-visibility. @ :8
[   46186ms] [VERBOSE] Rendering was performed in a subtree hidden by content-visibility. @ :8
[   46186ms] [VERBOSE] Rendering was performed in a subtree hidden by content-visibility. @ :8
[   46186ms] [VERBOSE] Rendering was performed in a subtree hidden by content-visibility. @ :8
[   46186ms] [VERBOSE] Rendering was performed in a subtree hidden by content-visibility. @ :8
[   46186ms] [VERBOSE] Rendering was performed in a subtree hidden by content-visibility. @ :8
[   46186ms] [VERBOSE] Rendering was performed in a subtree hidden by content-visibility. @ :8
[   46186ms] [VERBOSE] Rendering was performed in a subtree hidden by content-visibility. @ :8
[   46186ms] [VERBOSE] Rendering was performed in a subtree hidden by content-visibility. @ :8
[   46186ms] [VERBOSE] Rendering was performed in a subtree hidden by content-visibility. @ :4
[   46186ms] [VERBOSE] Rendering was performed in a subtree hidden by content-visibility. @ :8
[   46186ms] [VERBOSE] Rendering was performed in a subtree hidden by content-visibility. @ :8
[   46186ms] [VERBOSE] Rendering was performed in a subtree hidden by content-visibility. @ :8
[   46186ms] [VERBOSE] Rendering was performed in a subtree hidden by content-visibility. @ :8
[   46186ms] [VERBOSE] Rendering was performed in a subtree hidden by content-visibility. @ :8
[   46186ms] [VERBOSE] Rendering was performed in a subtree hidden by content-visibility. @ :8
[   46186ms] [VERBOSE] Rendering was performed in a subtree hidden by content-visibility. @ :8
[   46186ms] [VERBOSE] Rendering was performed in a subtree hidden by content-visibility. @ :8
[   46186ms] [VERBOSE] Rendering was performed in a subtree hidden by content-visibility. @ :8
[   46186ms] [VERBOSE] Rendering was performed in a subtree hidden by content-visibility. @ :8
[   46186ms] [VERBOSE] Rendering was performed in a subtree hidden by content-visibility. @ :8
[   46186ms] [VERBOSE] Rendering was performed in a subtree hidden by content-visibility. @ :8
[   46186ms] [VERBOSE] Rendering was performed in a subtree hidden by content-visibility. @ :8
[   46186ms] [VERBOSE] Rendering was performed in a subtree hidden by content-visibility. @ :8
[   46186ms] [VERBOSE] Rendering was performed in a subtree hidden by content-visibility. @ :8
[   46186ms] [VERBOSE] Rendering was performed in a subtree hidden by content-visibility. @ :8
[   46186ms] [VERBOSE] Rendering was performed in a subtree hidden by content-visibility. @ :8
[   46186ms] [VERBOSE] Rendering was performed in a subtree hidden by content-visibility. @ :8
[   46186ms] [VERBOSE] Rendering was performed in a subtree hidden by content-visibility. @ :8
[   46186ms] [VERBOSE] Rendering was performed in a subtree hidden by content-visibility. @ :8
[   46186ms] [VERBOSE] Rendering was performed in a subtree hidden by content-visibility. @ :8
[   46186ms] [VERBOSE] Rendering was performed in a subtree hidden by content-visibility. @ :8
[   46187ms] [VERBOSE] Rendering was performed in a subtree hidden by content-visibility. @ :8
[   46187ms] [VERBOSE] Rendering was performed in a subtree hidden by content-visibility. @ :8
[   46187ms] [VERBOSE] Rendering was performed in a subtree hidden by content-visibility. @ :8
[   46187ms] [VERBOSE] Rendering was performed in a subtree hidden by content-visibility. @ :8
[   46187ms] [VERBOSE] Rendering was performed in a subtree hidden by content-visibility. @ :8
[   46187ms] [VERBOSE] Rendering was performed in a subtree hidden by content-visibility. @ :8
[   46187ms] [VERBOSE] Rendering was performed in a subtree hidden by content-visibility. @ :8
[   46187ms] [VERBOSE] Rendering was performed in a subtree hidden by content-visibility. @ :8
[   46187ms] [VERBOSE] Rendering was performed in a subtree hidden by content-visibility. @ :8
[   46187ms] [VERBOSE] Rendering was performed in a subtree hidden by content-visibility. @ :8
[   46187ms] [VERBOSE] Rendering was performed in a subtree hidden by content-visibility. @ :8
[   46187ms] [VERBOSE] Rendering was performed in a subtree hidden by content-visibility. @ :8
[   46187ms] [VERBOSE] Rendering was performed in a subtree hidden by content-visibility. @ :8
[   46187ms] [VERBOSE] Rendering was performed in a subtree hidden by content-visibility. @ :8
[   46187ms] [VERBOSE] Rendering was performed in a subtree hidden by content-visibility. @ :4
[   46187ms] [VERBOSE] Rendering was performed in a subtree hidden by content-visibility. @ :8
[   46187ms] [VERBOSE] Rendering was performed in a subtree hidden by content-visibility. @ :8
[   46187ms] [VERBOSE] Rendering was performed in a subtree hidden by content-visibility. @ :8
[   46187ms] [VERBOSE] Rendering was performed in a subtree hidden by content-visibility. @ :8
[   46187ms] [VERBOSE] Rendering was performed in a subtree hidden by content-visibility. @ :8
[   46187ms] [VERBOSE] Rendering was performed in a subtree hidden by content-visibility. @ :8
[   46187ms] [VERBOSE] Rendering was performed in a subtree hidden by content-visibility. @ :8
[   46187ms] [VERBOSE] Rendering was performed in a subtree hidden by content-visibility. @ :8
[   46187ms] [VERBOSE] Rendering was performed in a subtree hidden by content-visibility. @ :8
[   46187ms] [VERBOSE] Rendering was performed in a subtree hidden by content-visibility. @ :8
[   46187ms] [VERBOSE] Rendering was performed in a subtree hidden by content-visibility. @ :8
[   46187ms] [VERBOSE] Rendering was performed in a subtree hidden by content-visibility. @ :8
[   46187ms] [VERBOSE] Rendering was performed in a subtree hidden by content-visibility. @ :8
[   46187ms] [VERBOSE] Rendering was performed in a subtree hidden by content-visibility. @ :8
[   46187ms] [VERBOSE] Rendering was performed in a subtree hidden by content-visibility. @ :8
[   46187ms] [VERBOSE] Rendering was performed in a subtree hidden by content-visibility. @ :8
[   46187ms] [VERBOSE] Rendering was performed in a subtree hidden by content-visibility. @ :8
[   46187ms] [VERBOSE] Rendering was performed in a subtree hidden by content-visibility. @ :8
[   46187ms] [VERBOSE] Rendering was performed in a subtree hidden by content-visibility. @ :8
[   46187ms] [VERBOSE] Rendering was performed in a subtree hidden by content-visibility. @ :8
[   46187ms] [VERBOSE] Rendering was performed in a subtree hidden by content-visibility. @ :8
[   46187ms] [VERBOSE] Rendering was performed in a subtree hidden by content-visibility. @ :4
[   46187ms] [VERBOSE] Rendering was performed in a subtree hidden by content-visibility. @ :8
[   46187ms] [VERBOSE] Rendering was performed in a subtree hidden by content-visibility. @ :8
[   46187ms] [VERBOSE] Rendering was performed in a subtree hidden by content-visibility. @ :8
[   46187ms] [VERBOSE] Rendering was performed in a subtree hidden by content-visibility. @ :8
[   46187ms] [VERBOSE] Rendering was performed in a subtree hidden by content-visibility. @ :8
[   46187ms] [VERBOSE] Rendering was performed in a subtree hidden by content-visibility. @ :8
[   46187ms] [VERBOSE] Rendering was performed in a subtree hidden by content-visibility. @ :8
[   46187ms] [VERBOSE] Rendering was performed in a subtree hidden by content-visibility. @ :8
[   46187ms] [VERBOSE] Rendering was performed in a subtree hidden by content-visibility. @ :8
[   46187ms] [VERBOSE] Rendering was performed in a subtree hidden by content-visibility. @ :8
[   46187ms] [VERBOSE] Rendering was performed in a subtree hidden by content-visibility. @ :8
[   46187ms] [VERBOSE] Rendering was performed in a subtree hidden by content-visibility. @ :8
[   46187ms] [VERBOSE] Rendering was performed in a subtree hidden by content-visibility. @ :8
[   46187ms] [VERBOSE] Rendering was performed in a subtree hidden by content-visibility. @ :8
[   46188ms] [VERBOSE] Rendering was performed in a subtree hidden by content-visibility. @ :8
[   46188ms] [VERBOSE] Rendering was performed in a subtree hidden by content-visibility. @ :8
[   46188ms] [VERBOSE] Rendering was performed in a subtree hidden by content-visibility. @ :8
[   46188ms] [VERBOSE] Rendering was performed in a subtree hidden by content-visibility. @ :8
[   46188ms] [VERBOSE] Rendering was performed in a subtree hidden by content-visibility. @ :8
[   46188ms] [VERBOSE] Rendering was performed in a subtree hidden by content-visibility. @ :8
[   46188ms] [VERBOSE] Rendering was performed in a subtree hidden by content-visibility. @ :8
[   46188ms] [VERBOSE] Rendering was performed in a subtree hidden by content-visibility. @ :4
[   46188ms] [VERBOSE] Rendering was performed in a subtree hidden by content-visibility. @ :8
[   46188ms] [VERBOSE] Rendering was performed in a subtree hidden by content-visibility. @ :8
[   46188ms] [VERBOSE] Rendering was performed in a subtree hidden by content-visibility. @ :8
[   46188ms] [VERBOSE] Rendering was performed in a subtree hidden by content-visibility. @ :8
[   46188ms] [VERBOSE] Rendering was performed in a subtree hidden by content-visibility. @ :8
[   46188ms] [VERBOSE] Rendering was performed in a subtree hidden by content-visibility. @ :8
[   46188ms] [VERBOSE] Rendering was performed in a subtree hidden by content-visibility. @ :8
[   46188ms] [VERBOSE] Rendering was performed in a subtree hidden by content-visibility. @ :8
[   46188ms] [VERBOSE] Rendering was performed in a subtree hidden by content-visibility. @ :8
[   46188ms] [VERBOSE] Rendering was performed in a subtree hidden by content-visibility. @ :8
[   46188ms] [VERBOSE] Rendering was performed in a subtree hidden by content-visibility. @ :8
[   46188ms] [VERBOSE] Rendering was performed in a subtree hidden by content-visibility. @ :8
[   46188ms] [VERBOSE] Rendering was performed in a subtree hidden by content-visibility. @ :8
[   46188ms] [VERBOSE] Rendering was performed in a subtree hidden by content-visibility. @ :4
[   46188ms] [VERBOSE] Rendering was performed in a subtree hidden by content-visibility. @ :8
[   46188ms] [VERBOSE] Rendering was performed in a subtree hidden by content-visibility. @ :8
[   46188ms] [VERBOSE] Rendering was performed in a subtree hidden by content-visibility. @ :8
[   46188ms] [VERBOSE] Rendering was performed in a subtree hidden by content-visibility. @ :8
[   46188ms] [VERBOSE] Rendering was performed in a subtree hidden by content-visibility. @ :8
[   46188ms] [VERBOSE] Rendering was performed in a subtree hidden by content-visibility. @ :8
[   46188ms] [VERBOSE] Rendering was performed in a subtree hidden by content-visibility. @ :8
[   46188ms] [VERBOSE] Rendering was performed in a subtree hidden by content-visibility. @ :8
[   46188ms] [VERBOSE] Rendering was performed in a subtree hidden by content-visibility. @ :8
[   46188ms] [VERBOSE] Rendering was performed in a subtree hidden by content-visibility. @ :8
[   46188ms] [VERBOSE] Rendering was performed in a subtree hidden by content-visibility. @ :8
[   46188ms] [VERBOSE] Rendering was performed in a subtree hidden by content-visibility. @ :8
[   46188ms] [VERBOSE] Rendering was performed in a subtree hidden by content-visibility. @ :8
[   46188ms] [VERBOSE] Rendering was performed in a subtree hidden by content-visibility. @ :8
[   46188ms] [VERBOSE] Rendering was performed in a subtree hidden by content-visibility. @ :8
[   46188ms] [VERBOSE] Rendering was performed in a subtree hidden by content-visibility. @ :8
[   46188ms] [VERBOSE] Rendering was performed in a subtree hidden by content-visibility. @ :8
[   46188ms] [VERBOSE] Rendering was performed in a subtree hidden by content-visibility. @ :4
[   46188ms] [VERBOSE] Rendering was performed in a subtree hidden by content-visibility. @ :8
[   46188ms] [VERBOSE] Rendering was performed in a subtree hidden by content-visibility. @ :8
[   46188ms] [VERBOSE] Rendering was performed in a subtree hidden by content-visibility. @ :8
[   46188ms] [VERBOSE] Rendering was performed in a subtree hidden by content-visibility. @ :8
[   46188ms] [VERBOSE] Rendering was performed in a subtree hidden by content-visibility. @ :8
[   46188ms] [VERBOSE] Rendering was performed in a subtree hidden by content-visibility. @ :8
[   46188ms] [VERBOSE] Rendering was performed in a subtree hidden by content-visibility. @ :8
[   46188ms] [VERBOSE] Rendering was performed in a subtree hidden by content-visibility. @ :8
[   46188ms] [VERBOSE] Rendering was performed in a subtree hidden by content-visibility. @ :8
[   46188ms] [VERBOSE] Rendering was performed in a subtree hidden by content-visibility. @ :8
